Archive member included to satisfy reference by file (symbol)

/home/vagrant/RIOT/examples/Button/bin/nucleo-l496zg/core.a(sched.o)
                              /home/vagrant/RIOT/examples/Button/bin/nucleo-l496zg/newlib_syscalls_default/syscalls.o (sched_active_pid)
/home/vagrant/RIOT/examples/Button/bin/nucleo-l496zg/cortexm_common.a(thread_arch.o)
                              /home/vagrant/RIOT/examples/Button/bin/nucleo-l496zg/core.a(sched.o) (cpu_switch_context_exit)
/home/vagrant/RIOT/examples/Button/bin/nucleo-l496zg/cortexm_common.a(vectors_cortexm.o)
                              /home/vagrant/RIOT/examples/Button/bin/nucleo-l496zg/cpu/vectors.o (dummy_handler_default)
/home/vagrant/RIOT/examples/Button/bin/nucleo-l496zg/cortexm_common.a(irq_arch.o)
                              /home/vagrant/RIOT/examples/Button/bin/nucleo-l496zg/newlib_syscalls_default/syscalls.o (irq_disable)
/home/vagrant/RIOT/examples/Button/bin/nucleo-l496zg/div.a(div.o)
                              /home/vagrant/RIOT/examples/Button/bin/nucleo-l496zg/newlib_syscalls_default/syscalls.o (_div_mulhi64)
/home/vagrant/RIOT/examples/Button/bin/nucleo-l496zg/stdio_uart.a(stdio_uart.o)
                              /home/vagrant/RIOT/examples/Button/bin/nucleo-l496zg/newlib_syscalls_default/syscalls.o (stdio_init)
/home/vagrant/RIOT/examples/Button/bin/nucleo-l496zg/stm32_common_periph.a(uart.o)
                              /home/vagrant/RIOT/examples/Button/bin/nucleo-l496zg/stdio_uart.a(stdio_uart.o) (uart_write)
/home/vagrant/RIOT/examples/Button/bin/nucleo-l496zg/stm32_common_periph.a(gpio.o)
                              /home/vagrant/RIOT/examples/Button/bin/nucleo-l496zg/stm32_common_periph.a(uart.o) (gpio_init)
/home/vagrant/RIOT/examples/Button/bin/nucleo-l496zg/xtimer.a(xtimer_core.o)
                              /home/vagrant/RIOT/examples/Button/bin/nucleo-l496zg/newlib_syscalls_default/syscalls.o (_xtimer_now64)
/home/vagrant/RIOT/examples/Button/bin/nucleo-l496zg/periph_common.a(pm.o)
                              /home/vagrant/RIOT/examples/Button/bin/nucleo-l496zg/newlib_syscalls_default/syscalls.o (pm_off)
/home/vagrant/RIOT/examples/Button/bin/nucleo-l496zg/boards_common_nucleo.a(board.o)
                              /home/vagrant/RIOT/examples/Button/bin/nucleo-l496zg/cortexm_common.a(vectors_cortexm.o) (board_init)
/home/vagrant/RIOT/examples/Button/bin/nucleo-l496zg/core.a(panic.o)
                              /home/vagrant/RIOT/examples/Button/bin/nucleo-l496zg/cortexm_common.a(vectors_cortexm.o) (core_panic)
/home/vagrant/RIOT/examples/Button/bin/nucleo-l496zg/core.a(kernel_init.o)
                              /home/vagrant/RIOT/examples/Button/bin/nucleo-l496zg/cortexm_common.a(vectors_cortexm.o) (kernel_init)
/home/vagrant/RIOT/examples/Button/bin/nucleo-l496zg/core.a(thread.o)
                              /home/vagrant/RIOT/examples/Button/bin/nucleo-l496zg/core.a(kernel_init.o) (thread_create)
/home/vagrant/RIOT/examples/Button/bin/nucleo-l496zg/cortexm_common_periph.a(pm.o)
                              /home/vagrant/RIOT/examples/Button/bin/nucleo-l496zg/core.a(kernel_init.o) (pm_set_lowest)
/home/vagrant/RIOT/examples/Button/bin/nucleo-l496zg/isrpipe.a(isrpipe.o)
                              /home/vagrant/RIOT/examples/Button/bin/nucleo-l496zg/stdio_uart.a(stdio_uart.o) (isrpipe_write_one)
/home/vagrant/RIOT/examples/Button/bin/nucleo-l496zg/ps.a(ps.o)
                              /home/vagrant/RIOT/examples/Button/bin/nucleo-l496zg/core.a(panic.o) (ps)
/home/vagrant/RIOT/examples/Button/bin/nucleo-l496zg/stm32_common.a(cpu_init.o)
                              /home/vagrant/RIOT/examples/Button/bin/nucleo-l496zg/boards_common_nucleo.a(board.o) (cpu_init)
/home/vagrant/RIOT/examples/Button/bin/nucleo-l496zg/stm32_common.a(cpu_common.o)
                              /home/vagrant/RIOT/examples/Button/bin/nucleo-l496zg/stm32_common_periph.a(uart.o) (periph_apb_clk)
/home/vagrant/RIOT/examples/Button/bin/nucleo-l496zg/stm32_common_periph.a(timer.o)
                              /home/vagrant/RIOT/examples/Button/bin/nucleo-l496zg/xtimer.a(xtimer_core.o) (timer_set_absolute)
/home/vagrant/RIOT/examples/Button/bin/nucleo-l496zg/tsrb.a(tsrb.o)
                              /home/vagrant/RIOT/examples/Button/bin/nucleo-l496zg/isrpipe.a(isrpipe.o) (tsrb_get)
/home/vagrant/RIOT/examples/Button/bin/nucleo-l496zg/periph_common.a(init.o)
                              /home/vagrant/RIOT/examples/Button/bin/nucleo-l496zg/stm32_common.a(cpu_init.o) (periph_init)
/home/vagrant/RIOT/examples/Button/bin/nucleo-l496zg/application_user_button.a(main.o)
                              /home/vagrant/RIOT/examples/Button/bin/nucleo-l496zg/core.a(kernel_init.o) (main)
/home/vagrant/RIOT/examples/Button/bin/nucleo-l496zg/auto_init.a(auto_init.o)
                              /home/vagrant/RIOT/examples/Button/bin/nucleo-l496zg/core.a(kernel_init.o) (auto_init)
[...]
Memory Configuration

Name             Origin             Length             Attributes
ccmram           0x0000000010000000 0x0000000000000000
rom              0x0000000008000000 0x0000000000100000 xr
ram              0x0000000020000000 0x0000000000050000 w !xr
*default*        0x0000000000000000 0xffffffffffffffff

Linker script and memory map

LOAD /home/vagrant/RIOT/examples/Button/bin/nucleo-l496zg/cpu/vectors.o
LOAD /home/vagrant/RIOT/examples/Button/bin/nucleo-l496zg/newlib_syscalls_default/syscalls.o
START GROUP
LOAD /home/vagrant/RIOT/examples/Button/bin/nucleo-l496zg/application_user_button.a
LOAD /home/vagrant/RIOT/examples/Button/bin/nucleo-l496zg/auto_init.a
LOAD /home/vagrant/RIOT/examples/Button/bin/nucleo-l496zg/auto_init_saul.a
LOAD /home/vagrant/RIOT/examples/Button/bin/nucleo-l496zg/board.a
LOAD /home/vagrant/RIOT/examples/Button/bin/nucleo-l496zg/boards_common_nucleo.a
LOAD /home/vagrant/RIOT/examples/Button/bin/nucleo-l496zg/core.a
LOAD /home/vagrant/RIOT/examples/Button/bin/nucleo-l496zg/cortexm_common.a
LOAD /home/vagrant/RIOT/examples/Button/bin/nucleo-l496zg/cortexm_common_periph.a
LOAD /home/vagrant/RIOT/examples/Button/bin/nucleo-l496zg/cpu.a
LOAD /home/vagrant/RIOT/examples/Button/bin/nucleo-l496zg/div.a
LOAD /home/vagrant/RIOT/examples/Button/bin/nucleo-l496zg/fmt.a
LOAD /home/vagrant/RIOT/examples/Button/bin/nucleo-l496zg/isrpipe.a
LOAD /home/vagrant/RIOT/examples/Button/bin/nucleo-l496zg/newlib_syscalls_default.a
LOAD /home/vagrant/RIOT/examples/Button/bin/nucleo-l496zg/oss7_modem.a
LOAD /home/vagrant/RIOT/examples/Button/bin/nucleo-l496zg/periph.a
LOAD /home/vagrant/RIOT/examples/Button/bin/nucleo-l496zg/phydat.a
LOAD /home/vagrant/RIOT/examples/Button/bin/nucleo-l496zg/ps.a
LOAD /home/vagrant/RIOT/examples/Button/bin/nucleo-l496zg/saul.a
LOAD /home/vagrant/RIOT/examples/Button/bin/nucleo-l496zg/saul_reg.a
LOAD /home/vagrant/RIOT/examples/Button/bin/nucleo-l496zg/shell.a
LOAD /home/vagrant/RIOT/examples/Button/bin/nucleo-l496zg/shell_commands.a
LOAD /home/vagrant/RIOT/examples/Button/bin/nucleo-l496zg/stdio_uart.a
LOAD /home/vagrant/RIOT/examples/Button/bin/nucleo-l496zg/stm32_common.a
LOAD /home/vagrant/RIOT/examples/Button/bin/nucleo-l496zg/stm32_common_periph.a
LOAD /home/vagrant/RIOT/examples/Button/bin/nucleo-l496zg/sys.a
LOAD /home/vagrant/RIOT/examples/Button/bin/nucleo-l496zg/tsrb.a
LOAD /home/vagrant/RIOT/examples/Button/bin/nucleo-l496zg/xtimer.a
LOAD /home/vagrant/RIOT/examples/Button/bin/nucleo-l496zg/periph_common.a
LOAD /home/vagrant/gcc-arm-none-eabi-7-2018-q2-update/bin/../lib/gcc/arm-none-eabi/7.3.1/../../../../arm-none-eabi/lib/thumb/v7e-m/libm.a
END GROUP
LOAD /home/vagrant/gcc-arm-none-eabi-7-2018-q2-update/bin/../lib/gcc/arm-none-eabi/7.3.1/thumb/v7e-m/libgcc.a
                0x0000000008000000                _rom_start_addr = 0x8000000
                0x0000000020000000                _ram_start_addr = 0x20000000
                0x0000000000100000                _rom_length = 0x100000
                0x0000000000050000                _ram_length = 0x50000
LOAD /home/vagrant/gcc-arm-none-eabi-7-2018-q2-update/bin/../lib/gcc/arm-none-eabi/7.3.1/../../../../arm-none-eabi/lib/thumb/v7e-m/libc_nano.a
START GROUP
LOAD /home/vagrant/gcc-arm-none-eabi-7-2018-q2-update/bin/../lib/gcc/arm-none-eabi/7.3.1/thumb/v7e-m/libgcc.a
LOAD /home/vagrant/gcc-arm-none-eabi-7-2018-q2-update/bin/../lib/gcc/arm-none-eabi/7.3.1/../../../../arm-none-eabi/lib/thumb/v7e-m/libg_nano.a
LOAD /home/vagrant/gcc-arm-none-eabi-7-2018-q2-update/bin/../lib/gcc/arm-none-eabi/7.3.1/../../../../arm-none-eabi/lib/thumb/v7e-m/libc_nano.a
END GROUP
START GROUP
LOAD /home/vagrant/gcc-arm-none-eabi-7-2018-q2-update/bin/../lib/gcc/arm-none-eabi/7.3.1/thumb/v7e-m/libgcc.a
LOAD /home/vagrant/gcc-arm-none-eabi-7-2018-q2-update/bin/../lib/gcc/arm-none-eabi/7.3.1/../../../../arm-none-eabi/lib/thumb/v7e-m/libc_nano.a
END GROUP
                0x0000000000000000                ccmram_length = DEFINED (ccmram_len)?ccmram_len:0x0
                0x0000000000000000                _rom_offset = DEFINED (_rom_offset)?_rom_offset:0x0
                0x0000000000100000                _fw_rom_length = DEFINED (_fw_rom_length)?_fw_rom_length:(_rom_length - _rom_offset)
                0x0000000000000001                ASSERT ((_fw_rom_length <= (_rom_length - _rom_offset)), Specified firmware size does not fit in ROM)

.text           0x0000000008000000     0x3904
                0x0000000008000000                . = ALIGN (0x4)
                0x0000000008000000                _sfixed = .
                0x0000000008000000                _isr_vectors = DEFINED (_isr_vectors)?_isr_vectors:.
 *(SORT_BY_NAME(.vectors*))
 .vectors.0     0x0000000008000000       0x40 /home/vagrant/RIOT/examples/Button/bin/nucleo-l496zg/cortexm_common.a(vectors_cortexm.o)
                0x0000000008000000                cortex_vector_base
 .vectors.1     0x0000000008000040      0x16c /home/vagrant/RIOT/examples/Button/bin/nucleo-l496zg/cpu/vectors.o
                0x0000000008000040                vector_cpu
 *(.text .text.* .gnu.linkonce.t.*)
 .text.dummy_handler
                0x00000000080001ac        0x4 /home/vagrant/RIOT/examples/Button/bin/nucleo-l496zg/cpu/vectors.o
                0x00000000080001ac                isr_dfsdm1_flt0
                0x00000000080001ac                isr_lptim2
                0x00000000080001ac                isr_rtc_wkup
                0x00000000080001ac                isr_tim1_trg_com_tim17
                0x00000000080001ac                isr_swpmi1
                0x00000000080001ac                isr_dma1_channel4
                0x00000000080001ac                isr_usart1
                0x00000000080001ac                isr_tsc
                0x00000000080001ac                isr_tim7
                0x00000000080001ac                isr_dma2_channel7
                0x00000000080001ac                isr_i2c1_ev
                0x00000000080001ac                isr_usart2
                0x00000000080001ac                isr_dfsdm1_flt3
                0x00000000080001ac                isr_dma1_channel5
                0x00000000080001ac                isr_tim4
                0x00000000080001ac                isr_dma1_channel2
                0x00000000080001ac                isr_adc3
                0x00000000080001ac                isr_dma2_channel6
                0x00000000080001ac                isr_can1_sce
                0x00000000080001ac                isr_dma1_channel7
                0x00000000080001ac                isr_i2c3_ev
                0x00000000080001ac                isr_can2_sce
                0x00000000080001ac                isr_dma2_channel4
                0x00000000080001ac                isr_spi2
                0x00000000080001ac                isr_tamp_stamp
                0x00000000080001ac                isr_tim1_trg_com
                0x00000000080001ac                isr_dma1_channel1
                0x00000000080001ac                dummy_handler
                0x00000000080001ac                isr_otg_fs
                0x00000000080001ac                isr_can1_tx
                0x00000000080001ac                isr_can2_tx
                0x00000000080001ac                isr_tim1_up_tim16
                0x00000000080001ac                isr_adc1_2
                0x00000000080001ac                isr_can1_rx1
                0x00000000080001ac                isr_comp
                0x00000000080001ac                isr_i2c4_er
                0x00000000080001ac                isr_spi1
                0x00000000080001ac                isr_lptim1
                0x00000000080001ac                isr_sai1
                0x00000000080001ac                isr_rcc
                0x00000000080001ac                isr_can2_rx0
                0x00000000080001ac                isr_flash
                0x00000000080001ac                isr_dma2_channel5
                0x00000000080001ac                isr_i2c3_er
                0x00000000080001ac                isr_fmc
                0x00000000080001ac                isr_tim1_cc
                0x00000000080001ac                isr_lpuart1
                0x00000000080001ac                isr_usb
                0x00000000080001ac                isr_dfsdm1_flt2
                0x00000000080001ac                isr_dma2_channel1
                0x00000000080001ac                isr_adc1
                0x00000000080001ac                isr_tim6_dac
                0x00000000080001ac                isr_uart4
                0x00000000080001ac                isr_tim8_brk
                0x00000000080001ac                isr_i2c2_er
                0x00000000080001ac                isr_dma1_channel6
                0x00000000080001ac                isr_spi3
                0x00000000080001ac                isr_lcd
                0x00000000080001ac                isr_can1_rx0
                0x00000000080001ac                isr_tim1_brk_tim15
                0x00000000080001ac                isr_tim3
                0x00000000080001ac                isr_i2c4_ev
                0x00000000080001ac                isr_pvd_pvm
                0x00000000080001ac                isr_tim8_up
                0x00000000080001ac                isr_sdmmc1
                0x00000000080001ac                isr_dfsdm1_flt1
                0x00000000080001ac                isr_crs
                0x00000000080001ac                isr_dma2d
                0x00000000080001ac                isr_fpu
                0x00000000080001ac                isr_rng
                0x00000000080001ac                isr_sai2
                0x00000000080001ac                isr_tim8_cc
                0x00000000080001ac                isr_i2c2_ev
                0x00000000080001ac                isr_dma2_channel2
                0x00000000080001ac                isr_dma2_channel3
                0x00000000080001ac                isr_rtc_alarm
                0x00000000080001ac                isr_quadspi
                0x00000000080001ac                isr_can2_rx1
                0x00000000080001ac                isr_dma1_channel3
                0x00000000080001ac                isr_tim8_trg_com
                0x00000000080001ac                isr_i2c1_er
                0x00000000080001ac                isr_dcmi
                0x00000000080001ac                isr_wwdg
 .text._init    0x00000000080001b0        0x4 /home/vagrant/RIOT/examples/Button/bin/nucleo-l496zg/newlib_syscalls_default/syscalls.o
                0x00000000080001b0                _init
 .text._fini    0x00000000080001b4        0x2 /home/vagrant/RIOT/examples/Button/bin/nucleo-l496zg/newlib_syscalls_default/syscalls.o
                0x00000000080001b4                _fini
 *fill*         0x00000000080001b6        0x2 
 .text._sbrk_r  0x00000000080001b8       0x3c /home/vagrant/RIOT/examples/Button/bin/nucleo-l496zg/newlib_syscalls_default/syscalls.o
                0x00000000080001b8                _sbrk_r
 .text._read_r  0x00000000080001f4        0x8 /home/vagrant/RIOT/examples/Button/bin/nucleo-l496zg/newlib_syscalls_default/syscalls.o
                0x00000000080001f4                _read_r
 .text._write_r
                0x00000000080001fc        0x8 /home/vagrant/RIOT/examples/Button/bin/nucleo-l496zg/newlib_syscalls_default/syscalls.o
                0x00000000080001fc                _write_r
 .text._close_r
                0x0000000008000204        0xa /home/vagrant/RIOT/examples/Button/bin/nucleo-l496zg/newlib_syscalls_default/syscalls.o
                0x0000000008000204                _close_r
 .text._lseek_r
                0x000000000800020e        0xa /home/vagrant/RIOT/examples/Button/bin/nucleo-l496zg/newlib_syscalls_default/syscalls.o
                0x000000000800020e                _lseek_r
 .text._fstat_r
                0x0000000008000218        0xa /home/vagrant/RIOT/examples/Button/bin/nucleo-l496zg/newlib_syscalls_default/syscalls.o
                0x0000000008000218                _fstat_r
 .text._isatty_r
                0x0000000008000222       0x10 /home/vagrant/RIOT/examples/Button/bin/nucleo-l496zg/newlib_syscalls_default/syscalls.o
                0x0000000008000222                _isatty_r
 *fill*         0x0000000008000232        0x2 
 .text.sched_run
                0x0000000008000234       0x64 /home/vagrant/RIOT/examples/Button/bin/nucleo-l496zg/core.a(sched.o)
                0x0000000008000234                sched_run
 .text.sched_set_status
                0x0000000008000298       0x80 /home/vagrant/RIOT/examples/Button/bin/nucleo-l496zg/core.a(sched.o)
                0x0000000008000298                sched_set_status
 .text.sched_switch
                0x0000000008000318       0x30 /home/vagrant/RIOT/examples/Button/bin/nucleo-l496zg/core.a(sched.o)
                0x0000000008000318                sched_switch
 .text.sched_task_exit
                0x0000000008000348       0x3c /home/vagrant/RIOT/examples/Button/bin/nucleo-l496zg/core.a(sched.o)
                0x0000000008000348                sched_task_exit
 .text.thread_stack_init
                0x0000000008000384       0x64 /home/vagrant/RIOT/examples/Button/bin/nucleo-l496zg/cortexm_common.a(thread_arch.o)
                0x0000000008000384                thread_stack_init
 .text.thread_isr_stack_usage
                0x00000000080003e8       0x24 /home/vagrant/RIOT/examples/Button/bin/nucleo-l496zg/cortexm_common.a(thread_arch.o)
                0x00000000080003e8                thread_isr_stack_usage
 .text.thread_isr_stack_pointer
                0x000000000800040c        0x6 /home/vagrant/RIOT/examples/Button/bin/nucleo-l496zg/cortexm_common.a(thread_arch.o)
                0x000000000800040c                thread_isr_stack_pointer
 *fill*         0x0000000008000412        0x2 
 .text.thread_isr_stack_start
                0x0000000008000414        0x8 /home/vagrant/RIOT/examples/Button/bin/nucleo-l496zg/cortexm_common.a(thread_arch.o)
                0x0000000008000414                thread_isr_stack_start
 .text.cpu_switch_context_exit
                0x000000000800041c        0x8 /home/vagrant/RIOT/examples/Button/bin/nucleo-l496zg/cortexm_common.a(thread_arch.o)
                0x000000000800041c                cpu_switch_context_exit
 .text.thread_yield_higher
                0x0000000008000424       0x10 /home/vagrant/RIOT/examples/Button/bin/nucleo-l496zg/cortexm_common.a(thread_arch.o)
                0x0000000008000424                thread_yield_higher
 .text.isr_pendsv
                0x0000000008000434       0x1c /home/vagrant/RIOT/examples/Button/bin/nucleo-l496zg/cortexm_common.a(thread_arch.o)
                0x0000000008000434                isr_pendsv
 .text.isr_svc  0x0000000008000450       0x1c /home/vagrant/RIOT/examples/Button/bin/nucleo-l496zg/cortexm_common.a(thread_arch.o)
                0x0000000008000450                isr_svc
 .text.hard_fault_default
                0x000000000800046c       0x44 /home/vagrant/RIOT/examples/Button/bin/nucleo-l496zg/cortexm_common.a(vectors_cortexm.o)
                0x000000000800046c                hard_fault_default
 .text.nmi_default
                0x00000000080004b0       0x10 /home/vagrant/RIOT/examples/Button/bin/nucleo-l496zg/cortexm_common.a(vectors_cortexm.o)
                0x00000000080004b0                nmi_default
 .text.mem_manage_default
                0x00000000080004c0       0x10 /home/vagrant/RIOT/examples/Button/bin/nucleo-l496zg/cortexm_common.a(vectors_cortexm.o)
                0x00000000080004c0                mem_manage_default
 .text.bus_fault_default
                0x00000000080004d0       0x10 /home/vagrant/RIOT/examples/Button/bin/nucleo-l496zg/cortexm_common.a(vectors_cortexm.o)
                0x00000000080004d0                bus_fault_default
 .text.usage_fault_default
                0x00000000080004e0       0x10 /home/vagrant/RIOT/examples/Button/bin/nucleo-l496zg/cortexm_common.a(vectors_cortexm.o)
                0x00000000080004e0                usage_fault_default
 .text.debug_mon_default
                0x00000000080004f0       0x10 /home/vagrant/RIOT/examples/Button/bin/nucleo-l496zg/cortexm_common.a(vectors_cortexm.o)
                0x00000000080004f0                debug_mon_default
 .text.dummy_handler_default
                0x0000000008000500       0x10 /home/vagrant/RIOT/examples/Button/bin/nucleo-l496zg/cortexm_common.a(vectors_cortexm.o)
                0x0000000008000500                dummy_handler_default
                0x0000000008000500                isr_systick
 .text.pre_startup
                0x0000000008000510        0x2 /home/vagrant/RIOT/examples/Button/bin/nucleo-l496zg/cortexm_common.a(vectors_cortexm.o)
                0x0000000008000510                pre_startup
 .text.post_startup
                0x0000000008000512        0x2 /home/vagrant/RIOT/examples/Button/bin/nucleo-l496zg/cortexm_common.a(vectors_cortexm.o)
                0x0000000008000512                post_startup
 .text.reset_handler_default
                0x0000000008000514       0x6c /home/vagrant/RIOT/examples/Button/bin/nucleo-l496zg/cortexm_common.a(vectors_cortexm.o)
                0x0000000008000514                reset_handler_default
 .text.hard_fault_handler
                0x0000000008000580      0x184 /home/vagrant/RIOT/examples/Button/bin/nucleo-l496zg/cortexm_common.a(vectors_cortexm.o)
                0x0000000008000580                hard_fault_handler
 .text.irq_disable
                0x0000000008000704        0x8 /home/vagrant/RIOT/examples/Button/bin/nucleo-l496zg/cortexm_common.a(irq_arch.o)
                0x0000000008000704                irq_disable
 .text.irq_enable
                0x000000000800070c        0x8 /home/vagrant/RIOT/examples/Button/bin/nucleo-l496zg/cortexm_common.a(irq_arch.o)
                0x000000000800070c                irq_enable
 .text.irq_restore
                0x0000000008000714        0x6 /home/vagrant/RIOT/examples/Button/bin/nucleo-l496zg/cortexm_common.a(irq_arch.o)
                0x0000000008000714                irq_restore
 .text.irq_is_in
                0x000000000800071a        0x8 /home/vagrant/RIOT/examples/Button/bin/nucleo-l496zg/cortexm_common.a(irq_arch.o)
                0x000000000800071a                irq_is_in
 *fill*         0x0000000008000722        0x2 
 .text.stdio_init
                0x0000000008000724       0x18 /home/vagrant/RIOT/examples/Button/bin/nucleo-l496zg/stdio_uart.a(stdio_uart.o)
                0x0000000008000724                stdio_init
 .text.stdio_read
                0x000000000800073c       0x10 /home/vagrant/RIOT/examples/Button/bin/nucleo-l496zg/stdio_uart.a(stdio_uart.o)
                0x000000000800073c                stdio_read
 .text.stdio_write
                0x000000000800074c       0x12 /home/vagrant/RIOT/examples/Button/bin/nucleo-l496zg/stdio_uart.a(stdio_uart.o)
                0x000000000800074c                stdio_write
 *fill*         0x000000000800075e        0x2 
 .text.irq_handler
                0x0000000008000760       0x4c /home/vagrant/RIOT/examples/Button/bin/nucleo-l496zg/stm32_common_periph.a(uart.o)
 .text.uart_write
                0x00000000080007ac       0x3c /home/vagrant/RIOT/examples/Button/bin/nucleo-l496zg/stm32_common_periph.a(uart.o)
                0x00000000080007ac                uart_write
 .text.uart_poweron
                0x00000000080007e8       0x2c /home/vagrant/RIOT/examples/Button/bin/nucleo-l496zg/stm32_common_periph.a(uart.o)
                0x00000000080007e8                uart_poweron
 .text.uart_init
                0x0000000008000814       0xbc /home/vagrant/RIOT/examples/Button/bin/nucleo-l496zg/stm32_common_periph.a(uart.o)
                0x0000000008000814                uart_init
 .text.isr_usart3
                0x00000000080008d0        0x6 /home/vagrant/RIOT/examples/Button/bin/nucleo-l496zg/stm32_common_periph.a(uart.o)
                0x00000000080008d0                isr_usart3
 .text.isr_uart5
                0x00000000080008d6        0x6 /home/vagrant/RIOT/examples/Button/bin/nucleo-l496zg/stm32_common_periph.a(uart.o)
                0x00000000080008d6                isr_uart5
 .text.gpio_init
                0x00000000080008dc       0x70 /home/vagrant/RIOT/examples/Button/bin/nucleo-l496zg/stm32_common_periph.a(gpio.o)
                0x00000000080008dc                gpio_init
 .text.gpio_init_int
                0x000000000800094c       0xc4 /home/vagrant/RIOT/examples/Button/bin/nucleo-l496zg/stm32_common_periph.a(gpio.o)
                0x000000000800094c                gpio_init_int
 .text.gpio_init_af
                0x0000000008000a10       0x50 /home/vagrant/RIOT/examples/Button/bin/nucleo-l496zg/stm32_common_periph.a(gpio.o)
                0x0000000008000a10                gpio_init_af
 .text.gpio_read
                0x0000000008000a60       0x14 /home/vagrant/RIOT/examples/Button/bin/nucleo-l496zg/stm32_common_periph.a(gpio.o)
                0x0000000008000a60                gpio_read
 .text.gpio_set
                0x0000000008000a74       0x12 /home/vagrant/RIOT/examples/Button/bin/nucleo-l496zg/stm32_common_periph.a(gpio.o)
                0x0000000008000a74                gpio_set
 .text.gpio_clear
                0x0000000008000a86       0x14 /home/vagrant/RIOT/examples/Button/bin/nucleo-l496zg/stm32_common_periph.a(gpio.o)
                0x0000000008000a86                gpio_clear
 .text.gpio_write
                0x0000000008000a9a        0xa /home/vagrant/RIOT/examples/Button/bin/nucleo-l496zg/stm32_common_periph.a(gpio.o)
                0x0000000008000a9a                gpio_write
 .text.isr_exti
                0x0000000008000aa4       0x50 /home/vagrant/RIOT/examples/Button/bin/nucleo-l496zg/stm32_common_periph.a(gpio.o)
                0x0000000008000aa4                isr_exti
 .text._xtimer_lltimer_now
                0x0000000008000af4        0x6 /home/vagrant/RIOT/examples/Button/bin/nucleo-l496zg/xtimer.a(xtimer_core.o)
 *fill*         0x0000000008000afa        0x2 
 .text._lltimer_set
                0x0000000008000afc       0x14 /home/vagrant/RIOT/examples/Button/bin/nucleo-l496zg/xtimer.a(xtimer_core.o)
 .text._add_timer_to_long_list.constprop.4
                0x0000000008000b10       0x2c /home/vagrant/RIOT/examples/Button/bin/nucleo-l496zg/xtimer.a(xtimer_core.o)
 .text._next_period
                0x0000000008000b3c       0x8c /home/vagrant/RIOT/examples/Button/bin/nucleo-l496zg/xtimer.a(xtimer_core.o)
 .text._periph_timer_callback
                0x0000000008000bc8       0xbc /home/vagrant/RIOT/examples/Button/bin/nucleo-l496zg/xtimer.a(xtimer_core.o)
 .text._remove  0x0000000008000c84       0x60 /home/vagrant/RIOT/examples/Button/bin/nucleo-l496zg/xtimer.a(xtimer_core.o)
 .text.xtimer_init
                0x0000000008000ce4       0x24 /home/vagrant/RIOT/examples/Button/bin/nucleo-l496zg/xtimer.a(xtimer_core.o)
                0x0000000008000ce4                xtimer_init
 .text._xtimer_set_absolute
                0x0000000008000d08       0xc0 /home/vagrant/RIOT/examples/Button/bin/nucleo-l496zg/xtimer.a(xtimer_core.o)
                0x0000000008000d08                _xtimer_set_absolute
 .text.xtimer_remove
                0x0000000008000dc8       0x22 /home/vagrant/RIOT/examples/Button/bin/nucleo-l496zg/xtimer.a(xtimer_core.o)
                0x0000000008000dc8                xtimer_remove
 .text._xtimer_set
                0x0000000008000dea       0x3e /home/vagrant/RIOT/examples/Button/bin/nucleo-l496zg/xtimer.a(xtimer_core.o)
                0x0000000008000dea                _xtimer_set
 .text._xtimer_set64
                0x0000000008000e28       0x60 /home/vagrant/RIOT/examples/Button/bin/nucleo-l496zg/xtimer.a(xtimer_core.o)
                0x0000000008000e28                _xtimer_set64
 .text.pm_off   0x0000000008000e88        0x8 /home/vagrant/RIOT/examples/Button/bin/nucleo-l496zg/periph_common.a(pm.o)
                0x0000000008000e88                pm_off
 .text.board_init
                0x0000000008000e90       0x30 /home/vagrant/RIOT/examples/Button/bin/nucleo-l496zg/boards_common_nucleo.a(board.o)
                0x0000000008000e90                board_init
 .text.panic_arch
                0x0000000008000ec0        0x2 /home/vagrant/RIOT/examples/Button/bin/nucleo-l496zg/core.a(panic.o)
                0x0000000008000ec0                panic_arch
 *fill*         0x0000000008000ec2        0x2 
 .text.core_panic
                0x0000000008000ec4       0x54 /home/vagrant/RIOT/examples/Button/bin/nucleo-l496zg/core.a(panic.o)
                0x0000000008000ec4                core_panic
 .text.main_trampoline
                0x0000000008000f18       0x18 /home/vagrant/RIOT/examples/Button/bin/nucleo-l496zg/core.a(kernel_init.o)
 .text.idle_thread
                0x0000000008000f30        0x8 /home/vagrant/RIOT/examples/Button/bin/nucleo-l496zg/core.a(kernel_init.o)
 .text.kernel_init
                0x0000000008000f38       0x58 /home/vagrant/RIOT/examples/Button/bin/nucleo-l496zg/core.a(kernel_init.o)
                0x0000000008000f38                kernel_init
 .text.thread_add_to_list
                0x0000000008000f90       0x30 /home/vagrant/RIOT/examples/Button/bin/nucleo-l496zg/core.a(thread.o)
                0x0000000008000f90                thread_add_to_list
 .text.thread_measure_stack_free
                0x0000000008000fc0        0xe /home/vagrant/RIOT/examples/Button/bin/nucleo-l496zg/core.a(thread.o)
                0x0000000008000fc0                thread_measure_stack_free
 *fill*         0x0000000008000fce        0x2 
 .text.thread_create
                0x0000000008000fd0       0xec /home/vagrant/RIOT/examples/Button/bin/nucleo-l496zg/core.a(thread.o)
                0x0000000008000fd0                thread_create
 .text.pm_set_lowest
                0x00000000080010bc       0x24 /home/vagrant/RIOT/examples/Button/bin/nucleo-l496zg/cortexm_common_periph.a(pm.o)
                0x00000000080010bc                pm_set_lowest
 .text.isrpipe_write_one
                0x00000000080010e0       0x16 /home/vagrant/RIOT/examples/Button/bin/nucleo-l496zg/isrpipe.a(isrpipe.o)
                0x00000000080010e0                isrpipe_write_one
 .text.isrpipe_read
                0x00000000080010f6       0x24 /home/vagrant/RIOT/examples/Button/bin/nucleo-l496zg/isrpipe.a(isrpipe.o)
                0x00000000080010f6                isrpipe_read
 *fill*         0x000000000800111a        0x2 
 .text.ps       0x000000000800111c       0xe8 /home/vagrant/RIOT/examples/Button/bin/nucleo-l496zg/ps.a(ps.o)
                0x000000000800111c                ps
 .text.cpu_init
                0x0000000008001204       0x1c /home/vagrant/RIOT/examples/Button/bin/nucleo-l496zg/stm32_common.a(cpu_init.o)
                0x0000000008001204                cpu_init
 .text.periph_apb_clk
                0x0000000008001220       0x18 /home/vagrant/RIOT/examples/Button/bin/nucleo-l496zg/stm32_common.a(cpu_common.o)
                0x0000000008001220                periph_apb_clk
 .text.periph_timer_clk
                0x0000000008001238       0x20 /home/vagrant/RIOT/examples/Button/bin/nucleo-l496zg/stm32_common.a(cpu_common.o)
                0x0000000008001238                periph_timer_clk
 .text.periph_clk_en
                0x0000000008001258       0x48 /home/vagrant/RIOT/examples/Button/bin/nucleo-l496zg/stm32_common.a(cpu_common.o)
                0x0000000008001258                periph_clk_en
 .text.irq_handler
                0x00000000080012a0       0x5c /home/vagrant/RIOT/examples/Button/bin/nucleo-l496zg/stm32_common_periph.a(timer.o)
 .text.timer_set_absolute
                0x00000000080012fc       0x40 /home/vagrant/RIOT/examples/Button/bin/nucleo-l496zg/stm32_common_periph.a(timer.o)
                0x00000000080012fc                timer_set_absolute
 .text.timer_read
                0x000000000800133c       0x10 /home/vagrant/RIOT/examples/Button/bin/nucleo-l496zg/stm32_common_periph.a(timer.o)
                0x000000000800133c                timer_read
 .text.timer_start
                0x000000000800134c       0x14 /home/vagrant/RIOT/examples/Button/bin/nucleo-l496zg/stm32_common_periph.a(timer.o)
                0x000000000800134c                timer_start
 .text.timer_init
                0x0000000008001360       0x80 /home/vagrant/RIOT/examples/Button/bin/nucleo-l496zg/stm32_common_periph.a(timer.o)
                0x0000000008001360                timer_init
 .text.isr_tim2
                0x00000000080013e0        0x6 /home/vagrant/RIOT/examples/Button/bin/nucleo-l496zg/stm32_common_periph.a(timer.o)
                0x00000000080013e0                isr_tim2
 .text.isr_tim5
                0x00000000080013e6        0x6 /home/vagrant/RIOT/examples/Button/bin/nucleo-l496zg/stm32_common_periph.a(timer.o)
                0x00000000080013e6                isr_tim5
 .text._pop     0x00000000080013ec       0x12 /home/vagrant/RIOT/examples/Button/bin/nucleo-l496zg/tsrb.a(tsrb.o)
 .text.tsrb_get
                0x00000000080013fe       0x26 /home/vagrant/RIOT/examples/Button/bin/nucleo-l496zg/tsrb.a(tsrb.o)
                0x00000000080013fe                tsrb_get
 .text.tsrb_add_one
                0x0000000008001424       0x26 /home/vagrant/RIOT/examples/Button/bin/nucleo-l496zg/tsrb.a(tsrb.o)
                0x0000000008001424                tsrb_add_one
 .text.periph_init
                0x000000000800144a        0x2 /home/vagrant/RIOT/examples/Button/bin/nucleo-l496zg/periph_common.a(init.o)
                0x000000000800144a                periph_init
 .text.on_modem_command_completed_callback
                0x000000000800144c       0x10 /home/vagrant/RIOT/examples/Button/bin/nucleo-l496zg/application_user_button.a(main.o)
                0x000000000800144c                on_modem_command_completed_callback
 .text.on_modem_return_file_data_callback
                0x000000000800145c       0x1c /home/vagrant/RIOT/examples/Button/bin/nucleo-l496zg/application_user_button.a(main.o)
                0x000000000800145c                on_modem_return_file_data_callback
 .text.on_modem_write_file_data_callback
                0x0000000008001478       0x1c /home/vagrant/RIOT/examples/Button/bin/nucleo-l496zg/application_user_button.a(main.o)
                0x0000000008001478                on_modem_write_file_data_callback
 .text.cb       0x0000000008001494       0x58 /home/vagrant/RIOT/examples/Button/bin/nucleo-l496zg/application_user_button.a(main.o)
 .text.startup.main
                0x00000000080014ec       0x74 /home/vagrant/RIOT/examples/Button/bin/nucleo-l496zg/application_user_button.a(main.o)
                0x00000000080014ec                main
 .text.auto_init
                0x0000000008001560        0xe /home/vagrant/RIOT/examples/Button/bin/nucleo-l496zg/auto_init.a(auto_init.o)
                0x0000000008001560                auto_init
 *fill*         0x000000000800156e        0x2 
 .text.auto_init_gpio
                0x0000000008001570       0x74 /home/vagrant/RIOT/examples/Button/bin/nucleo-l496zg/auto_init_saul.a(auto_init_gpio.o)
                0x0000000008001570                auto_init_gpio
 .text._mutex_lock
                0x00000000080015e4       0x60 /home/vagrant/RIOT/examples/Button/bin/nucleo-l496zg/core.a(mutex.o)
                0x00000000080015e4                _mutex_lock
 .text.mutex_unlock
                0x0000000008001644       0x4c /home/vagrant/RIOT/examples/Button/bin/nucleo-l496zg/core.a(mutex.o)
                0x0000000008001644                mutex_unlock
 .text.cortexm_init
                0x0000000008001690       0x4c /home/vagrant/RIOT/examples/Button/bin/nucleo-l496zg/cortexm_common.a(cortexm_init.o)
                0x0000000008001690                cortexm_init
 .text.stmclk_init_sysclk
                0x00000000080016dc       0x84 /home/vagrant/RIOT/examples/Button/bin/nucleo-l496zg/cpu.a(stmclk.o)
                0x00000000080016dc                stmclk_init_sysclk
 .text.process_serial_frame
                0x0000000008001760       0xe8 /home/vagrant/RIOT/examples/Button/bin/nucleo-l496zg/oss7_modem.a(modem.o)
 .text.rx_cb    0x0000000008001848       0x1c /home/vagrant/RIOT/examples/Button/bin/nucleo-l496zg/oss7_modem.a(modem.o)
 .text.send     0x0000000008001864       0x44 /home/vagrant/RIOT/examples/Button/bin/nucleo-l496zg/oss7_modem.a(modem.o)
 .text.send_read_file
                0x00000000080018a8       0x38 /home/vagrant/RIOT/examples/Button/bin/nucleo-l496zg/oss7_modem.a(modem.o)
 .text.send_unsolicited_response
                0x00000000080018e0       0x60 /home/vagrant/RIOT/examples/Button/bin/nucleo-l496zg/oss7_modem.a(modem.o)
 .text.rx_thread
                0x0000000008001940       0xd0 /home/vagrant/RIOT/examples/Button/bin/nucleo-l496zg/oss7_modem.a(modem.o)
                0x0000000008001940                rx_thread
 .text.block_until_cmd_completed.constprop.3
                0x0000000008001a10       0x54 /home/vagrant/RIOT/examples/Button/bin/nucleo-l496zg/oss7_modem.a(modem.o)
 .text.modem_init
                0x0000000008001a64       0x74 /home/vagrant/RIOT/examples/Button/bin/nucleo-l496zg/oss7_modem.a(modem.o)
                0x0000000008001a64                modem_init
 .text.alloc_command
                0x0000000008001ad8       0x4c /home/vagrant/RIOT/examples/Button/bin/nucleo-l496zg/oss7_modem.a(modem.o)
                0x0000000008001ad8                alloc_command
 .text.modem_read_file
                0x0000000008001b24       0x30 /home/vagrant/RIOT/examples/Button/bin/nucleo-l496zg/oss7_modem.a(modem.o)
                0x0000000008001b24                modem_read_file
 .text.modem_send_unsolicited_response
                0x0000000008001b54       0x44 /home/vagrant/RIOT/examples/Button/bin/nucleo-l496zg/oss7_modem.a(modem.o)
                0x0000000008001b54                modem_send_unsolicited_response
 .text.d7ap_addressee_id_length
                0x0000000008001b98       0x1a /home/vagrant/RIOT/examples/Button/bin/nucleo-l496zg/oss7_modem.a(alp.o)
 *fill*         0x0000000008001bb2        0x2 
 .text.unlikely.alp_parse_file_offset_operand.part.1
                0x0000000008001bb4       0x10 /home/vagrant/RIOT/examples/Button/bin/nucleo-l496zg/oss7_modem.a(alp.o)
 .text.alp_parse_length_operand
                0x0000000008001bc4       0x34 /home/vagrant/RIOT/examples/Button/bin/nucleo-l496zg/oss7_modem.a(alp.o)
                0x0000000008001bc4                alp_parse_length_operand
 .text.alp_append_length_operand
                0x0000000008001bf8       0x78 /home/vagrant/RIOT/examples/Button/bin/nucleo-l496zg/oss7_modem.a(alp.o)
                0x0000000008001bf8                alp_append_length_operand
 .text.alp_parse_file_offset_operand
                0x0000000008001c70       0x2e /home/vagrant/RIOT/examples/Button/bin/nucleo-l496zg/oss7_modem.a(alp.o)
                0x0000000008001c70                alp_parse_file_offset_operand
 .text.parse_operand_file_data
                0x0000000008001c9e       0x3c /home/vagrant/RIOT/examples/Button/bin/nucleo-l496zg/oss7_modem.a(alp.o)
 .text.alp_append_file_offset_operand
                0x0000000008001cda       0x1c /home/vagrant/RIOT/examples/Button/bin/nucleo-l496zg/oss7_modem.a(alp.o)
                0x0000000008001cda                alp_append_file_offset_operand
 *fill*         0x0000000008001cf6        0x2 
 .text.alp_append_forward_action
                0x0000000008001cf8       0x84 /home/vagrant/RIOT/examples/Button/bin/nucleo-l496zg/oss7_modem.a(alp.o)
                0x0000000008001cf8                alp_append_forward_action
 .text.alp_append_return_file_data_action
                0x0000000008001d7c       0x4c /home/vagrant/RIOT/examples/Button/bin/nucleo-l496zg/oss7_modem.a(alp.o)
                0x0000000008001d7c                alp_append_return_file_data_action
 .text.alp_parse_action
                0x0000000008001dc8      0x148 /home/vagrant/RIOT/examples/Button/bin/nucleo-l496zg/oss7_modem.a(alp.o)
                0x0000000008001dc8                alp_parse_action
 .text.alp_append_tag_request_action
                0x0000000008001f10       0x30 /home/vagrant/RIOT/examples/Button/bin/nucleo-l496zg/oss7_modem.a(alp.o)
                0x0000000008001f10                alp_append_tag_request_action
 .text.alp_append_read_file_data_action
                0x0000000008001f40       0x48 /home/vagrant/RIOT/examples/Button/bin/nucleo-l496zg/oss7_modem.a(alp.o)
                0x0000000008001f40                alp_append_read_file_data_action
 .text.fifo_init
                0x0000000008001f88        0xe /home/vagrant/RIOT/examples/Button/bin/nucleo-l496zg/oss7_modem.a(fifo.o)
                0x0000000008001f88                fifo_init
 .text.fifo_put
                0x0000000008001f96       0x66 /home/vagrant/RIOT/examples/Button/bin/nucleo-l496zg/oss7_modem.a(fifo.o)
                0x0000000008001f96                fifo_put
 .text.fifo_put_byte
                0x0000000008001ffc       0x16 /home/vagrant/RIOT/examples/Button/bin/nucleo-l496zg/oss7_modem.a(fifo.o)
                0x0000000008001ffc                fifo_put_byte
 .text.fifo_get_size
                0x0000000008002012       0x14 /home/vagrant/RIOT/examples/Button/bin/nucleo-l496zg/oss7_modem.a(fifo.o)
                0x0000000008002012                fifo_get_size
 *fill*         0x0000000008002026        0x2 
 .text.fifo_init_subview
                0x0000000008002028       0x48 /home/vagrant/RIOT/examples/Button/bin/nucleo-l496zg/oss7_modem.a(fifo.o)
                0x0000000008002028                fifo_init_subview
 .text.fifo_peek
                0x0000000008002070       0x5e /home/vagrant/RIOT/examples/Button/bin/nucleo-l496zg/oss7_modem.a(fifo.o)
                0x0000000008002070                fifo_peek
 .text.fifo_pop
                0x00000000080020ce       0x2a /home/vagrant/RIOT/examples/Button/bin/nucleo-l496zg/oss7_modem.a(fifo.o)
                0x00000000080020ce                fifo_pop
 .text.fifo_skip
                0x00000000080020f8       0x30 /home/vagrant/RIOT/examples/Button/bin/nucleo-l496zg/oss7_modem.a(fifo.o)
                0x00000000080020f8                fifo_skip
 .text.write    0x0000000008002128       0x1c /home/vagrant/RIOT/examples/Button/bin/nucleo-l496zg/saul.a(gpio_saul.o)
 .text.read     0x0000000008002144       0x2a /home/vagrant/RIOT/examples/Button/bin/nucleo-l496zg/saul.a(gpio_saul.o)
 .text.saul_notsup
                0x000000000800216e        0x6 /home/vagrant/RIOT/examples/Button/bin/nucleo-l496zg/saul.a(saul.o)
                0x000000000800216e                saul_notsup
 .text.saul_reg_add
                0x0000000008002174       0x2c /home/vagrant/RIOT/examples/Button/bin/nucleo-l496zg/saul_reg.a(saul_reg.o)
                0x0000000008002174                saul_reg_add
 .text.stmclk_enable_hsi
                0x00000000080021a0       0x18 /home/vagrant/RIOT/examples/Button/bin/nucleo-l496zg/stm32_common.a(stmclk_common.o)
                0x00000000080021a0                stmclk_enable_hsi
 .text.stmclk_disable_hsi
                0x00000000080021b8        0x2 /home/vagrant/RIOT/examples/Button/bin/nucleo-l496zg/stm32_common.a(stmclk_common.o)
                0x00000000080021b8                stmclk_disable_hsi
 .text._mutex_timeout
                0x00000000080021ba       0x3c /home/vagrant/RIOT/examples/Button/bin/nucleo-l496zg/xtimer.a(xtimer.o)
 *fill*         0x00000000080021f6        0x2 
 .text.xtimer_mutex_lock_timeout
                0x00000000080021f8       0x4c /home/vagrant/RIOT/examples/Button/bin/nucleo-l496zg/xtimer.a(xtimer.o)
                0x00000000080021f8                xtimer_mutex_lock_timeout
 .text.__libc_init_array
                0x0000000008002244       0x48 /home/vagrant/gcc-arm-none-eabi-7-2018-q2-update/bin/../lib/gcc/arm-none-eabi/7.3.1/../../../../arm-none-eabi/lib/thumb/v7e-m/libc_nano.a(lib_a-init.o)
                0x0000000008002244                __libc_init_array
 .text.memcpy   0x000000000800228c       0x16 /home/vagrant/gcc-arm-none-eabi-7-2018-q2-update/bin/../lib/gcc/arm-none-eabi/7.3.1/../../../../arm-none-eabi/lib/thumb/v7e-m/libc_nano.a(lib_a-memcpy-stub.o)
                0x000000000800228c                memcpy
 .text.memset   0x00000000080022a2       0x10 /home/vagrant/gcc-arm-none-eabi-7-2018-q2-update/bin/../lib/gcc/arm-none-eabi/7.3.1/../../../../arm-none-eabi/lib/thumb/v7e-m/libc_nano.a(lib_a-memset.o)
                0x00000000080022a2                memset
 *fill*         0x00000000080022b2        0x2 
 .text.printf   0x00000000080022b4       0x30 /home/vagrant/gcc-arm-none-eabi-7-2018-q2-update/bin/../lib/gcc/arm-none-eabi/7.3.1/../../../../arm-none-eabi/lib/thumb/v7e-m/libc_nano.a(lib_a-printf.o)
                0x00000000080022b4                printf
                0x00000000080022b4                iprintf
 .text._puts_r  0x00000000080022e4       0xb8 /home/vagrant/gcc-arm-none-eabi-7-2018-q2-update/bin/../lib/gcc/arm-none-eabi/7.3.1/../../../../arm-none-eabi/lib/thumb/v7e-m/libc_nano.a(lib_a-puts.o)
                0x00000000080022e4                _puts_r
 .text.puts     0x000000000800239c       0x10 /home/vagrant/gcc-arm-none-eabi-7-2018-q2-update/bin/../lib/gcc/arm-none-eabi/7.3.1/../../../../arm-none-eabi/lib/thumb/v7e-m/libc_nano.a(lib_a-puts.o)
                0x000000000800239c                puts
 .text.__swbuf_r
                0x00000000080023ac       0xa4 /home/vagrant/gcc-arm-none-eabi-7-2018-q2-update/bin/../lib/gcc/arm-none-eabi/7.3.1/../../../../arm-none-eabi/lib/thumb/v7e-m/libc_nano.a(lib_a-wbuf.o)
                0x00000000080023ac                __swbuf_r
 .text.__swsetup_r
                0x0000000008002450       0xdc /home/vagrant/gcc-arm-none-eabi-7-2018-q2-update/bin/../lib/gcc/arm-none-eabi/7.3.1/../../../../arm-none-eabi/lib/thumb/v7e-m/libc_nano.a(lib_a-wsetup.o)
                0x0000000008002450                __swsetup_r
 .text.__sflush_r
                0x000000000800252c      0x10c /home/vagrant/gcc-arm-none-eabi-7-2018-q2-update/bin/../lib/gcc/arm-none-eabi/7.3.1/../../../../arm-none-eabi/lib/thumb/v7e-m/libc_nano.a(lib_a-fflush.o)
                0x000000000800252c                __sflush_r
 .text._fflush_r
                0x0000000008002638       0x54 /home/vagrant/gcc-arm-none-eabi-7-2018-q2-update/bin/../lib/gcc/arm-none-eabi/7.3.1/../../../../arm-none-eabi/lib/thumb/v7e-m/libc_nano.a(lib_a-fflush.o)
                0x0000000008002638                _fflush_r
 .text.std      0x000000000800268c       0x48 /home/vagrant/gcc-arm-none-eabi-7-2018-q2-update/bin/../lib/gcc/arm-none-eabi/7.3.1/../../../../arm-none-eabi/lib/thumb/v7e-m/libc_nano.a(lib_a-findfp.o)
 .text._cleanup_r
                0x00000000080026d4        0xc /home/vagrant/gcc-arm-none-eabi-7-2018-q2-update/bin/../lib/gcc/arm-none-eabi/7.3.1/../../../../arm-none-eabi/lib/thumb/v7e-m/libc_nano.a(lib_a-findfp.o)
                0x00000000080026d4                _cleanup_r
 .text.__sfmoreglue
                0x00000000080026e0       0x2c /home/vagrant/gcc-arm-none-eabi-7-2018-q2-update/bin/../lib/gcc/arm-none-eabi/7.3.1/../../../../arm-none-eabi/lib/thumb/v7e-m/libc_nano.a(lib_a-findfp.o)
                0x00000000080026e0                __sfmoreglue
 .text.__sinit  0x000000000800270c       0x60 /home/vagrant/gcc-arm-none-eabi-7-2018-q2-update/bin/../lib/gcc/arm-none-eabi/7.3.1/../../../../arm-none-eabi/lib/thumb/v7e-m/libc_nano.a(lib_a-findfp.o)
                0x000000000800270c                __sinit
 .text.__sfp    0x000000000800276c       0x78 /home/vagrant/gcc-arm-none-eabi-7-2018-q2-update/bin/../lib/gcc/arm-none-eabi/7.3.1/../../../../arm-none-eabi/lib/thumb/v7e-m/libc_nano.a(lib_a-findfp.o)
                0x000000000800276c                __sfp
 .text._fwalk_reent
                0x00000000080027e4       0x3c /home/vagrant/gcc-arm-none-eabi-7-2018-q2-update/bin/../lib/gcc/arm-none-eabi/7.3.1/../../../../arm-none-eabi/lib/thumb/v7e-m/libc_nano.a(lib_a-fwalk.o)
                0x00000000080027e4                _fwalk_reent
 .text.__swhatbuf_r
                0x0000000008002820       0x48 /home/vagrant/gcc-arm-none-eabi-7-2018-q2-update/bin/../lib/gcc/arm-none-eabi/7.3.1/../../../../arm-none-eabi/lib/thumb/v7e-m/libc_nano.a(lib_a-makebuf.o)
                0x0000000008002820                __swhatbuf_r
 .text.__smakebuf_r
                0x0000000008002868       0x80 /home/vagrant/gcc-arm-none-eabi-7-2018-q2-update/bin/../lib/gcc/arm-none-eabi/7.3.1/../../../../arm-none-eabi/lib/thumb/v7e-m/libc_nano.a(lib_a-makebuf.o)
                0x0000000008002868                __smakebuf_r
 .text._free_r  0x00000000080028e8       0x9c /home/vagrant/gcc-arm-none-eabi-7-2018-q2-update/bin/../lib/gcc/arm-none-eabi/7.3.1/../../../../arm-none-eabi/lib/thumb/v7e-m/libc_nano.a(lib_a-nano-freer.o)
                0x00000000080028e8                _free_r
 .text._malloc_r
                0x0000000008002984       0xb4 /home/vagrant/gcc-arm-none-eabi-7-2018-q2-update/bin/../lib/gcc/arm-none-eabi/7.3.1/../../../../arm-none-eabi/lib/thumb/v7e-m/libc_nano.a(lib_a-nano-mallocr.o)
                0x0000000008002984                _malloc_r
 .text.__sfputc_r
                0x0000000008002a38       0x2a /home/vagrant/gcc-arm-none-eabi-7-2018-q2-update/bin/../lib/gcc/arm-none-eabi/7.3.1/../../../../arm-none-eabi/lib/thumb/v7e-m/libc_nano.a(lib_a-nano-vfprintf.o)
 .text.__sfputs_r
                0x0000000008002a62       0x24 /home/vagrant/gcc-arm-none-eabi-7-2018-q2-update/bin/../lib/gcc/arm-none-eabi/7.3.1/../../../../arm-none-eabi/lib/thumb/v7e-m/libc_nano.a(lib_a-nano-vfprintf.o)
                0x0000000008002a62                __sfputs_r
 *fill*         0x0000000008002a86        0x2 
 .text._vfprintf_r
                0x0000000008002a88      0x22c /home/vagrant/gcc-arm-none-eabi-7-2018-q2-update/bin/../lib/gcc/arm-none-eabi/7.3.1/../../../../arm-none-eabi/lib/thumb/v7e-m/libc_nano.a(lib_a-nano-vfprintf.o)
                0x0000000008002a88                _vfiprintf_r
                0x0000000008002a88                _vfprintf_r
 .text._printf_common
                0x0000000008002cb4       0xea /home/vagrant/gcc-arm-none-eabi-7-2018-q2-update/bin/../lib/gcc/arm-none-eabi/7.3.1/../../../../arm-none-eabi/lib/thumb/v7e-m/libc_nano.a(lib_a-nano-vfprintf_i.o)
                0x0000000008002cb4                _printf_common
 *fill*         0x0000000008002d9e        0x2 
 .text._printf_i
                0x0000000008002da0      0x224 /home/vagrant/gcc-arm-none-eabi-7-2018-q2-update/bin/../lib/gcc/arm-none-eabi/7.3.1/../../../../arm-none-eabi/lib/thumb/v7e-m/libc_nano.a(lib_a-nano-vfprintf_i.o)
                0x0000000008002da0                _printf_i
 .text.__sread  0x0000000008002fc4       0x22 /home/vagrant/gcc-arm-none-eabi-7-2018-q2-update/bin/../lib/gcc/arm-none-eabi/7.3.1/../../../../arm-none-eabi/lib/thumb/v7e-m/libc_nano.a(lib_a-stdio.o)
                0x0000000008002fc4                __sread
 .text.__swrite
                0x0000000008002fe6       0x38 /home/vagrant/gcc-arm-none-eabi-7-2018-q2-update/bin/../lib/gcc/arm-none-eabi/7.3.1/../../../../arm-none-eabi/lib/thumb/v7e-m/libc_nano.a(lib_a-stdio.o)
                0x0000000008002fe6                __swrite
 .text.__sseek  0x000000000800301e       0x24 /home/vagrant/gcc-arm-none-eabi-7-2018-q2-update/bin/../lib/gcc/arm-none-eabi/7.3.1/../../../../arm-none-eabi/lib/thumb/v7e-m/libc_nano.a(lib_a-stdio.o)
                0x000000000800301e                __sseek
 .text.__sclose
                0x0000000008003042        0x8 /home/vagrant/gcc-arm-none-eabi-7-2018-q2-update/bin/../lib/gcc/arm-none-eabi/7.3.1/../../../../arm-none-eabi/lib/thumb/v7e-m/libc_nano.a(lib_a-stdio.o)
                0x0000000008003042                __sclose
 *fill*         0x000000000800304a        0x6 
 .text          0x0000000008003050       0xa0 /home/vagrant/gcc-arm-none-eabi-7-2018-q2-update/bin/../lib/gcc/arm-none-eabi/7.3.1/../../../../arm-none-eabi/lib/thumb/v7e-m/libc_nano.a(lib_a-memchr.o)
                0x0000000008003050                memchr
 .text.__malloc_lock
                0x00000000080030f0        0x2 /home/vagrant/gcc-arm-none-eabi-7-2018-q2-update/bin/../lib/gcc/arm-none-eabi/7.3.1/../../../../arm-none-eabi/lib/thumb/v7e-m/libc_nano.a(lib_a-mlock.o)
                0x00000000080030f0                __malloc_lock
 .text.__malloc_unlock
                0x00000000080030f2        0x2 /home/vagrant/gcc-arm-none-eabi-7-2018-q2-update/bin/../lib/gcc/arm-none-eabi/7.3.1/../../../../arm-none-eabi/lib/thumb/v7e-m/libc_nano.a(lib_a-mlock.o)
                0x00000000080030f2                __malloc_unlock
 *(.glue_7t)
 .glue_7t       0x00000000080030f4        0x0 linker stubs
 *(.glue_7)
 .glue_7        0x00000000080030f4        0x0 linker stubs
 *(.rodata .rodata* .gnu.linkonce.r.*)
 .rodata.bus_fault_default.str1.1
                0x00000000080030f4       0x12 /home/vagrant/RIOT/examples/Button/bin/nucleo-l496zg/cortexm_common.a(vectors_cortexm.o)
 .rodata.debug_mon_default.str1.1
                0x0000000008003106       0x12 /home/vagrant/RIOT/examples/Button/bin/nucleo-l496zg/cortexm_common.a(vectors_cortexm.o)
 .rodata.dummy_handler_default.str1.1
                0x0000000008003118        0xe /home/vagrant/RIOT/examples/Button/bin/nucleo-l496zg/cortexm_common.a(vectors_cortexm.o)
 .rodata.hard_fault_handler.str1.1
                0x0000000008003126      0x1f4 /home/vagrant/RIOT/examples/Button/bin/nucleo-l496zg/cortexm_common.a(vectors_cortexm.o)
 .rodata.mem_manage_default.str1.1
                0x000000000800331a       0x13 /home/vagrant/RIOT/examples/Button/bin/nucleo-l496zg/cortexm_common.a(vectors_cortexm.o)
 .rodata.nmi_default.str1.1
                0x000000000800332d        0xc /home/vagrant/RIOT/examples/Button/bin/nucleo-l496zg/cortexm_common.a(vectors_cortexm.o)
 .rodata.usage_fault_default.str1.1
                0x0000000008003339       0x14 /home/vagrant/RIOT/examples/Button/bin/nucleo-l496zg/cortexm_common.a(vectors_cortexm.o)
 *fill*         0x000000000800334d        0x3 
 .rodata.uart_config
                0x0000000008003350       0x28 /home/vagrant/RIOT/examples/Button/bin/nucleo-l496zg/stm32_common_periph.a(uart.o)
 .rodata.assert_crash_message
                0x0000000008003378       0x12 /home/vagrant/RIOT/examples/Button/bin/nucleo-l496zg/core.a(panic.o)
                0x0000000008003378                assert_crash_message
 .rodata.core_panic.str1.1
                0x000000000800338a       0x2a /home/vagrant/RIOT/examples/Button/bin/nucleo-l496zg/core.a(panic.o)
                                         0x30 (size before relaxing)
 .rodata.main_trampoline.str1.1
                0x00000000080033b4       0x49 /home/vagrant/RIOT/examples/Button/bin/nucleo-l496zg/core.a(kernel_init.o)
 .rodata.str1.1
                0x00000000080033fd        0xa /home/vagrant/RIOT/examples/Button/bin/nucleo-l496zg/core.a(kernel_init.o)
 .rodata        0x0000000008003407        0x2 /home/vagrant/RIOT/examples/Button/bin/nucleo-l496zg/ps.a(ps.o)
 .rodata.ps.str1.1
                0x0000000008003409       0xfd /home/vagrant/RIOT/examples/Button/bin/nucleo-l496zg/ps.a(ps.o)
 *fill*         0x0000000008003506        0x2 
 .rodata.state_names
                0x0000000008003508       0x2c /home/vagrant/RIOT/examples/Button/bin/nucleo-l496zg/ps.a(ps.o)
 .rodata.str1.1
                0x0000000008003534       0x5b /home/vagrant/RIOT/examples/Button/bin/nucleo-l496zg/ps.a(ps.o)
 .rodata.apbmul
                0x000000000800358f        0x2 /home/vagrant/RIOT/examples/Button/bin/nucleo-l496zg/stm32_common.a(cpu_common.o)
 *fill*         0x0000000008003591        0x3 
 .rodata.timer_config
                0x0000000008003594       0x20 /home/vagrant/RIOT/examples/Button/bin/nucleo-l496zg/stm32_common_periph.a(timer.o)
 .rodata        0x00000000080035b4        0xc /home/vagrant/RIOT/examples/Button/bin/nucleo-l496zg/application_user_button.a(main.o)
 .rodata.cb.str1.1
                0x00000000080035c0       0x60 /home/vagrant/RIOT/examples/Button/bin/nucleo-l496zg/application_user_button.a(main.o)
 .rodata.main.str1.1
                0x0000000008003620       0x57 /home/vagrant/RIOT/examples/Button/bin/nucleo-l496zg/application_user_button.a(main.o)
 .rodata.on_modem_command_completed_callback.str1.1
                0x0000000008003677       0x28 /home/vagrant/RIOT/examples/Button/bin/nucleo-l496zg/application_user_button.a(main.o)
 .rodata.on_modem_return_file_data_callback.str1.1
                0x000000000800369f       0x3e /home/vagrant/RIOT/examples/Button/bin/nucleo-l496zg/application_user_button.a(main.o)
 .rodata.on_modem_write_file_data_callback.str1.1
                0x00000000080036dd       0x3d /home/vagrant/RIOT/examples/Button/bin/nucleo-l496zg/application_user_button.a(main.o)
 *fill*         0x000000000800371a        0x2 
 .rodata.saul_gpio_params
                0x000000000800371c       0x30 /home/vagrant/RIOT/examples/Button/bin/nucleo-l496zg/auto_init_saul.a(auto_init_gpio.o)
 .rodata.str1.1
                0x000000000800374c       0x2e /home/vagrant/RIOT/examples/Button/bin/nucleo-l496zg/auto_init_saul.a(auto_init_gpio.o)
 .rodata.alloc_command.str1.1
                0x000000000800377a       0x1b /home/vagrant/RIOT/examples/Button/bin/nucleo-l496zg/oss7_modem.a(modem.o)
 .rodata.block_until_cmd_completed.constprop.3.str1.1
                0x0000000008003795       0x18 /home/vagrant/RIOT/examples/Button/bin/nucleo-l496zg/oss7_modem.a(modem.o)
 .rodata.modem_init.str1.1
                0x00000000080037ad        0xe /home/vagrant/RIOT/examples/Button/bin/nucleo-l496zg/oss7_modem.a(modem.o)
 .rodata.process_serial_frame.str1.1
                0x00000000080037bb       0x66 /home/vagrant/RIOT/examples/Button/bin/nucleo-l496zg/oss7_modem.a(modem.o)
 .rodata.rx_thread.str1.1
                0x0000000008003821       0x26 /home/vagrant/RIOT/examples/Button/bin/nucleo-l496zg/oss7_modem.a(modem.o)
 .rodata.send.str1.1
                0x0000000008003847        0xc /home/vagrant/RIOT/examples/Button/bin/nucleo-l496zg/oss7_modem.a(modem.o)
 *fill*         0x0000000008003853        0x1 
 .rodata.gpio_in_saul_driver
                0x0000000008003854        0xc /home/vagrant/RIOT/examples/Button/bin/nucleo-l496zg/saul.a(gpio_saul.o)
                0x0000000008003854                gpio_in_saul_driver
 .rodata.gpio_out_saul_driver
                0x0000000008003860        0xc /home/vagrant/RIOT/examples/Button/bin/nucleo-l496zg/saul.a(gpio_saul.o)
                0x0000000008003860                gpio_out_saul_driver
 .rodata._global_impure_ptr
                0x000000000800386c        0x4 /home/vagrant/gcc-arm-none-eabi-7-2018-q2-update/bin/../lib/gcc/arm-none-eabi/7.3.1/../../../../arm-none-eabi/lib/thumb/v7e-m/libc_nano.a(lib_a-impure.o)
                0x000000000800386c                _global_impure_ptr
 .rodata.__sf_fake_stderr
                0x0000000008003870       0x20 /home/vagrant/gcc-arm-none-eabi-7-2018-q2-update/bin/../lib/gcc/arm-none-eabi/7.3.1/../../../../arm-none-eabi/lib/thumb/v7e-m/libc_nano.a(lib_a-findfp.o)
                0x0000000008003870                __sf_fake_stderr
 .rodata.__sf_fake_stdin
                0x0000000008003890       0x20 /home/vagrant/gcc-arm-none-eabi-7-2018-q2-update/bin/../lib/gcc/arm-none-eabi/7.3.1/../../../../arm-none-eabi/lib/thumb/v7e-m/libc_nano.a(lib_a-findfp.o)
                0x0000000008003890                __sf_fake_stdin
 .rodata.__sf_fake_stdout
                0x00000000080038b0       0x20 /home/vagrant/gcc-arm-none-eabi-7-2018-q2-update/bin/../lib/gcc/arm-none-eabi/7.3.1/../../../../arm-none-eabi/lib/thumb/v7e-m/libc_nano.a(lib_a-findfp.o)
                0x00000000080038b0                __sf_fake_stdout
 .rodata._vfprintf_r.str1.1
                0x00000000080038d0       0x11 /home/vagrant/gcc-arm-none-eabi-7-2018-q2-update/bin/../lib/gcc/arm-none-eabi/7.3.1/../../../../arm-none-eabi/lib/thumb/v7e-m/libc_nano.a(lib_a-nano-vfprintf.o)
 .rodata._printf_i.str1.1
                0x00000000080038e1       0x22 /home/vagrant/gcc-arm-none-eabi-7-2018-q2-update/bin/../lib/gcc/arm-none-eabi/7.3.1/../../../../arm-none-eabi/lib/thumb/v7e-m/libc_nano.a(lib_a-nano-vfprintf_i.o)
 *(.ARM.extab* .gnu.linkonce.armextab.*)
                0x0000000008003904                . = ALIGN (0x4)
 *fill*         0x0000000008003903        0x1 
 *(.init)
                0x0000000008003904                . = ALIGN (0x4)
                0x0000000008003904                __preinit_array_start = .
 *(.preinit_array)
                0x0000000008003904                __preinit_array_end = .
                0x0000000008003904                . = ALIGN (0x4)
                0x0000000008003904                __init_array_start = .
 *(SORT_BY_NAME(.init_array.*))
 *(.init_array)
                0x0000000008003904                __init_array_end = .
                0x0000000008003904                . = ALIGN (0x4)
 *crtbegin.o(.ctors)
 *(EXCLUDE_FILE(*crtend.o) .ctors)
 *(SORT_BY_NAME(.ctors.*))
 *crtend.o(.ctors)
                0x0000000008003904                . = ALIGN (0x4)
 *(.fini)
                0x0000000008003904                . = ALIGN (0x4)
                0x0000000008003904                __fini_array_start = .
 *(.fini_array)
 *(SORT_BY_NAME(.fini_array.*))
                0x0000000008003904                __fini_array_end = .
 *crtbegin.o(.dtors)
 *(EXCLUDE_FILE(*crtend.o) .dtors)
 *(SORT_BY_NAME(.dtors.*))
 *crtend.o(.dtors)
                0x0000000008003904                . = ALIGN (0x4)
                0x0000000008003904                _efixed = .
                [!provide]                        PROVIDE (__exidx_start = .)

.vfp11_veneer   0x0000000008003904        0x0
 .vfp11_veneer  0x0000000008003904        0x0 linker stubs

.v4_bx          0x0000000008003904        0x0
 .v4_bx         0x0000000008003904        0x0 linker stubs

.iplt           0x0000000008003904        0x0
 .iplt          0x0000000008003904        0x0 /home/vagrant/RIOT/examples/Button/bin/nucleo-l496zg/cpu/vectors.o

.igot.plt       0x0000000008003904        0x0
 .igot.plt      0x0000000008003904        0x0 /home/vagrant/RIOT/examples/Button/bin/nucleo-l496zg/cpu/vectors.o

.rel.dyn        0x0000000008003904        0x0
 .rel.iplt      0x0000000008003904        0x0 /home/vagrant/RIOT/examples/Button/bin/nucleo-l496zg/cpu/vectors.o

.ARM.exidx
 *(.ARM.exidx* .gnu.linkonce.armexidx.*)
                [!provide]                        PROVIDE (__exidx_end = .)
                0x0000000008003904                . = ALIGN (0x4)

.eh_frame
 *(.eh_frame)
                0x0000000008003904                . = ALIGN (0x4)
                0x0000000008003904                _etext = .

.stack          0x0000000020000000      0x200
 *(.puf)
                0x0000000020000000                . = ALIGN (0x8)
                0x0000000020000000                _sstack = .
 *(.isr_stack)
 .isr_stack     0x0000000020000000      0x200 /home/vagrant/RIOT/examples/Button/bin/nucleo-l496zg/cortexm_common.a(vectors_cortexm.o)
                0x0000000020000000                isr_stack
                0x0000000020000200                . = ALIGN (0x8)
                0x0000000020000200                _estack = .

.relocate       0x0000000020000200       0x98 load address 0x0000000008003904
                0x0000000020000200                . = ALIGN (0x4)
                0x0000000020000200                _srelocate = .
 *(.ramfunc .ramfunc.*)
 *(.data .data.*)
 .data.heap_top
                0x0000000020000200        0x4 /home/vagrant/RIOT/examples/Button/bin/nucleo-l496zg/newlib_syscalls_default/syscalls.o
                0x0000000020000200                heap_top
 .data.stdio_uart_isrpipe
                0x0000000020000204       0x14 /home/vagrant/RIOT/examples/Button/bin/nucleo-l496zg/stdio_uart.a(stdio_uart.o)
                0x0000000020000204                stdio_uart_isrpipe
 .data.idle_name
                0x0000000020000218        0x4 /home/vagrant/RIOT/examples/Button/bin/nucleo-l496zg/core.a(kernel_init.o)
                0x0000000020000218                idle_name
 .data.main_name
                0x000000002000021c        0x4 /home/vagrant/RIOT/examples/Button/bin/nucleo-l496zg/core.a(kernel_init.o)
                0x000000002000021c                main_name
 .data.d7_session_config
                0x0000000020000220        0xc /home/vagrant/RIOT/examples/Button/bin/nucleo-l496zg/application_user_button.a(main.o)
 .data.rx_mutex
                0x000000002000022c        0x4 /home/vagrant/RIOT/examples/Button/bin/nucleo-l496zg/oss7_modem.a(modem.o)
 .data._impure_ptr
                0x0000000020000230        0x4 /home/vagrant/gcc-arm-none-eabi-7-2018-q2-update/bin/../lib/gcc/arm-none-eabi/7.3.1/../../../../arm-none-eabi/lib/thumb/v7e-m/libc_nano.a(lib_a-impure.o)
                0x0000000020000230                _impure_ptr
 .data.impure_data
                0x0000000020000234       0x60 /home/vagrant/gcc-arm-none-eabi-7-2018-q2-update/bin/../lib/gcc/arm-none-eabi/7.3.1/../../../../arm-none-eabi/lib/thumb/v7e-m/libc_nano.a(lib_a-impure.o)
 *(.openocd .openocd.*)
 .openocd       0x0000000020000294        0x2 /home/vagrant/RIOT/examples/Button/bin/nucleo-l496zg/core.a(sched.o)
                0x0000000020000294                _tcb_name_offset
                0x0000000020000295                max_threads
                0x0000000020000298                . = ALIGN (0x4)
 *fill*         0x0000000020000296        0x2 
                0x0000000020000298                _erelocate = .

.bss            0x0000000020000298     0x1158 load address 0x000000000800399c
                0x0000000020000298                . = ALIGN (0x4)
                0x0000000020000298                _sbss = .
                0x0000000020000298                _szero = .
 *(.bss .bss.*)
 .bss.runqueue_bitcache
                0x0000000020000298        0x4 /home/vagrant/RIOT/examples/Button/bin/nucleo-l496zg/core.a(sched.o)
 .bss.sched_active_pid
                0x000000002000029c        0x2 /home/vagrant/RIOT/examples/Button/bin/nucleo-l496zg/core.a(sched.o)
                0x000000002000029c                sched_active_pid
 *fill*         0x000000002000029e        0x2 
 .bss.sched_active_thread
                0x00000000200002a0        0x4 /home/vagrant/RIOT/examples/Button/bin/nucleo-l496zg/core.a(sched.o)
                0x00000000200002a0                sched_active_thread
 .bss.sched_context_switch_request
                0x00000000200002a4        0x4 /home/vagrant/RIOT/examples/Button/bin/nucleo-l496zg/core.a(sched.o)
                0x00000000200002a4                sched_context_switch_request
 .bss.sched_num_threads
                0x00000000200002a8        0x4 /home/vagrant/RIOT/examples/Button/bin/nucleo-l496zg/core.a(sched.o)
                0x00000000200002a8                sched_num_threads
 .bss.sched_runqueues
                0x00000000200002ac       0x40 /home/vagrant/RIOT/examples/Button/bin/nucleo-l496zg/core.a(sched.o)
                0x00000000200002ac                sched_runqueues
 .bss.sched_threads
                0x00000000200002ec       0x84 /home/vagrant/RIOT/examples/Button/bin/nucleo-l496zg/core.a(sched.o)
                0x00000000200002ec                sched_threads
 .bss._rx_buf_mem
                0x0000000020000370       0x40 /home/vagrant/RIOT/examples/Button/bin/nucleo-l496zg/stdio_uart.a(stdio_uart.o)
 .bss.isr_ctx   0x00000000200003b0       0x10 /home/vagrant/RIOT/examples/Button/bin/nucleo-l496zg/stm32_common_periph.a(uart.o)
 .bss.isr_ctx   0x00000000200003c0       0x80 /home/vagrant/RIOT/examples/Button/bin/nucleo-l496zg/stm32_common_periph.a(gpio.o)
 .bss._in_handler
                0x0000000020000440        0x4 /home/vagrant/RIOT/examples/Button/bin/nucleo-l496zg/xtimer.a(xtimer_core.o)
 .bss._long_cnt
                0x0000000020000444        0x4 /home/vagrant/RIOT/examples/Button/bin/nucleo-l496zg/xtimer.a(xtimer_core.o)
 .bss.long_list_head
                0x0000000020000448        0x4 /home/vagrant/RIOT/examples/Button/bin/nucleo-l496zg/xtimer.a(xtimer_core.o)
 .bss.overflow_list_head
                0x000000002000044c        0x4 /home/vagrant/RIOT/examples/Button/bin/nucleo-l496zg/xtimer.a(xtimer_core.o)
 .bss.timer_list_head
                0x0000000020000450        0x4 /home/vagrant/RIOT/examples/Button/bin/nucleo-l496zg/xtimer.a(xtimer_core.o)
 .bss.crashed   0x0000000020000454        0x4 /home/vagrant/RIOT/examples/Button/bin/nucleo-l496zg/core.a(panic.o)
 .bss.idle_stack
                0x0000000020000458      0x100 /home/vagrant/RIOT/examples/Button/bin/nucleo-l496zg/core.a(kernel_init.o)
 .bss.main_stack
                0x0000000020000558      0x600 /home/vagrant/RIOT/examples/Button/bin/nucleo-l496zg/core.a(kernel_init.o)
 .bss.isr_ctx   0x0000000020000b58       0x10 /home/vagrant/RIOT/examples/Button/bin/nucleo-l496zg/stm32_common_periph.a(timer.o)
 .bss.saul_reg_entries
                0x0000000020000b68       0x40 /home/vagrant/RIOT/examples/Button/bin/nucleo-l496zg/auto_init_saul.a(auto_init_gpio.o)
 .bss.callbacks
                0x0000000020000ba8        0x4 /home/vagrant/RIOT/examples/Button/bin/nucleo-l496zg/oss7_modem.a(modem.o)
 .bss.cmd_mutex
                0x0000000020000bac        0x4 /home/vagrant/RIOT/examples/Button/bin/nucleo-l496zg/oss7_modem.a(modem.o)
 .bss.command   0x0000000020000bb0      0x11c /home/vagrant/RIOT/examples/Button/bin/nucleo-l496zg/oss7_modem.a(modem.o)
 .bss.next_tag_id
                0x0000000020000ccc        0x1 /home/vagrant/RIOT/examples/Button/bin/nucleo-l496zg/oss7_modem.a(modem.o)
 .bss.parsed_header
                0x0000000020000ccd        0x1 /home/vagrant/RIOT/examples/Button/bin/nucleo-l496zg/oss7_modem.a(modem.o)
 .bss.payload_len
                0x0000000020000cce        0x1 /home/vagrant/RIOT/examples/Button/bin/nucleo-l496zg/oss7_modem.a(modem.o)
 .bss.rx_buffer
                0x0000000020000ccf      0x100 /home/vagrant/RIOT/examples/Button/bin/nucleo-l496zg/oss7_modem.a(modem.o)
 *fill*         0x0000000020000dcf        0x1 
 .bss.rx_fifo   0x0000000020000dd0       0x10 /home/vagrant/RIOT/examples/Button/bin/nucleo-l496zg/oss7_modem.a(modem.o)
 .bss.rx_thread_stack
                0x0000000020000de0      0x600 /home/vagrant/RIOT/examples/Button/bin/nucleo-l496zg/oss7_modem.a(modem.o)
 .bss.uart_handle
                0x00000000200013e0        0x4 /home/vagrant/RIOT/examples/Button/bin/nucleo-l496zg/oss7_modem.a(modem.o)
 .bss.saul_reg  0x00000000200013e4        0x4 /home/vagrant/RIOT/examples/Button/bin/nucleo-l496zg/saul_reg.a(saul_reg.o)
                0x00000000200013e4                saul_reg
 .bss.__malloc_free_list
                0x00000000200013e8        0x4 /home/vagrant/gcc-arm-none-eabi-7-2018-q2-update/bin/../lib/gcc/arm-none-eabi/7.3.1/../../../../arm-none-eabi/lib/thumb/v7e-m/libc_nano.a(lib_a-nano-mallocr.o)
                0x00000000200013e8                __malloc_free_list
 .bss.__malloc_sbrk_start
                0x00000000200013ec        0x4 /home/vagrant/gcc-arm-none-eabi-7-2018-q2-update/bin/../lib/gcc/arm-none-eabi/7.3.1/../../../../arm-none-eabi/lib/thumb/v7e-m/libc_nano.a(lib_a-nano-mallocr.o)
                0x00000000200013ec                __malloc_sbrk_start
 *(COMMON)
                0x00000000200013f0                . = ALIGN (0x4)
                0x00000000200013f0                _ebss = .
                0x00000000200013f0                _ezero = .
                0x00000000200013f0                . = ALIGN (0x4)
                0x00000000200013f0                _sheap = .
                0x0000000020050000                _eheap = (ORIGIN (ram) + LENGTH (ram))
                0x0000000020000000                _sram = ORIGIN (ram)
                0x0000000020050000                _eram = (ORIGIN (ram) + LENGTH (ram))
OUTPUT(/home/vagrant/RIOT/examples/Button/bin/nucleo-l496zg/user_button.elf elf32-littlearm)

.debug_info     0x0000000000000000    0x2ded4
 .debug_info    0x0000000000000000      0x35e /home/vagrant/RIOT/examples/Button/bin/nucleo-l496zg/cpu/vectors.o
 .debug_info    0x000000000000035e     0x1dd6 /home/vagrant/RIOT/examples/Button/bin/nucleo-l496zg/newlib_syscalls_default/syscalls.o
 .debug_info    0x0000000000002134      0xde1 /home/vagrant/RIOT/examples/Button/bin/nucleo-l496zg/core.a(sched.o)
 .debug_info    0x0000000000002f15      0xf7b /home/vagrant/RIOT/examples/Button/bin/nucleo-l496zg/cortexm_common.a(thread_arch.o)
 .debug_info    0x0000000000003e90     0x1c4c /home/vagrant/RIOT/examples/Button/bin/nucleo-l496zg/cortexm_common.a(vectors_cortexm.o)
 .debug_info    0x0000000000005adc      0xc88 /home/vagrant/RIOT/examples/Button/bin/nucleo-l496zg/cortexm_common.a(irq_arch.o)
 .debug_info    0x0000000000006764     0x15e1 /home/vagrant/RIOT/examples/Button/bin/nucleo-l496zg/stdio_uart.a(stdio_uart.o)
 .debug_info    0x0000000000007d45     0x1d34 /home/vagrant/RIOT/examples/Button/bin/nucleo-l496zg/stm32_common_periph.a(uart.o)
 .debug_info    0x0000000000009a79     0x2027 /home/vagrant/RIOT/examples/Button/bin/nucleo-l496zg/stm32_common_periph.a(gpio.o)
 .debug_info    0x000000000000baa0     0x2039 /home/vagrant/RIOT/examples/Button/bin/nucleo-l496zg/xtimer.a(xtimer_core.o)
 .debug_info    0x000000000000dad9      0xb3e /home/vagrant/RIOT/examples/Button/bin/nucleo-l496zg/periph_common.a(pm.o)
 .debug_info    0x000000000000e617     0x147b /home/vagrant/RIOT/examples/Button/bin/nucleo-l496zg/boards_common_nucleo.a(board.o)
 .debug_info    0x000000000000fa92      0xd01 /home/vagrant/RIOT/examples/Button/bin/nucleo-l496zg/core.a(panic.o)
 .debug_info    0x0000000000010793      0xd42 /home/vagrant/RIOT/examples/Button/bin/nucleo-l496zg/core.a(kernel_init.o)
 .debug_info    0x00000000000114d5     0x119f /home/vagrant/RIOT/examples/Button/bin/nucleo-l496zg/core.a(thread.o)
 .debug_info    0x0000000000012674      0xddb /home/vagrant/RIOT/examples/Button/bin/nucleo-l496zg/cortexm_common_periph.a(pm.o)
 .debug_info    0x000000000001344f     0x19f4 /home/vagrant/RIOT/examples/Button/bin/nucleo-l496zg/isrpipe.a(isrpipe.o)
 .debug_info    0x0000000000014e43      0xd48 /home/vagrant/RIOT/examples/Button/bin/nucleo-l496zg/ps.a(ps.o)
 .debug_info    0x0000000000015b8b      0xbb8 /home/vagrant/RIOT/examples/Button/bin/nucleo-l496zg/stm32_common.a(cpu_init.o)
 .debug_info    0x0000000000016743     0x16f3 /home/vagrant/RIOT/examples/Button/bin/nucleo-l496zg/stm32_common.a(cpu_common.o)
 .debug_info    0x0000000000017e36     0x1b14 /home/vagrant/RIOT/examples/Button/bin/nucleo-l496zg/stm32_common_periph.a(timer.o)
 .debug_info    0x000000000001994a      0x39e /home/vagrant/RIOT/examples/Button/bin/nucleo-l496zg/tsrb.a(tsrb.o)
 .debug_info    0x0000000000019ce8       0x3b /home/vagrant/RIOT/examples/Button/bin/nucleo-l496zg/periph_common.a(init.o)
 .debug_info    0x0000000000019d23     0x1b53 /home/vagrant/RIOT/examples/Button/bin/nucleo-l496zg/application_user_button.a(main.o)
 .debug_info    0x000000000001b876     0x13cd /home/vagrant/RIOT/examples/Button/bin/nucleo-l496zg/auto_init.a(auto_init.o)
 .debug_info    0x000000000001cc43     0x1709 /home/vagrant/RIOT/examples/Button/bin/nucleo-l496zg/auto_init_saul.a(auto_init_gpio.o)
 .debug_info    0x000000000001e34c      0xe50 /home/vagrant/RIOT/examples/Button/bin/nucleo-l496zg/core.a(mutex.o)
 .debug_info    0x000000000001f19c     0x1170 /home/vagrant/RIOT/examples/Button/bin/nucleo-l496zg/cortexm_common.a(cortexm_init.o)
 .debug_info    0x000000000002030c     0x1725 /home/vagrant/RIOT/examples/Button/bin/nucleo-l496zg/cpu.a(stmclk.o)
 .debug_info    0x0000000000021a31     0x29ed /home/vagrant/RIOT/examples/Button/bin/nucleo-l496zg/oss7_modem.a(modem.o)
 .debug_info    0x000000000002441e     0x22b5 /home/vagrant/RIOT/examples/Button/bin/nucleo-l496zg/oss7_modem.a(alp.o)
 .debug_info    0x00000000000266d3     0x1258 /home/vagrant/RIOT/examples/Button/bin/nucleo-l496zg/oss7_modem.a(fifo.o)
 .debug_info    0x000000000002792b     0x17b4 /home/vagrant/RIOT/examples/Button/bin/nucleo-l496zg/saul.a(gpio_saul.o)
 .debug_info    0x00000000000290df      0x976 /home/vagrant/RIOT/examples/Button/bin/nucleo-l496zg/saul.a(saul.o)
 .debug_info    0x0000000000029a55      0xbeb /home/vagrant/RIOT/examples/Button/bin/nucleo-l496zg/saul_reg.a(saul_reg.o)
 .debug_info    0x000000000002a640     0x179f /home/vagrant/RIOT/examples/Button/bin/nucleo-l496zg/stm32_common.a(stmclk_common.o)
 .debug_info    0x000000000002bddf     0x20f5 /home/vagrant/RIOT/examples/Button/bin/nucleo-l496zg/xtimer.a(xtimer.o)

.debug_abbrev   0x0000000000000000     0x65e4
 .debug_abbrev  0x0000000000000000       0xe8 /home/vagrant/RIOT/examples/Button/bin/nucleo-l496zg/cpu/vectors.o
 .debug_abbrev  0x00000000000000e8      0x431 /home/vagrant/RIOT/examples/Button/bin/nucleo-l496zg/newlib_syscalls_default/syscalls.o
 .debug_abbrev  0x0000000000000519      0x322 /home/vagrant/RIOT/examples/Button/bin/nucleo-l496zg/core.a(sched.o)
 .debug_abbrev  0x000000000000083b      0x33c /home/vagrant/RIOT/examples/Button/bin/nucleo-l496zg/cortexm_common.a(thread_arch.o)
 .debug_abbrev  0x0000000000000b77      0x3c7 /home/vagrant/RIOT/examples/Button/bin/nucleo-l496zg/cortexm_common.a(vectors_cortexm.o)
 .debug_abbrev  0x0000000000000f3e      0x24f /home/vagrant/RIOT/examples/Button/bin/nucleo-l496zg/cortexm_common.a(irq_arch.o)
 .debug_abbrev  0x000000000000118d      0x26b /home/vagrant/RIOT/examples/Button/bin/nucleo-l496zg/stdio_uart.a(stdio_uart.o)
 .debug_abbrev  0x00000000000013f8      0x3e6 /home/vagrant/RIOT/examples/Button/bin/nucleo-l496zg/stm32_common_periph.a(uart.o)
 .debug_abbrev  0x00000000000017de      0x3cf /home/vagrant/RIOT/examples/Button/bin/nucleo-l496zg/stm32_common_periph.a(gpio.o)
 .debug_abbrev  0x0000000000001bad      0x543 /home/vagrant/RIOT/examples/Button/bin/nucleo-l496zg/xtimer.a(xtimer_core.o)
 .debug_abbrev  0x00000000000020f0      0x1ab /home/vagrant/RIOT/examples/Button/bin/nucleo-l496zg/periph_common.a(pm.o)
 .debug_abbrev  0x000000000000229b      0x219 /home/vagrant/RIOT/examples/Button/bin/nucleo-l496zg/boards_common_nucleo.a(board.o)
 .debug_abbrev  0x00000000000024b4      0x281 /home/vagrant/RIOT/examples/Button/bin/nucleo-l496zg/core.a(panic.o)
 .debug_abbrev  0x0000000000002735      0x241 /home/vagrant/RIOT/examples/Button/bin/nucleo-l496zg/core.a(kernel_init.o)
 .debug_abbrev  0x0000000000002976      0x334 /home/vagrant/RIOT/examples/Button/bin/nucleo-l496zg/core.a(thread.o)
 .debug_abbrev  0x0000000000002caa      0x255 /home/vagrant/RIOT/examples/Button/bin/nucleo-l496zg/cortexm_common_periph.a(pm.o)
 .debug_abbrev  0x0000000000002eff      0x340 /home/vagrant/RIOT/examples/Button/bin/nucleo-l496zg/isrpipe.a(isrpipe.o)
 .debug_abbrev  0x000000000000323f      0x21d /home/vagrant/RIOT/examples/Button/bin/nucleo-l496zg/ps.a(ps.o)
 .debug_abbrev  0x000000000000345c      0x1fd /home/vagrant/RIOT/examples/Button/bin/nucleo-l496zg/stm32_common.a(cpu_init.o)
 .debug_abbrev  0x0000000000003659      0x296 /home/vagrant/RIOT/examples/Button/bin/nucleo-l496zg/stm32_common.a(cpu_common.o)
 .debug_abbrev  0x00000000000038ef      0x392 /home/vagrant/RIOT/examples/Button/bin/nucleo-l496zg/stm32_common_periph.a(timer.o)
 .debug_abbrev  0x0000000000003c81      0x1a2 /home/vagrant/RIOT/examples/Button/bin/nucleo-l496zg/tsrb.a(tsrb.o)
 .debug_abbrev  0x0000000000003e23       0x2f /home/vagrant/RIOT/examples/Button/bin/nucleo-l496zg/periph_common.a(init.o)
 .debug_abbrev  0x0000000000003e52      0x2d7 /home/vagrant/RIOT/examples/Button/bin/nucleo-l496zg/application_user_button.a(main.o)
 .debug_abbrev  0x0000000000004129      0x222 /home/vagrant/RIOT/examples/Button/bin/nucleo-l496zg/auto_init.a(auto_init.o)
 .debug_abbrev  0x000000000000434b      0x256 /home/vagrant/RIOT/examples/Button/bin/nucleo-l496zg/auto_init_saul.a(auto_init_gpio.o)
 .debug_abbrev  0x00000000000045a1      0x2b8 /home/vagrant/RIOT/examples/Button/bin/nucleo-l496zg/core.a(mutex.o)
 .debug_abbrev  0x0000000000004859      0x2b0 /home/vagrant/RIOT/examples/Button/bin/nucleo-l496zg/cortexm_common.a(cortexm_init.o)
 .debug_abbrev  0x0000000000004b09      0x20f /home/vagrant/RIOT/examples/Button/bin/nucleo-l496zg/cpu.a(stmclk.o)
 .debug_abbrev  0x0000000000004d18      0x526 /home/vagrant/RIOT/examples/Button/bin/nucleo-l496zg/oss7_modem.a(modem.o)
 .debug_abbrev  0x000000000000523e      0x466 /home/vagrant/RIOT/examples/Button/bin/nucleo-l496zg/oss7_modem.a(alp.o)
 .debug_abbrev  0x00000000000056a4      0x336 /home/vagrant/RIOT/examples/Button/bin/nucleo-l496zg/oss7_modem.a(fifo.o)
 .debug_abbrev  0x00000000000059da      0x25b /home/vagrant/RIOT/examples/Button/bin/nucleo-l496zg/saul.a(gpio_saul.o)
 .debug_abbrev  0x0000000000005c35      0x19e /home/vagrant/RIOT/examples/Button/bin/nucleo-l496zg/saul.a(saul.o)
 .debug_abbrev  0x0000000000005dd3      0x206 /home/vagrant/RIOT/examples/Button/bin/nucleo-l496zg/saul_reg.a(saul_reg.o)
 .debug_abbrev  0x0000000000005fd9      0x207 /home/vagrant/RIOT/examples/Button/bin/nucleo-l496zg/stm32_common.a(stmclk_common.o)
 .debug_abbrev  0x00000000000061e0      0x404 /home/vagrant/RIOT/examples/Button/bin/nucleo-l496zg/xtimer.a(xtimer.o)

.debug_aranges  0x0000000000000000      0xa30
 .debug_aranges
                0x0000000000000000       0x20 /home/vagrant/RIOT/examples/Button/bin/nucleo-l496zg/cpu/vectors.o
 .debug_aranges
                0x0000000000000020       0xb8 /home/vagrant/RIOT/examples/Button/bin/nucleo-l496zg/newlib_syscalls_default/syscalls.o
 .debug_aranges
                0x00000000000000d8       0x38 /home/vagrant/RIOT/examples/Button/bin/nucleo-l496zg/core.a(sched.o)
 .debug_aranges
                0x0000000000000110       0x60 /home/vagrant/RIOT/examples/Button/bin/nucleo-l496zg/cortexm_common.a(thread_arch.o)
 .debug_aranges
                0x0000000000000170       0x68 /home/vagrant/RIOT/examples/Button/bin/nucleo-l496zg/cortexm_common.a(vectors_cortexm.o)
 .debug_aranges
                0x00000000000001d8       0x38 /home/vagrant/RIOT/examples/Button/bin/nucleo-l496zg/cortexm_common.a(irq_arch.o)
 .debug_aranges
                0x0000000000000210       0x30 /home/vagrant/RIOT/examples/Button/bin/nucleo-l496zg/stdio_uart.a(stdio_uart.o)
 .debug_aranges
                0x0000000000000240       0x50 /home/vagrant/RIOT/examples/Button/bin/nucleo-l496zg/stm32_common_periph.a(uart.o)
 .debug_aranges
                0x0000000000000290       0x78 /home/vagrant/RIOT/examples/Button/bin/nucleo-l496zg/stm32_common_periph.a(gpio.o)
 .debug_aranges
                0x0000000000000308       0x78 /home/vagrant/RIOT/examples/Button/bin/nucleo-l496zg/xtimer.a(xtimer_core.o)
 .debug_aranges
                0x0000000000000380       0x20 /home/vagrant/RIOT/examples/Button/bin/nucleo-l496zg/periph_common.a(pm.o)
 .debug_aranges
                0x00000000000003a0       0x20 /home/vagrant/RIOT/examples/Button/bin/nucleo-l496zg/boards_common_nucleo.a(board.o)
 .debug_aranges
                0x00000000000003c0       0x28 /home/vagrant/RIOT/examples/Button/bin/nucleo-l496zg/core.a(panic.o)
 .debug_aranges
                0x00000000000003e8       0x30 /home/vagrant/RIOT/examples/Button/bin/nucleo-l496zg/core.a(kernel_init.o)
 .debug_aranges
                0x0000000000000418       0x60 /home/vagrant/RIOT/examples/Button/bin/nucleo-l496zg/core.a(thread.o)
 .debug_aranges
                0x0000000000000478       0x28 /home/vagrant/RIOT/examples/Button/bin/nucleo-l496zg/cortexm_common_periph.a(pm.o)
 .debug_aranges
                0x00000000000004a0       0x48 /home/vagrant/RIOT/examples/Button/bin/nucleo-l496zg/isrpipe.a(isrpipe.o)
 .debug_aranges
                0x00000000000004e8       0x20 /home/vagrant/RIOT/examples/Button/bin/nucleo-l496zg/ps.a(ps.o)
 .debug_aranges
                0x0000000000000508       0x20 /home/vagrant/RIOT/examples/Button/bin/nucleo-l496zg/stm32_common.a(cpu_init.o)
 .debug_aranges
                0x0000000000000528       0x38 /home/vagrant/RIOT/examples/Button/bin/nucleo-l496zg/stm32_common.a(cpu_common.o)
 .debug_aranges
                0x0000000000000560       0x60 /home/vagrant/RIOT/examples/Button/bin/nucleo-l496zg/stm32_common_periph.a(timer.o)
 .debug_aranges
                0x00000000000005c0       0x48 /home/vagrant/RIOT/examples/Button/bin/nucleo-l496zg/tsrb.a(tsrb.o)
 .debug_aranges
                0x0000000000000608       0x20 /home/vagrant/RIOT/examples/Button/bin/nucleo-l496zg/periph_common.a(init.o)
 .debug_aranges
                0x0000000000000628       0x40 /home/vagrant/RIOT/examples/Button/bin/nucleo-l496zg/application_user_button.a(main.o)
 .debug_aranges
                0x0000000000000668       0x20 /home/vagrant/RIOT/examples/Button/bin/nucleo-l496zg/auto_init.a(auto_init.o)
 .debug_aranges
                0x0000000000000688       0x20 /home/vagrant/RIOT/examples/Button/bin/nucleo-l496zg/auto_init_saul.a(auto_init_gpio.o)
 .debug_aranges
                0x00000000000006a8       0x30 /home/vagrant/RIOT/examples/Button/bin/nucleo-l496zg/core.a(mutex.o)
 .debug_aranges
                0x00000000000006d8       0x20 /home/vagrant/RIOT/examples/Button/bin/nucleo-l496zg/cortexm_common.a(cortexm_init.o)
 .debug_aranges
                0x00000000000006f8       0x20 /home/vagrant/RIOT/examples/Button/bin/nucleo-l496zg/cpu.a(stmclk.o)
 .debug_aranges
                0x0000000000000718       0xa0 /home/vagrant/RIOT/examples/Button/bin/nucleo-l496zg/oss7_modem.a(modem.o)
 .debug_aranges
                0x00000000000007b8       0x98 /home/vagrant/RIOT/examples/Button/bin/nucleo-l496zg/oss7_modem.a(alp.o)
 .debug_aranges
                0x0000000000000850       0x70 /home/vagrant/RIOT/examples/Button/bin/nucleo-l496zg/oss7_modem.a(fifo.o)
 .debug_aranges
                0x00000000000008c0       0x28 /home/vagrant/RIOT/examples/Button/bin/nucleo-l496zg/saul.a(gpio_saul.o)
 .debug_aranges
                0x00000000000008e8       0x20 /home/vagrant/RIOT/examples/Button/bin/nucleo-l496zg/saul.a(saul.o)
 .debug_aranges
                0x0000000000000908       0x50 /home/vagrant/RIOT/examples/Button/bin/nucleo-l496zg/saul_reg.a(saul_reg.o)
 .debug_aranges
                0x0000000000000958       0x48 /home/vagrant/RIOT/examples/Button/bin/nucleo-l496zg/stm32_common.a(stmclk_common.o)
 .debug_aranges
                0x00000000000009a0       0x90 /home/vagrant/RIOT/examples/Button/bin/nucleo-l496zg/xtimer.a(xtimer.o)

.debug_ranges   0x0000000000000000     0x10c8
 .debug_ranges  0x0000000000000000       0x10 /home/vagrant/RIOT/examples/Button/bin/nucleo-l496zg/cpu/vectors.o
 .debug_ranges  0x0000000000000010      0x108 /home/vagrant/RIOT/examples/Button/bin/nucleo-l496zg/newlib_syscalls_default/syscalls.o
 .debug_ranges  0x0000000000000118       0x88 /home/vagrant/RIOT/examples/Button/bin/nucleo-l496zg/core.a(sched.o)
 .debug_ranges  0x00000000000001a0       0x80 /home/vagrant/RIOT/examples/Button/bin/nucleo-l496zg/cortexm_common.a(thread_arch.o)
 .debug_ranges  0x0000000000000220       0x58 /home/vagrant/RIOT/examples/Button/bin/nucleo-l496zg/cortexm_common.a(vectors_cortexm.o)
 .debug_ranges  0x0000000000000278       0x28 /home/vagrant/RIOT/examples/Button/bin/nucleo-l496zg/cortexm_common.a(irq_arch.o)
 .debug_ranges  0x00000000000002a0       0x20 /home/vagrant/RIOT/examples/Button/bin/nucleo-l496zg/stdio_uart.a(stdio_uart.o)
 .debug_ranges  0x00000000000002c0       0x70 /home/vagrant/RIOT/examples/Button/bin/nucleo-l496zg/stm32_common_periph.a(uart.o)
 .debug_ranges  0x0000000000000330       0xb8 /home/vagrant/RIOT/examples/Button/bin/nucleo-l496zg/stm32_common_periph.a(gpio.o)
 .debug_ranges  0x00000000000003e8      0x250 /home/vagrant/RIOT/examples/Button/bin/nucleo-l496zg/xtimer.a(xtimer_core.o)
 .debug_ranges  0x0000000000000638       0x10 /home/vagrant/RIOT/examples/Button/bin/nucleo-l496zg/periph_common.a(pm.o)
 .debug_ranges  0x0000000000000648       0x10 /home/vagrant/RIOT/examples/Button/bin/nucleo-l496zg/boards_common_nucleo.a(board.o)
 .debug_ranges  0x0000000000000658       0x18 /home/vagrant/RIOT/examples/Button/bin/nucleo-l496zg/core.a(panic.o)
 .debug_ranges  0x0000000000000670       0x20 /home/vagrant/RIOT/examples/Button/bin/nucleo-l496zg/core.a(kernel_init.o)
 .debug_ranges  0x0000000000000690       0xb0 /home/vagrant/RIOT/examples/Button/bin/nucleo-l496zg/core.a(thread.o)
 .debug_ranges  0x0000000000000740       0x38 /home/vagrant/RIOT/examples/Button/bin/nucleo-l496zg/cortexm_common_periph.a(pm.o)
 .debug_ranges  0x0000000000000778       0x68 /home/vagrant/RIOT/examples/Button/bin/nucleo-l496zg/isrpipe.a(isrpipe.o)
 .debug_ranges  0x00000000000007e0       0x58 /home/vagrant/RIOT/examples/Button/bin/nucleo-l496zg/ps.a(ps.o)
 .debug_ranges  0x0000000000000838       0x10 /home/vagrant/RIOT/examples/Button/bin/nucleo-l496zg/stm32_common.a(cpu_init.o)
 .debug_ranges  0x0000000000000848       0x28 /home/vagrant/RIOT/examples/Button/bin/nucleo-l496zg/stm32_common.a(cpu_common.o)
 .debug_ranges  0x0000000000000870       0xe8 /home/vagrant/RIOT/examples/Button/bin/nucleo-l496zg/stm32_common_periph.a(timer.o)
 .debug_ranges  0x0000000000000958       0x88 /home/vagrant/RIOT/examples/Button/bin/nucleo-l496zg/tsrb.a(tsrb.o)
 .debug_ranges  0x00000000000009e0       0x10 /home/vagrant/RIOT/examples/Button/bin/nucleo-l496zg/periph_common.a(init.o)
 .debug_ranges  0x00000000000009f0       0x30 /home/vagrant/RIOT/examples/Button/bin/nucleo-l496zg/application_user_button.a(main.o)
 .debug_ranges  0x0000000000000a20       0x10 /home/vagrant/RIOT/examples/Button/bin/nucleo-l496zg/auto_init.a(auto_init.o)
 .debug_ranges  0x0000000000000a30       0x40 /home/vagrant/RIOT/examples/Button/bin/nucleo-l496zg/auto_init_saul.a(auto_init_gpio.o)
 .debug_ranges  0x0000000000000a70       0x68 /home/vagrant/RIOT/examples/Button/bin/nucleo-l496zg/core.a(mutex.o)
 .debug_ranges  0x0000000000000ad8       0x68 /home/vagrant/RIOT/examples/Button/bin/nucleo-l496zg/cortexm_common.a(cortexm_init.o)
 .debug_ranges  0x0000000000000b40       0x10 /home/vagrant/RIOT/examples/Button/bin/nucleo-l496zg/cpu.a(stmclk.o)
 .debug_ranges  0x0000000000000b50       0xf8 /home/vagrant/RIOT/examples/Button/bin/nucleo-l496zg/oss7_modem.a(modem.o)
 .debug_ranges  0x0000000000000c48       0xd0 /home/vagrant/RIOT/examples/Button/bin/nucleo-l496zg/oss7_modem.a(alp.o)
 .debug_ranges  0x0000000000000d18       0xf8 /home/vagrant/RIOT/examples/Button/bin/nucleo-l496zg/oss7_modem.a(fifo.o)
 .debug_ranges  0x0000000000000e10       0x18 /home/vagrant/RIOT/examples/Button/bin/nucleo-l496zg/saul.a(gpio_saul.o)
 .debug_ranges  0x0000000000000e28       0x10 /home/vagrant/RIOT/examples/Button/bin/nucleo-l496zg/saul.a(saul.o)
 .debug_ranges  0x0000000000000e38       0x58 /home/vagrant/RIOT/examples/Button/bin/nucleo-l496zg/saul_reg.a(saul_reg.o)
 .debug_ranges  0x0000000000000e90       0x38 /home/vagrant/RIOT/examples/Button/bin/nucleo-l496zg/stm32_common.a(stmclk_common.o)
 .debug_ranges  0x0000000000000ec8      0x200 /home/vagrant/RIOT/examples/Button/bin/nucleo-l496zg/xtimer.a(xtimer.o)

.debug_macro    0x0000000000000000    0x3f5f1
 .debug_macro   0x0000000000000000       0xe0 /home/vagrant/RIOT/examples/Button/bin/nucleo-l496zg/cpu/vectors.o
 .debug_macro   0x00000000000000e0      0xa4e /home/vagrant/RIOT/examples/Button/bin/nucleo-l496zg/cpu/vectors.o
 .debug_macro   0x0000000000000b2e      0x136 /home/vagrant/RIOT/examples/Button/bin/nucleo-l496zg/cpu/vectors.o
 .debug_macro   0x0000000000000c64       0x28 /home/vagrant/RIOT/examples/Button/bin/nucleo-l496zg/cpu/vectors.o
 .debug_macro   0x0000000000000c8c       0x28 /home/vagrant/RIOT/examples/Button/bin/nucleo-l496zg/cpu/vectors.o
 .debug_macro   0x0000000000000cb4       0x22 /home/vagrant/RIOT/examples/Button/bin/nucleo-l496zg/cpu/vectors.o
 .debug_macro   0x0000000000000cd6       0x56 /home/vagrant/RIOT/examples/Button/bin/nucleo-l496zg/cpu/vectors.o
 .debug_macro   0x0000000000000d2c       0x51 /home/vagrant/RIOT/examples/Button/bin/nucleo-l496zg/cpu/vectors.o
 .debug_macro   0x0000000000000d7d       0xef /home/vagrant/RIOT/examples/Button/bin/nucleo-l496zg/cpu/vectors.o
 .debug_macro   0x0000000000000e6c       0x6a /home/vagrant/RIOT/examples/Button/bin/nucleo-l496zg/cpu/vectors.o
 .debug_macro   0x0000000000000ed6      0x1df /home/vagrant/RIOT/examples/Button/bin/nucleo-l496zg/cpu/vectors.o
 .debug_macro   0x00000000000010b5       0x35 /home/vagrant/RIOT/examples/Button/bin/nucleo-l496zg/cpu/vectors.o
 .debug_macro   0x00000000000010ea       0x50 /home/vagrant/RIOT/examples/Button/bin/nucleo-l496zg/cpu/vectors.o
 .debug_macro   0x000000000000113a      0xe66 /home/vagrant/RIOT/examples/Button/bin/nucleo-l496zg/cpu/vectors.o
 .debug_macro   0x0000000000001fa0    0x1c1e4 /home/vagrant/RIOT/examples/Button/bin/nucleo-l496zg/cpu/vectors.o
 .debug_macro   0x000000000001e184       0x28 /home/vagrant/RIOT/examples/Button/bin/nucleo-l496zg/cpu/vectors.o
 .debug_macro   0x000000000001e1ac       0x16 /home/vagrant/RIOT/examples/Button/bin/nucleo-l496zg/cpu/vectors.o
 .debug_macro   0x000000000001e1c2      0x4d2 /home/vagrant/RIOT/examples/Button/bin/nucleo-l496zg/newlib_syscalls_default/syscalls.o
 .debug_macro   0x000000000001e694      0xa4e /home/vagrant/RIOT/examples/Button/bin/nucleo-l496zg/newlib_syscalls_default/syscalls.o
 .debug_macro   0x000000000001f0e2       0x40 /home/vagrant/RIOT/examples/Button/bin/nucleo-l496zg/newlib_syscalls_default/syscalls.o
 .debug_macro   0x000000000001f122       0x18 /home/vagrant/RIOT/examples/Button/bin/nucleo-l496zg/newlib_syscalls_default/syscalls.o
 .debug_macro   0x000000000001f13a       0x5c /home/vagrant/RIOT/examples/Button/bin/nucleo-l496zg/newlib_syscalls_default/syscalls.o
 .debug_macro   0x000000000001f196       0x3c /home/vagrant/RIOT/examples/Button/bin/nucleo-l496zg/newlib_syscalls_default/syscalls.o
 .debug_macro   0x000000000001f1d2       0x34 /home/vagrant/RIOT/examples/Button/bin/nucleo-l496zg/newlib_syscalls_default/syscalls.o
 .debug_macro   0x000000000001f206       0x10 /home/vagrant/RIOT/examples/Button/bin/nucleo-l496zg/newlib_syscalls_default/syscalls.o
 .debug_macro   0x000000000001f216       0x57 /home/vagrant/RIOT/examples/Button/bin/nucleo-l496zg/newlib_syscalls_default/syscalls.o
 .debug_macro   0x000000000001f26d       0xcf /home/vagrant/RIOT/examples/Button/bin/nucleo-l496zg/newlib_syscalls_default/syscalls.o
 .debug_macro   0x000000000001f33c      0x353 /home/vagrant/RIOT/examples/Button/bin/nucleo-l496zg/newlib_syscalls_default/syscalls.o
 .debug_macro   0x000000000001f68f       0x10 /home/vagrant/RIOT/examples/Button/bin/nucleo-l496zg/newlib_syscalls_default/syscalls.o
 .debug_macro   0x000000000001f69f       0xb7 /home/vagrant/RIOT/examples/Button/bin/nucleo-l496zg/newlib_syscalls_default/syscalls.o
 .debug_macro   0x000000000001f756       0x52 /home/vagrant/RIOT/examples/Button/bin/nucleo-l496zg/newlib_syscalls_default/syscalls.o
 .debug_macro   0x000000000001f7a8       0x1f /home/vagrant/RIOT/examples/Button/bin/nucleo-l496zg/newlib_syscalls_default/syscalls.o
 .debug_macro   0x000000000001f7c7       0x43 /home/vagrant/RIOT/examples/Button/bin/nucleo-l496zg/newlib_syscalls_default/syscalls.o
 .debug_macro   0x000000000001f80a       0x20 /home/vagrant/RIOT/examples/Button/bin/nucleo-l496zg/newlib_syscalls_default/syscalls.o
 .debug_macro   0x000000000001f82a       0xb6 /home/vagrant/RIOT/examples/Button/bin/nucleo-l496zg/newlib_syscalls_default/syscalls.o
 .debug_macro   0x000000000001f8e0      0x4fe /home/vagrant/RIOT/examples/Button/bin/nucleo-l496zg/newlib_syscalls_default/syscalls.o
 .debug_macro   0x000000000001fdde      0x1a3 /home/vagrant/RIOT/examples/Button/bin/nucleo-l496zg/newlib_syscalls_default/syscalls.o
 .debug_macro   0x000000000001ff81       0x10 /home/vagrant/RIOT/examples/Button/bin/nucleo-l496zg/newlib_syscalls_default/syscalls.o
 .debug_macro   0x000000000001ff91       0x35 /home/vagrant/RIOT/examples/Button/bin/nucleo-l496zg/newlib_syscalls_default/syscalls.o
 .debug_macro   0x000000000001ffc6       0x10 /home/vagrant/RIOT/examples/Button/bin/nucleo-l496zg/newlib_syscalls_default/syscalls.o
 .debug_macro   0x000000000001ffd6      0x241 /home/vagrant/RIOT/examples/Button/bin/nucleo-l496zg/newlib_syscalls_default/syscalls.o
 .debug_macro   0x0000000000020217       0x16 /home/vagrant/RIOT/examples/Button/bin/nucleo-l496zg/newlib_syscalls_default/syscalls.o
 .debug_macro   0x000000000002022d       0x10 /home/vagrant/RIOT/examples/Button/bin/nucleo-l496zg/newlib_syscalls_default/syscalls.o
 .debug_macro   0x000000000002023d       0x16 /home/vagrant/RIOT/examples/Button/bin/nucleo-l496zg/newlib_syscalls_default/syscalls.o
 .debug_macro   0x0000000000020253       0xff /home/vagrant/RIOT/examples/Button/bin/nucleo-l496zg/newlib_syscalls_default/syscalls.o
 .debug_macro   0x0000000000020352       0x16 /home/vagrant/RIOT/examples/Button/bin/nucleo-l496zg/newlib_syscalls_default/syscalls.o
 .debug_macro   0x0000000000020368       0x22 /home/vagrant/RIOT/examples/Button/bin/nucleo-l496zg/newlib_syscalls_default/syscalls.o
 .debug_macro   0x000000000002038a       0x16 /home/vagrant/RIOT/examples/Button/bin/nucleo-l496zg/newlib_syscalls_default/syscalls.o
 .debug_macro   0x00000000000203a0       0x16 /home/vagrant/RIOT/examples/Button/bin/nucleo-l496zg/newlib_syscalls_default/syscalls.o
 .debug_macro   0x00000000000203b6       0x10 /home/vagrant/RIOT/examples/Button/bin/nucleo-l496zg/newlib_syscalls_default/syscalls.o
 .debug_macro   0x00000000000203c6       0x10 /home/vagrant/RIOT/examples/Button/bin/nucleo-l496zg/newlib_syscalls_default/syscalls.o
 .debug_macro   0x00000000000203d6       0x2e /home/vagrant/RIOT/examples/Button/bin/nucleo-l496zg/newlib_syscalls_default/syscalls.o
 .debug_macro   0x0000000000020404       0xf5 /home/vagrant/RIOT/examples/Button/bin/nucleo-l496zg/newlib_syscalls_default/syscalls.o
 .debug_macro   0x00000000000204f9       0x22 /home/vagrant/RIOT/examples/Button/bin/nucleo-l496zg/newlib_syscalls_default/syscalls.o
 .debug_macro   0x000000000002051b       0x2f /home/vagrant/RIOT/examples/Button/bin/nucleo-l496zg/newlib_syscalls_default/syscalls.o
 .debug_macro   0x000000000002054a       0x3b /home/vagrant/RIOT/examples/Button/bin/nucleo-l496zg/newlib_syscalls_default/syscalls.o
 .debug_macro   0x0000000000020585       0xd6 /home/vagrant/RIOT/examples/Button/bin/nucleo-l496zg/newlib_syscalls_default/syscalls.o
 .debug_macro   0x000000000002065b       0x10 /home/vagrant/RIOT/examples/Button/bin/nucleo-l496zg/newlib_syscalls_default/syscalls.o
 .debug_macro   0x000000000002066b      0x460 /home/vagrant/RIOT/examples/Button/bin/nucleo-l496zg/newlib_syscalls_default/syscalls.o
 .debug_macro   0x0000000000020acb       0x2b /home/vagrant/RIOT/examples/Button/bin/nucleo-l496zg/newlib_syscalls_default/syscalls.o
 .debug_macro   0x0000000000020af6       0xee /home/vagrant/RIOT/examples/Button/bin/nucleo-l496zg/newlib_syscalls_default/syscalls.o