Archive member included to satisfy reference by file (symbol)

/home/vagrant/RIOT/Iot_Guided_Tour/Handheld/bin/octa/core.a(sched.o)
                              /home/vagrant/RIOT/Iot_Guided_Tour/Handheld/bin/octa/newlib_syscalls_default/syscalls.o (sched_active_pid)
/home/vagrant/RIOT/Iot_Guided_Tour/Handheld/bin/octa/cortexm_common.a(thread_arch.o)
                              /home/vagrant/RIOT/Iot_Guided_Tour/Handheld/bin/octa/core.a(sched.o) (cpu_switch_context_exit)
/home/vagrant/RIOT/Iot_Guided_Tour/Handheld/bin/octa/cortexm_common.a(vectors_cortexm.o)
                              /home/vagrant/RIOT/Iot_Guided_Tour/Handheld/bin/octa/cpu/vectors.o (dummy_handler_default)
/home/vagrant/RIOT/Iot_Guided_Tour/Handheld/bin/octa/cortexm_common.a(irq_arch.o)
                              /home/vagrant/RIOT/Iot_Guided_Tour/Handheld/bin/octa/newlib_syscalls_default/syscalls.o (irq_disable)
/home/vagrant/RIOT/Iot_Guided_Tour/Handheld/bin/octa/div.a(div.o)
                              /home/vagrant/RIOT/Iot_Guided_Tour/Handheld/bin/octa/newlib_syscalls_default/syscalls.o (_div_mulhi64)
/home/vagrant/RIOT/Iot_Guided_Tour/Handheld/bin/octa/stdio_uart.a(stdio_uart.o)
                              /home/vagrant/RIOT/Iot_Guided_Tour/Handheld/bin/octa/newlib_syscalls_default/syscalls.o (stdio_init)
/home/vagrant/RIOT/Iot_Guided_Tour/Handheld/bin/octa/stm32_common_periph.a(uart.o)
                              /home/vagrant/RIOT/Iot_Guided_Tour/Handheld/bin/octa/stdio_uart.a(stdio_uart.o) (uart_write)
/home/vagrant/RIOT/Iot_Guided_Tour/Handheld/bin/octa/stm32_common_periph.a(gpio.o)
                              /home/vagrant/RIOT/Iot_Guided_Tour/Handheld/bin/octa/stm32_common_periph.a(uart.o) (gpio_init)
/home/vagrant/RIOT/Iot_Guided_Tour/Handheld/bin/octa/xtimer.a(xtimer_core.o)
                              /home/vagrant/RIOT/Iot_Guided_Tour/Handheld/bin/octa/newlib_syscalls_default/syscalls.o (_xtimer_now64)
/home/vagrant/RIOT/Iot_Guided_Tour/Handheld/bin/octa/periph_common.a(pm.o)
                              /home/vagrant/RIOT/Iot_Guided_Tour/Handheld/bin/octa/newlib_syscalls_default/syscalls.o (pm_off)
/home/vagrant/RIOT/Iot_Guided_Tour/Handheld/bin/octa/board.a(board.o)
                              /home/vagrant/RIOT/Iot_Guided_Tour/Handheld/bin/octa/cortexm_common.a(vectors_cortexm.o) (board_init)
/home/vagrant/RIOT/Iot_Guided_Tour/Handheld/bin/octa/core.a(panic.o)
                              /home/vagrant/RIOT/Iot_Guided_Tour/Handheld/bin/octa/cortexm_common.a(vectors_cortexm.o) (core_panic)
/home/vagrant/RIOT/Iot_Guided_Tour/Handheld/bin/octa/core.a(kernel_init.o)
                              /home/vagrant/RIOT/Iot_Guided_Tour/Handheld/bin/octa/cortexm_common.a(vectors_cortexm.o) (kernel_init)
/home/vagrant/RIOT/Iot_Guided_Tour/Handheld/bin/octa/core.a(thread.o)
                              /home/vagrant/RIOT/Iot_Guided_Tour/Handheld/bin/octa/core.a(kernel_init.o) (thread_create)
/home/vagrant/RIOT/Iot_Guided_Tour/Handheld/bin/octa/core.a(assert.o)
                              /home/vagrant/RIOT/Iot_Guided_Tour/Handheld/bin/octa/stm32_common_periph.a(uart.o) (_assert_failure)
/home/vagrant/RIOT/Iot_Guided_Tour/Handheld/bin/octa/cortexm_common_periph.a(pm.o)
                              /home/vagrant/RIOT/Iot_Guided_Tour/Handheld/bin/octa/core.a(kernel_init.o) (pm_set_lowest)
/home/vagrant/RIOT/Iot_Guided_Tour/Handheld/bin/octa/isrpipe.a(isrpipe.o)
                              /home/vagrant/RIOT/Iot_Guided_Tour/Handheld/bin/octa/stdio_uart.a(stdio_uart.o) (isrpipe_write_one)
/home/vagrant/RIOT/Iot_Guided_Tour/Handheld/bin/octa/ps.a(ps.o)
                              /home/vagrant/RIOT/Iot_Guided_Tour/Handheld/bin/octa/core.a(panic.o) (ps)
/home/vagrant/RIOT/Iot_Guided_Tour/Handheld/bin/octa/stm32_common.a(cpu_init.o)
                              /home/vagrant/RIOT/Iot_Guided_Tour/Handheld/bin/octa/board.a(board.o) (cpu_init)
/home/vagrant/RIOT/Iot_Guided_Tour/Handheld/bin/octa/stm32_common.a(cpu_common.o)
                              /home/vagrant/RIOT/Iot_Guided_Tour/Handheld/bin/octa/stm32_common_periph.a(uart.o) (periph_apb_clk)
/home/vagrant/RIOT/Iot_Guided_Tour/Handheld/bin/octa/stm32_common_periph.a(timer.o)
                              /home/vagrant/RIOT/Iot_Guided_Tour/Handheld/bin/octa/xtimer.a(xtimer_core.o) (timer_set_absolute)
/home/vagrant/RIOT/Iot_Guided_Tour/Handheld/bin/octa/tsrb.a(tsrb.o)
                              /home/vagrant/RIOT/Iot_Guided_Tour/Handheld/bin/octa/isrpipe.a(isrpipe.o) (tsrb_get)
/home/vagrant/RIOT/Iot_Guided_Tour/Handheld/bin/octa/periph_common.a(init.o)
                              /home/vagrant/RIOT/Iot_Guided_Tour/Handheld/bin/octa/stm32_common.a(cpu_init.o) (periph_init)
/home/vagrant/RIOT/Iot_Guided_Tour/Handheld/bin/octa/application_shell.a(main.o)
                              /home/vagrant/RIOT/Iot_Guided_Tour/Handheld/bin/octa/core.a(kernel_init.o) (main)
/home/vagrant/RIOT/Iot_Guided_Tour/Handheld/bin/octa/application_shell.a(lora_d7.o)
[...]
Memory Configuration

Name             Origin             Length             Attributes
ccmram           0x0000000010000000 0x0000000000000000
rom              0x0000000008000000 0x0000000000100000 xr
ram              0x0000000020000000 0x0000000000050000 w !xr
*default*        0x0000000000000000 0xffffffffffffffff

Linker script and memory map

LOAD /home/vagrant/RIOT/Iot_Guided_Tour/Handheld/bin/octa/cpu/vectors.o
LOAD /home/vagrant/RIOT/Iot_Guided_Tour/Handheld/bin/octa/newlib_syscalls_default/syscalls.o
START GROUP
LOAD /home/vagrant/RIOT/Iot_Guided_Tour/Handheld/bin/octa/application_shell.a
LOAD /home/vagrant/RIOT/Iot_Guided_Tour/Handheld/bin/octa/auto_init.a
LOAD /home/vagrant/RIOT/Iot_Guided_Tour/Handheld/bin/octa/auto_init_saul.a
LOAD /home/vagrant/RIOT/Iot_Guided_Tour/Handheld/bin/octa/board.a
LOAD /home/vagrant/RIOT/Iot_Guided_Tour/Handheld/bin/octa/boards_common_nucleo.a
LOAD /home/vagrant/RIOT/Iot_Guided_Tour/Handheld/bin/octa/core.a
LOAD /home/vagrant/RIOT/Iot_Guided_Tour/Handheld/bin/octa/cortexm_common.a
LOAD /home/vagrant/RIOT/Iot_Guided_Tour/Handheld/bin/octa/cortexm_common_periph.a
LOAD /home/vagrant/RIOT/Iot_Guided_Tour/Handheld/bin/octa/cpu.a
LOAD /home/vagrant/RIOT/Iot_Guided_Tour/Handheld/bin/octa/div.a
LOAD /home/vagrant/RIOT/Iot_Guided_Tour/Handheld/bin/octa/fmt.a
LOAD /home/vagrant/RIOT/Iot_Guided_Tour/Handheld/bin/octa/isrpipe.a
LOAD /home/vagrant/RIOT/Iot_Guided_Tour/Handheld/bin/octa/lsm303agr.a
LOAD /home/vagrant/RIOT/Iot_Guided_Tour/Handheld/bin/octa/minmea.a
LOAD /home/vagrant/RIOT/Iot_Guided_Tour/Handheld/bin/octa/newlib_syscalls_default.a
LOAD /home/vagrant/RIOT/Iot_Guided_Tour/Handheld/bin/octa/oss7_modem.a
LOAD /home/vagrant/RIOT/Iot_Guided_Tour/Handheld/bin/octa/periph.a
LOAD /home/vagrant/RIOT/Iot_Guided_Tour/Handheld/bin/octa/phydat.a
LOAD /home/vagrant/RIOT/Iot_Guided_Tour/Handheld/bin/octa/ps.a
LOAD /home/vagrant/RIOT/Iot_Guided_Tour/Handheld/bin/octa/saul.a
LOAD /home/vagrant/RIOT/Iot_Guided_Tour/Handheld/bin/octa/saul_reg.a
LOAD /home/vagrant/RIOT/Iot_Guided_Tour/Handheld/bin/octa/stdio_uart.a
LOAD /home/vagrant/RIOT/Iot_Guided_Tour/Handheld/bin/octa/stm32_common.a
LOAD /home/vagrant/RIOT/Iot_Guided_Tour/Handheld/bin/octa/stm32_common_periph.a
LOAD /home/vagrant/RIOT/Iot_Guided_Tour/Handheld/bin/octa/sys.a
LOAD /home/vagrant/RIOT/Iot_Guided_Tour/Handheld/bin/octa/tsrb.a
LOAD /home/vagrant/RIOT/Iot_Guided_Tour/Handheld/bin/octa/xtimer.a
LOAD /home/vagrant/RIOT/Iot_Guided_Tour/Handheld/bin/octa/periph_common.a
LOAD /home/vagrant/gcc-arm-none-eabi-7-2018-q2-update/bin/../lib/gcc/arm-none-eabi/7.3.1/../../../../arm-none-eabi/lib/thumb/v7e-m/libm.a
END GROUP
LOAD /home/vagrant/gcc-arm-none-eabi-7-2018-q2-update/bin/../lib/gcc/arm-none-eabi/7.3.1/thumb/v7e-m/libgcc.a
                0x0000000008000000                _rom_start_addr = 0x8000000
                0x0000000020000000                _ram_start_addr = 0x20000000
                0x0000000000100000                _rom_length = 0x100000
                0x0000000000050000                _ram_length = 0x50000
LOAD /home/vagrant/gcc-arm-none-eabi-7-2018-q2-update/bin/../lib/gcc/arm-none-eabi/7.3.1/../../../../arm-none-eabi/lib/thumb/v7e-m/libc_nano.a
START GROUP
LOAD /home/vagrant/gcc-arm-none-eabi-7-2018-q2-update/bin/../lib/gcc/arm-none-eabi/7.3.1/thumb/v7e-m/libgcc.a
LOAD /home/vagrant/gcc-arm-none-eabi-7-2018-q2-update/bin/../lib/gcc/arm-none-eabi/7.3.1/../../../../arm-none-eabi/lib/thumb/v7e-m/libg_nano.a
LOAD /home/vagrant/gcc-arm-none-eabi-7-2018-q2-update/bin/../lib/gcc/arm-none-eabi/7.3.1/../../../../arm-none-eabi/lib/thumb/v7e-m/libc_nano.a
END GROUP
START GROUP
LOAD /home/vagrant/gcc-arm-none-eabi-7-2018-q2-update/bin/../lib/gcc/arm-none-eabi/7.3.1/thumb/v7e-m/libgcc.a
LOAD /home/vagrant/gcc-arm-none-eabi-7-2018-q2-update/bin/../lib/gcc/arm-none-eabi/7.3.1/../../../../arm-none-eabi/lib/thumb/v7e-m/libc_nano.a
END GROUP
                0x0000000000000000                ccmram_length = DEFINED (ccmram_len)?ccmram_len:0x0
                0x0000000000000000                _rom_offset = DEFINED (_rom_offset)?_rom_offset:0x0
                0x0000000000100000                _fw_rom_length = DEFINED (_fw_rom_length)?_fw_rom_length:(_rom_length - _rom_offset)
                0x0000000000000001                ASSERT ((_fw_rom_length <= (_rom_length - _rom_offset)), Specified firmware size does not fit in ROM)

.text           0x0000000008000000     0x44b8
                0x0000000008000000                . = ALIGN (0x4)
                0x0000000008000000                _sfixed = .
                0x0000000008000000                _isr_vectors = DEFINED (_isr_vectors)?_isr_vectors:.
 *(SORT_BY_NAME(.vectors*))
 .vectors.0     0x0000000008000000       0x40 /home/vagrant/RIOT/Iot_Guided_Tour/Handheld/bin/octa/cortexm_common.a(vectors_cortexm.o)
                0x0000000008000000                cortex_vector_base
 .vectors.1     0x0000000008000040      0x16c /home/vagrant/RIOT/Iot_Guided_Tour/Handheld/bin/octa/cpu/vectors.o
                0x0000000008000040                vector_cpu
 *(.text .text.* .gnu.linkonce.t.*)
 .text.dummy_handler
                0x00000000080001ac        0x4 /home/vagrant/RIOT/Iot_Guided_Tour/Handheld/bin/octa/cpu/vectors.o
                0x00000000080001ac                isr_dfsdm1_flt0
                0x00000000080001ac                isr_lptim2
                0x00000000080001ac                isr_rtc_wkup
                0x00000000080001ac                isr_tim1_trg_com_tim17
                0x00000000080001ac                isr_swpmi1
                0x00000000080001ac                isr_dma1_channel4
                0x00000000080001ac                isr_usart1
                0x00000000080001ac                isr_tsc
                0x00000000080001ac                isr_tim7
                0x00000000080001ac                isr_dma2_channel7
                0x00000000080001ac                isr_i2c1_ev
                0x00000000080001ac                isr_usart2
                0x00000000080001ac                isr_dfsdm1_flt3
                0x00000000080001ac                isr_dma1_channel5
                0x00000000080001ac                isr_tim4
                0x00000000080001ac                isr_dma1_channel2
                0x00000000080001ac                isr_adc3
                0x00000000080001ac                isr_dma2_channel6
                0x00000000080001ac                isr_can1_sce
                0x00000000080001ac                isr_dma1_channel7
                0x00000000080001ac                isr_i2c3_ev
                0x00000000080001ac                isr_can2_sce
                0x00000000080001ac                isr_dma2_channel4
                0x00000000080001ac                isr_spi2
                0x00000000080001ac                isr_tamp_stamp
                0x00000000080001ac                isr_tim1_trg_com
                0x00000000080001ac                isr_dma1_channel1
                0x00000000080001ac                dummy_handler
                0x00000000080001ac                isr_otg_fs
                0x00000000080001ac                isr_can1_tx
                0x00000000080001ac                isr_can2_tx
                0x00000000080001ac                isr_tim1_up_tim16
                0x00000000080001ac                isr_adc1_2
                0x00000000080001ac                isr_can1_rx1
                0x00000000080001ac                isr_comp
                0x00000000080001ac                isr_i2c4_er
                0x00000000080001ac                isr_spi1
                0x00000000080001ac                isr_lptim1
                0x00000000080001ac                isr_sai1
                0x00000000080001ac                isr_rcc
                0x00000000080001ac                isr_can2_rx0
                0x00000000080001ac                isr_flash
                0x00000000080001ac                isr_dma2_channel5
                0x00000000080001ac                isr_i2c3_er
                0x00000000080001ac                isr_fmc
                0x00000000080001ac                isr_tim1_cc
                0x00000000080001ac                isr_lpuart1
                0x00000000080001ac                isr_usb
                0x00000000080001ac                isr_dfsdm1_flt2
                0x00000000080001ac                isr_dma2_channel1
                0x00000000080001ac                isr_adc1
                0x00000000080001ac                isr_tim6_dac
                0x00000000080001ac                isr_uart4
                0x00000000080001ac                isr_tim8_brk
                0x00000000080001ac                isr_i2c2_er
                0x00000000080001ac                isr_dma1_channel6
                0x00000000080001ac                isr_spi3
                0x00000000080001ac                isr_lcd
                0x00000000080001ac                isr_can1_rx0
                0x00000000080001ac                isr_tim1_brk_tim15
                0x00000000080001ac                isr_tim3
                0x00000000080001ac                isr_i2c4_ev
                0x00000000080001ac                isr_pvd_pvm
                0x00000000080001ac                isr_tim8_up
                0x00000000080001ac                isr_sdmmc1
                0x00000000080001ac                isr_dfsdm1_flt1
                0x00000000080001ac                isr_crs
                0x00000000080001ac                isr_dma2d
                0x00000000080001ac                isr_fpu
                0x00000000080001ac                isr_rng
                0x00000000080001ac                isr_sai2
                0x00000000080001ac                isr_tim8_cc
                0x00000000080001ac                isr_i2c2_ev
                0x00000000080001ac                isr_dma2_channel2
                0x00000000080001ac                isr_dma2_channel3
                0x00000000080001ac                isr_rtc_alarm
                0x00000000080001ac                isr_quadspi
                0x00000000080001ac                isr_can2_rx1
                0x00000000080001ac                isr_dma1_channel3
                0x00000000080001ac                isr_tim8_trg_com
                0x00000000080001ac                isr_i2c1_er
                0x00000000080001ac                isr_dcmi
                0x00000000080001ac                isr_wwdg
 .text._init    0x00000000080001b0        0x4 /home/vagrant/RIOT/Iot_Guided_Tour/Handheld/bin/octa/newlib_syscalls_default/syscalls.o
                0x00000000080001b0                _init
 .text._fini    0x00000000080001b4        0x2 /home/vagrant/RIOT/Iot_Guided_Tour/Handheld/bin/octa/newlib_syscalls_default/syscalls.o
                0x00000000080001b4                _fini
 *fill*         0x00000000080001b6        0x2 
 .text._sbrk_r  0x00000000080001b8       0x3c /home/vagrant/RIOT/Iot_Guided_Tour/Handheld/bin/octa/newlib_syscalls_default/syscalls.o
                0x00000000080001b8                _sbrk_r
 .text._read_r  0x00000000080001f4        0x8 /home/vagrant/RIOT/Iot_Guided_Tour/Handheld/bin/octa/newlib_syscalls_default/syscalls.o
                0x00000000080001f4                _read_r
 .text._write_r
                0x00000000080001fc        0x8 /home/vagrant/RIOT/Iot_Guided_Tour/Handheld/bin/octa/newlib_syscalls_default/syscalls.o
                0x00000000080001fc                _write_r
 .text._close_r
                0x0000000008000204        0xa /home/vagrant/RIOT/Iot_Guided_Tour/Handheld/bin/octa/newlib_syscalls_default/syscalls.o
                0x0000000008000204                _close_r
 .text._lseek_r
                0x000000000800020e        0xa /home/vagrant/RIOT/Iot_Guided_Tour/Handheld/bin/octa/newlib_syscalls_default/syscalls.o
                0x000000000800020e                _lseek_r
 .text._fstat_r
                0x0000000008000218        0xa /home/vagrant/RIOT/Iot_Guided_Tour/Handheld/bin/octa/newlib_syscalls_default/syscalls.o
                0x0000000008000218                _fstat_r
 .text._isatty_r
                0x0000000008000222       0x10 /home/vagrant/RIOT/Iot_Guided_Tour/Handheld/bin/octa/newlib_syscalls_default/syscalls.o
                0x0000000008000222                _isatty_r
 *fill*         0x0000000008000232        0x2 
 .text.sched_run
                0x0000000008000234       0x64 /home/vagrant/RIOT/Iot_Guided_Tour/Handheld/bin/octa/core.a(sched.o)
                0x0000000008000234                sched_run
 .text.sched_set_status
                0x0000000008000298       0x80 /home/vagrant/RIOT/Iot_Guided_Tour/Handheld/bin/octa/core.a(sched.o)
                0x0000000008000298                sched_set_status
 .text.sched_switch
                0x0000000008000318       0x30 /home/vagrant/RIOT/Iot_Guided_Tour/Handheld/bin/octa/core.a(sched.o)
                0x0000000008000318                sched_switch
 .text.sched_task_exit
                0x0000000008000348       0x3c /home/vagrant/RIOT/Iot_Guided_Tour/Handheld/bin/octa/core.a(sched.o)
                0x0000000008000348                sched_task_exit
 .text.thread_stack_init
                0x0000000008000384       0x64 /home/vagrant/RIOT/Iot_Guided_Tour/Handheld/bin/octa/cortexm_common.a(thread_arch.o)
                0x0000000008000384                thread_stack_init
 .text.thread_isr_stack_usage
                0x00000000080003e8       0x24 /home/vagrant/RIOT/Iot_Guided_Tour/Handheld/bin/octa/cortexm_common.a(thread_arch.o)
                0x00000000080003e8                thread_isr_stack_usage
 .text.thread_isr_stack_pointer
                0x000000000800040c        0x6 /home/vagrant/RIOT/Iot_Guided_Tour/Handheld/bin/octa/cortexm_common.a(thread_arch.o)
                0x000000000800040c                thread_isr_stack_pointer
 *fill*         0x0000000008000412        0x2 
 .text.thread_isr_stack_start
                0x0000000008000414        0x8 /home/vagrant/RIOT/Iot_Guided_Tour/Handheld/bin/octa/cortexm_common.a(thread_arch.o)
                0x0000000008000414                thread_isr_stack_start
 .text.cpu_switch_context_exit
                0x000000000800041c        0x8 /home/vagrant/RIOT/Iot_Guided_Tour/Handheld/bin/octa/cortexm_common.a(thread_arch.o)
                0x000000000800041c                cpu_switch_context_exit
 .text.thread_yield_higher
                0x0000000008000424       0x10 /home/vagrant/RIOT/Iot_Guided_Tour/Handheld/bin/octa/cortexm_common.a(thread_arch.o)
                0x0000000008000424                thread_yield_higher
 .text.isr_pendsv
                0x0000000008000434       0x1c /home/vagrant/RIOT/Iot_Guided_Tour/Handheld/bin/octa/cortexm_common.a(thread_arch.o)
                0x0000000008000434                isr_pendsv
 .text.isr_svc  0x0000000008000450       0x1c /home/vagrant/RIOT/Iot_Guided_Tour/Handheld/bin/octa/cortexm_common.a(thread_arch.o)
                0x0000000008000450                isr_svc
 .text.hard_fault_default
                0x000000000800046c       0x44 /home/vagrant/RIOT/Iot_Guided_Tour/Handheld/bin/octa/cortexm_common.a(vectors_cortexm.o)
                0x000000000800046c                hard_fault_default
 .text.nmi_default
                0x00000000080004b0       0x10 /home/vagrant/RIOT/Iot_Guided_Tour/Handheld/bin/octa/cortexm_common.a(vectors_cortexm.o)
                0x00000000080004b0                nmi_default
 .text.mem_manage_default
                0x00000000080004c0       0x10 /home/vagrant/RIOT/Iot_Guided_Tour/Handheld/bin/octa/cortexm_common.a(vectors_cortexm.o)
                0x00000000080004c0                mem_manage_default
 .text.bus_fault_default
                0x00000000080004d0       0x10 /home/vagrant/RIOT/Iot_Guided_Tour/Handheld/bin/octa/cortexm_common.a(vectors_cortexm.o)
                0x00000000080004d0                bus_fault_default
 .text.usage_fault_default
                0x00000000080004e0       0x10 /home/vagrant/RIOT/Iot_Guided_Tour/Handheld/bin/octa/cortexm_common.a(vectors_cortexm.o)
                0x00000000080004e0                usage_fault_default
 .text.debug_mon_default
                0x00000000080004f0       0x10 /home/vagrant/RIOT/Iot_Guided_Tour/Handheld/bin/octa/cortexm_common.a(vectors_cortexm.o)
                0x00000000080004f0                debug_mon_default
 .text.dummy_handler_default
                0x0000000008000500       0x10 /home/vagrant/RIOT/Iot_Guided_Tour/Handheld/bin/octa/cortexm_common.a(vectors_cortexm.o)
                0x0000000008000500                dummy_handler_default
                0x0000000008000500                isr_systick
 .text.pre_startup
                0x0000000008000510        0x2 /home/vagrant/RIOT/Iot_Guided_Tour/Handheld/bin/octa/cortexm_common.a(vectors_cortexm.o)
                0x0000000008000510                pre_startup
 .text.post_startup
                0x0000000008000512        0x2 /home/vagrant/RIOT/Iot_Guided_Tour/Handheld/bin/octa/cortexm_common.a(vectors_cortexm.o)
                0x0000000008000512                post_startup
 .text.reset_handler_default
                0x0000000008000514       0x6c /home/vagrant/RIOT/Iot_Guided_Tour/Handheld/bin/octa/cortexm_common.a(vectors_cortexm.o)
                0x0000000008000514                reset_handler_default
 .text.hard_fault_handler
                0x0000000008000580      0x184 /home/vagrant/RIOT/Iot_Guided_Tour/Handheld/bin/octa/cortexm_common.a(vectors_cortexm.o)
                0x0000000008000580                hard_fault_handler
 .text.irq_disable
                0x0000000008000704        0x8 /home/vagrant/RIOT/Iot_Guided_Tour/Handheld/bin/octa/cortexm_common.a(irq_arch.o)
                0x0000000008000704                irq_disable
 .text.irq_enable
                0x000000000800070c        0x8 /home/vagrant/RIOT/Iot_Guided_Tour/Handheld/bin/octa/cortexm_common.a(irq_arch.o)
                0x000000000800070c                irq_enable
 .text.irq_restore
                0x0000000008000714        0x6 /home/vagrant/RIOT/Iot_Guided_Tour/Handheld/bin/octa/cortexm_common.a(irq_arch.o)
                0x0000000008000714                irq_restore
 .text.irq_is_in
                0x000000000800071a        0x8 /home/vagrant/RIOT/Iot_Guided_Tour/Handheld/bin/octa/cortexm_common.a(irq_arch.o)
                0x000000000800071a                irq_is_in
 *fill*         0x0000000008000722        0x2 
 .text.stdio_init
                0x0000000008000724       0x18 /home/vagrant/RIOT/Iot_Guided_Tour/Handheld/bin/octa/stdio_uart.a(stdio_uart.o)
                0x0000000008000724                stdio_init
 .text.stdio_read
                0x000000000800073c       0x10 /home/vagrant/RIOT/Iot_Guided_Tour/Handheld/bin/octa/stdio_uart.a(stdio_uart.o)
                0x000000000800073c                stdio_read
 .text.stdio_write
                0x000000000800074c       0x12 /home/vagrant/RIOT/Iot_Guided_Tour/Handheld/bin/octa/stdio_uart.a(stdio_uart.o)
                0x000000000800074c                stdio_write
 *fill*         0x000000000800075e        0x2 
 .text.irq_handler
                0x0000000008000760       0x4c /home/vagrant/RIOT/Iot_Guided_Tour/Handheld/bin/octa/stm32_common_periph.a(uart.o)
 .text.uart_write
                0x00000000080007ac       0x3c /home/vagrant/RIOT/Iot_Guided_Tour/Handheld/bin/octa/stm32_common_periph.a(uart.o)
                0x00000000080007ac                uart_write
 .text.uart_poweron
                0x00000000080007e8       0x2c /home/vagrant/RIOT/Iot_Guided_Tour/Handheld/bin/octa/stm32_common_periph.a(uart.o)
                0x00000000080007e8                uart_poweron
 .text.uart_init
                0x0000000008000814       0xbc /home/vagrant/RIOT/Iot_Guided_Tour/Handheld/bin/octa/stm32_common_periph.a(uart.o)
                0x0000000008000814                uart_init
 .text.isr_usart3
                0x00000000080008d0        0x6 /home/vagrant/RIOT/Iot_Guided_Tour/Handheld/bin/octa/stm32_common_periph.a(uart.o)
                0x00000000080008d0                isr_usart3
 .text.isr_uart5
                0x00000000080008d6        0x6 /home/vagrant/RIOT/Iot_Guided_Tour/Handheld/bin/octa/stm32_common_periph.a(uart.o)
                0x00000000080008d6                isr_uart5
 .text.gpio_init
                0x00000000080008dc       0x70 /home/vagrant/RIOT/Iot_Guided_Tour/Handheld/bin/octa/stm32_common_periph.a(gpio.o)
                0x00000000080008dc                gpio_init
 .text.gpio_init_int
                0x000000000800094c       0xc4 /home/vagrant/RIOT/Iot_Guided_Tour/Handheld/bin/octa/stm32_common_periph.a(gpio.o)
                0x000000000800094c                gpio_init_int
 .text.gpio_init_af
                0x0000000008000a10       0x50 /home/vagrant/RIOT/Iot_Guided_Tour/Handheld/bin/octa/stm32_common_periph.a(gpio.o)
                0x0000000008000a10                gpio_init_af
 .text.gpio_irq_enable
                0x0000000008000a60       0x18 /home/vagrant/RIOT/Iot_Guided_Tour/Handheld/bin/octa/stm32_common_periph.a(gpio.o)
                0x0000000008000a60                gpio_irq_enable
 .text.gpio_read
                0x0000000008000a78       0x14 /home/vagrant/RIOT/Iot_Guided_Tour/Handheld/bin/octa/stm32_common_periph.a(gpio.o)
                0x0000000008000a78                gpio_read
 .text.gpio_set
                0x0000000008000a8c       0x12 /home/vagrant/RIOT/Iot_Guided_Tour/Handheld/bin/octa/stm32_common_periph.a(gpio.o)
                0x0000000008000a8c                gpio_set
 .text.gpio_clear
                0x0000000008000a9e       0x14 /home/vagrant/RIOT/Iot_Guided_Tour/Handheld/bin/octa/stm32_common_periph.a(gpio.o)
                0x0000000008000a9e                gpio_clear
 .text.gpio_write
                0x0000000008000ab2        0xa /home/vagrant/RIOT/Iot_Guided_Tour/Handheld/bin/octa/stm32_common_periph.a(gpio.o)
                0x0000000008000ab2                gpio_write
 .text.isr_exti
                0x0000000008000abc       0x50 /home/vagrant/RIOT/Iot_Guided_Tour/Handheld/bin/octa/stm32_common_periph.a(gpio.o)
                0x0000000008000abc                isr_exti
 .text._xtimer_lltimer_now
                0x0000000008000b0c        0x6 /home/vagrant/RIOT/Iot_Guided_Tour/Handheld/bin/octa/xtimer.a(xtimer_core.o)
 *fill*         0x0000000008000b12        0x2 
 .text._lltimer_set
                0x0000000008000b14       0x14 /home/vagrant/RIOT/Iot_Guided_Tour/Handheld/bin/octa/xtimer.a(xtimer_core.o)
 .text._add_timer_to_long_list.constprop.4
                0x0000000008000b28       0x2c /home/vagrant/RIOT/Iot_Guided_Tour/Handheld/bin/octa/xtimer.a(xtimer_core.o)
 .text._next_period
                0x0000000008000b54       0x8c /home/vagrant/RIOT/Iot_Guided_Tour/Handheld/bin/octa/xtimer.a(xtimer_core.o)
 .text._periph_timer_callback
                0x0000000008000be0       0xbc /home/vagrant/RIOT/Iot_Guided_Tour/Handheld/bin/octa/xtimer.a(xtimer_core.o)
 .text._remove  0x0000000008000c9c       0x60 /home/vagrant/RIOT/Iot_Guided_Tour/Handheld/bin/octa/xtimer.a(xtimer_core.o)
 .text.xtimer_init
                0x0000000008000cfc       0x24 /home/vagrant/RIOT/Iot_Guided_Tour/Handheld/bin/octa/xtimer.a(xtimer_core.o)
                0x0000000008000cfc                xtimer_init
 .text._xtimer_set_absolute
                0x0000000008000d20       0xc0 /home/vagrant/RIOT/Iot_Guided_Tour/Handheld/bin/octa/xtimer.a(xtimer_core.o)
                0x0000000008000d20                _xtimer_set_absolute
 .text.xtimer_remove
                0x0000000008000de0       0x22 /home/vagrant/RIOT/Iot_Guided_Tour/Handheld/bin/octa/xtimer.a(xtimer_core.o)
                0x0000000008000de0                xtimer_remove
 .text._xtimer_set
                0x0000000008000e02       0x3e /home/vagrant/RIOT/Iot_Guided_Tour/Handheld/bin/octa/xtimer.a(xtimer_core.o)
                0x0000000008000e02                _xtimer_set
 .text._xtimer_set64
                0x0000000008000e40       0x60 /home/vagrant/RIOT/Iot_Guided_Tour/Handheld/bin/octa/xtimer.a(xtimer_core.o)
                0x0000000008000e40                _xtimer_set64
 .text.pm_off   0x0000000008000ea0        0x8 /home/vagrant/RIOT/Iot_Guided_Tour/Handheld/bin/octa/periph_common.a(pm.o)
                0x0000000008000ea0                pm_off
 .text.board_init
                0x0000000008000ea8       0x5c /home/vagrant/RIOT/Iot_Guided_Tour/Handheld/bin/octa/board.a(board.o)
                0x0000000008000ea8                board_init
 .text.panic_arch
                0x0000000008000f04        0x2 /home/vagrant/RIOT/Iot_Guided_Tour/Handheld/bin/octa/core.a(panic.o)
                0x0000000008000f04                panic_arch
 *fill*         0x0000000008000f06        0x2 
 .text.core_panic
                0x0000000008000f08       0x54 /home/vagrant/RIOT/Iot_Guided_Tour/Handheld/bin/octa/core.a(panic.o)
                0x0000000008000f08                core_panic
 .text.main_trampoline
                0x0000000008000f5c       0x18 /home/vagrant/RIOT/Iot_Guided_Tour/Handheld/bin/octa/core.a(kernel_init.o)
 .text.idle_thread
                0x0000000008000f74        0x8 /home/vagrant/RIOT/Iot_Guided_Tour/Handheld/bin/octa/core.a(kernel_init.o)
 .text.kernel_init
                0x0000000008000f7c       0x58 /home/vagrant/RIOT/Iot_Guided_Tour/Handheld/bin/octa/core.a(kernel_init.o)
                0x0000000008000f7c                kernel_init
 .text.thread_add_to_list
                0x0000000008000fd4       0x30 /home/vagrant/RIOT/Iot_Guided_Tour/Handheld/bin/octa/core.a(thread.o)
                0x0000000008000fd4                thread_add_to_list
 .text.thread_measure_stack_free
                0x0000000008001004        0xe /home/vagrant/RIOT/Iot_Guided_Tour/Handheld/bin/octa/core.a(thread.o)
                0x0000000008001004                thread_measure_stack_free
 *fill*         0x0000000008001012        0x2 
 .text.thread_create
                0x0000000008001014       0xec /home/vagrant/RIOT/Iot_Guided_Tour/Handheld/bin/octa/core.a(thread.o)
                0x0000000008001014                thread_create
 .text._assert_failure
                0x0000000008001100       0x1c /home/vagrant/RIOT/Iot_Guided_Tour/Handheld/bin/octa/core.a(assert.o)
                0x0000000008001100                _assert_failure
 .text.pm_set_lowest
                0x000000000800111c       0x24 /home/vagrant/RIOT/Iot_Guided_Tour/Handheld/bin/octa/cortexm_common_periph.a(pm.o)
                0x000000000800111c                pm_set_lowest
 .text.isrpipe_write_one
                0x0000000008001140       0x16 /home/vagrant/RIOT/Iot_Guided_Tour/Handheld/bin/octa/isrpipe.a(isrpipe.o)
                0x0000000008001140                isrpipe_write_one
 .text.isrpipe_read
                0x0000000008001156       0x24 /home/vagrant/RIOT/Iot_Guided_Tour/Handheld/bin/octa/isrpipe.a(isrpipe.o)
                0x0000000008001156                isrpipe_read
 *fill*         0x000000000800117a        0x2 
 .text.ps       0x000000000800117c       0xe8 /home/vagrant/RIOT/Iot_Guided_Tour/Handheld/bin/octa/ps.a(ps.o)
                0x000000000800117c                ps
 .text.cpu_init
                0x0000000008001264       0x1c /home/vagrant/RIOT/Iot_Guided_Tour/Handheld/bin/octa/stm32_common.a(cpu_init.o)
                0x0000000008001264                cpu_init
 .text.periph_apb_clk
                0x0000000008001280       0x18 /home/vagrant/RIOT/Iot_Guided_Tour/Handheld/bin/octa/stm32_common.a(cpu_common.o)
                0x0000000008001280                periph_apb_clk
 .text.periph_timer_clk
                0x0000000008001298       0x20 /home/vagrant/RIOT/Iot_Guided_Tour/Handheld/bin/octa/stm32_common.a(cpu_common.o)
                0x0000000008001298                periph_timer_clk
 .text.periph_clk_en
                0x00000000080012b8       0x48 /home/vagrant/RIOT/Iot_Guided_Tour/Handheld/bin/octa/stm32_common.a(cpu_common.o)
                0x00000000080012b8                periph_clk_en
 .text.periph_clk_dis
                0x0000000008001300       0x50 /home/vagrant/RIOT/Iot_Guided_Tour/Handheld/bin/octa/stm32_common.a(cpu_common.o)
                0x0000000008001300                periph_clk_dis
 .text.irq_handler
                0x0000000008001350       0x5c /home/vagrant/RIOT/Iot_Guided_Tour/Handheld/bin/octa/stm32_common_periph.a(timer.o)
 .text.timer_set_absolute
                0x00000000080013ac       0x40 /home/vagrant/RIOT/Iot_Guided_Tour/Handheld/bin/octa/stm32_common_periph.a(timer.o)
                0x00000000080013ac                timer_set_absolute
 .text.timer_read
                0x00000000080013ec       0x10 /home/vagrant/RIOT/Iot_Guided_Tour/Handheld/bin/octa/stm32_common_periph.a(timer.o)
                0x00000000080013ec                timer_read
 .text.timer_start
                0x00000000080013fc       0x14 /home/vagrant/RIOT/Iot_Guided_Tour/Handheld/bin/octa/stm32_common_periph.a(timer.o)
                0x00000000080013fc                timer_start
 .text.timer_init
                0x0000000008001410       0x80 /home/vagrant/RIOT/Iot_Guided_Tour/Handheld/bin/octa/stm32_common_periph.a(timer.o)
                0x0000000008001410                timer_init
 .text.isr_tim2
                0x0000000008001490        0x6 /home/vagrant/RIOT/Iot_Guided_Tour/Handheld/bin/octa/stm32_common_periph.a(timer.o)
                0x0000000008001490                isr_tim2
 .text.isr_tim5
                0x0000000008001496        0x6 /home/vagrant/RIOT/Iot_Guided_Tour/Handheld/bin/octa/stm32_common_periph.a(timer.o)
                0x0000000008001496                isr_tim5
 .text._pop     0x000000000800149c       0x12 /home/vagrant/RIOT/Iot_Guided_Tour/Handheld/bin/octa/tsrb.a(tsrb.o)
 .text.tsrb_get
                0x00000000080014ae       0x26 /home/vagrant/RIOT/Iot_Guided_Tour/Handheld/bin/octa/tsrb.a(tsrb.o)
                0x00000000080014ae                tsrb_get
 .text.tsrb_add_one
                0x00000000080014d4       0x26 /home/vagrant/RIOT/Iot_Guided_Tour/Handheld/bin/octa/tsrb.a(tsrb.o)
                0x00000000080014d4                tsrb_add_one
 .text.periph_init
                0x00000000080014fa        0x6 /home/vagrant/RIOT/Iot_Guided_Tour/Handheld/bin/octa/periph_common.a(init.o)
                0x00000000080014fa                periph_init
 .text.xtimer_now
                0x0000000008001500        0xa /home/vagrant/RIOT/Iot_Guided_Tour/Handheld/bin/octa/application_shell.a(main.o)
 *fill*         0x000000000800150a        0x2 
 .text.acc_callback
                0x000000000800150c       0x44 /home/vagrant/RIOT/Iot_Guided_Tour/Handheld/bin/octa/application_shell.a(main.o)
 .text.thread_handler
                0x0000000008001550       0x3c /home/vagrant/RIOT/Iot_Guided_Tour/Handheld/bin/octa/application_shell.a(main.o)
 .text.BTN_callback
                0x000000000800158c       0x44 /home/vagrant/RIOT/Iot_Guided_Tour/Handheld/bin/octa/application_shell.a(main.o)
 .text.configuration_lsm303agr
                0x00000000080015d0       0x38 /home/vagrant/RIOT/Iot_Guided_Tour/Handheld/bin/octa/application_shell.a(main.o)
                0x00000000080015d0                configuration_lsm303agr
 .text.configuration_button_interrupt
                0x0000000008001608       0x38 /home/vagrant/RIOT/Iot_Guided_Tour/Handheld/bin/octa/application_shell.a(main.o)
                0x0000000008001608                configuration_button_interrupt
 .text.configuration_lsm303agr_interrupt
                0x0000000008001640       0x38 /home/vagrant/RIOT/Iot_Guided_Tour/Handheld/bin/octa/application_shell.a(main.o)
                0x0000000008001640                configuration_lsm303agr_interrupt
 .text.startup.main
                0x0000000008001678       0xc0 /home/vagrant/RIOT/Iot_Guided_Tour/Handheld/bin/octa/application_shell.a(main.o)
                0x0000000008001678                main
 .text.on_modem_command_completed_callback
                0x0000000008001738       0x10 /home/vagrant/RIOT/Iot_Guided_Tour/Handheld/bin/octa/application_shell.a(lora_d7.o)
                0x0000000008001738                on_modem_command_completed_callback
 .text.on_modem_return_file_data_callback
                0x0000000008001748       0x1c /home/vagrant/RIOT/Iot_Guided_Tour/Handheld/bin/octa/application_shell.a(lora_d7.o)
                0x0000000008001748                on_modem_return_file_data_callback
 .text.on_modem_write_file_data_callback
                0x0000000008001764       0x1c /home/vagrant/RIOT/Iot_Guided_Tour/Handheld/bin/octa/application_shell.a(lora_d7.o)
                0x0000000008001764                on_modem_write_file_data_callback
 .text.LoRa_D7_init
                0x0000000008001780       0x2c /home/vagrant/RIOT/Iot_Guided_Tour/Handheld/bin/octa/application_shell.a(lora_d7.o)
                0x0000000008001780                LoRa_D7_init
 .text.D7_send  0x00000000080017ac       0x48 /home/vagrant/RIOT/Iot_Guided_Tour/Handheld/bin/octa/application_shell.a(lora_d7.o)
                0x00000000080017ac                D7_send
 .text.LoRa_send
                0x00000000080017f4       0x48 /home/vagrant/RIOT/Iot_Guided_Tour/Handheld/bin/octa/application_shell.a(lora_d7.o)
                0x00000000080017f4                LoRa_send
 .text.auto_init
                0x000000000800183c        0xe /home/vagrant/RIOT/Iot_Guided_Tour/Handheld/bin/octa/auto_init.a(auto_init.o)
                0x000000000800183c                auto_init
 *fill*         0x000000000800184a        0x2 
 .text.auto_init_gpio
                0x000000000800184c       0x74 /home/vagrant/RIOT/Iot_Guided_Tour/Handheld/bin/octa/auto_init_saul.a(auto_init_gpio.o)
                0x000000000800184c                auto_init_gpio
 .text._mutex_lock
                0x00000000080018c0       0x60 /home/vagrant/RIOT/Iot_Guided_Tour/Handheld/bin/octa/core.a(mutex.o)
                0x00000000080018c0                _mutex_lock
 .text.mutex_unlock
                0x0000000008001920       0x4c /home/vagrant/RIOT/Iot_Guided_Tour/Handheld/bin/octa/core.a(mutex.o)
                0x0000000008001920                mutex_unlock
 .text.cortexm_init
                0x000000000800196c       0x4c /home/vagrant/RIOT/Iot_Guided_Tour/Handheld/bin/octa/cortexm_common.a(cortexm_init.o)
                0x000000000800196c                cortexm_init
 .text.stmclk_init_sysclk
                0x00000000080019b8       0x84 /home/vagrant/RIOT/Iot_Guided_Tour/Handheld/bin/octa/cpu.a(stmclk.o)
                0x00000000080019b8                stmclk_init_sysclk
 .text.lsm303agr_init
                0x0000000008001a3c       0xbe /home/vagrant/RIOT/Iot_Guided_Tour/Handheld/bin/octa/lsm303agr.a(lsm303agr.o)
                0x0000000008001a3c                lsm303agr_init
 .text.lsm303agr_enable_interrupt_1
                0x0000000008001afa       0x86 /home/vagrant/RIOT/Iot_Guided_Tour/Handheld/bin/octa/lsm303agr.a(lsm303agr.o)
                0x0000000008001afa                lsm303agr_enable_interrupt_1
 .text.on_app_wakeup_requested
                0x0000000008001b80        0xc /home/vagrant/RIOT/Iot_Guided_Tour/Handheld/bin/octa/oss7_modem.a(modem.o)
 .text.process_serial_frame
                0x0000000008001b8c       0xe8 /home/vagrant/RIOT/Iot_Guided_Tour/Handheld/bin/octa/oss7_modem.a(modem.o)
 .text.rx_cb    0x0000000008001c74       0x1c /home/vagrant/RIOT/Iot_Guided_Tour/Handheld/bin/octa/oss7_modem.a(modem.o)
 .text.send     0x0000000008001c90       0x74 /home/vagrant/RIOT/Iot_Guided_Tour/Handheld/bin/octa/oss7_modem.a(modem.o)
 .text.send_read_file
                0x0000000008001d04       0x38 /home/vagrant/RIOT/Iot_Guided_Tour/Handheld/bin/octa/oss7_modem.a(modem.o)
 .text.send_unsolicited_response
                0x0000000008001d3c       0x60 /home/vagrant/RIOT/Iot_Guided_Tour/Handheld/bin/octa/oss7_modem.a(modem.o)
 .text.rx_thread
                0x0000000008001d9c       0xd0 /home/vagrant/RIOT/Iot_Guided_Tour/Handheld/bin/octa/oss7_modem.a(modem.o)
                0x0000000008001d9c                rx_thread
 *fill*         0x0000000008001e6c        0x4 
 .text.block_until_cmd_completed.constprop.3
                0x0000000008001e70       0x54 /home/vagrant/RIOT/Iot_Guided_Tour/Handheld/bin/octa/oss7_modem.a(modem.o)
 .text.modem_init
                0x0000000008001ec4       0x98 /home/vagrant/RIOT/Iot_Guided_Tour/Handheld/bin/octa/oss7_modem.a(modem.o)
                0x0000000008001ec4                modem_init
 .text.alloc_command
                0x0000000008001f5c       0x4c /home/vagrant/RIOT/Iot_Guided_Tour/Handheld/bin/octa/oss7_modem.a(modem.o)
                0x0000000008001f5c                alloc_command
 .text.modem_read_file
                0x0000000008001fa8       0x30 /home/vagrant/RIOT/Iot_Guided_Tour/Handheld/bin/octa/oss7_modem.a(modem.o)
                0x0000000008001fa8                modem_read_file
 .text.modem_send_unsolicited_response
                0x0000000008001fd8       0x44 /home/vagrant/RIOT/Iot_Guided_Tour/Handheld/bin/octa/oss7_modem.a(modem.o)
                0x0000000008001fd8                modem_send_unsolicited_response
 .text.d7ap_addressee_id_length
                0x000000000800201c       0x1a /home/vagrant/RIOT/Iot_Guided_Tour/Handheld/bin/octa/oss7_modem.a(alp.o)
 .text.alp_parse_length_operand
                0x0000000008002036       0x34 /home/vagrant/RIOT/Iot_Guided_Tour/Handheld/bin/octa/oss7_modem.a(alp.o)
                0x0000000008002036                alp_parse_length_operand
 *fill*         0x000000000800206a        0x2 
 .text.alp_append_length_operand
                0x000000000800206c       0x7c /home/vagrant/RIOT/Iot_Guided_Tour/Handheld/bin/octa/oss7_modem.a(alp.o)
                0x000000000800206c                alp_append_length_operand
 .text.alp_parse_file_offset_operand
                0x00000000080020e8       0x38 /home/vagrant/RIOT/Iot_Guided_Tour/Handheld/bin/octa/oss7_modem.a(alp.o)
                0x00000000080020e8                alp_parse_file_offset_operand
 .text.parse_operand_file_data
                0x0000000008002120       0x44 /home/vagrant/RIOT/Iot_Guided_Tour/Handheld/bin/octa/oss7_modem.a(alp.o)
 .text.alp_append_file_offset_operand
                0x0000000008002164       0x24 /home/vagrant/RIOT/Iot_Guided_Tour/Handheld/bin/octa/oss7_modem.a(alp.o)
                0x0000000008002164                alp_append_file_offset_operand
 .text.alp_append_forward_action
                0x0000000008002188      0x174 /home/vagrant/RIOT/Iot_Guided_Tour/Handheld/bin/octa/oss7_modem.a(alp.o)
                0x0000000008002188                alp_append_forward_action
 .text.alp_append_return_file_data_action
                0x00000000080022fc       0x50 /home/vagrant/RIOT/Iot_Guided_Tour/Handheld/bin/octa/oss7_modem.a(alp.o)
                0x00000000080022fc                alp_append_return_file_data_action
 .text.alp_parse_action
                0x000000000800234c      0x160 /home/vagrant/RIOT/Iot_Guided_Tour/Handheld/bin/octa/oss7_modem.a(alp.o)
                0x000000000800234c                alp_parse_action
 .text.alp_append_tag_request_action
                0x00000000080024ac       0x38 /home/vagrant/RIOT/Iot_Guided_Tour/Handheld/bin/octa/oss7_modem.a(alp.o)
                0x00000000080024ac                alp_append_tag_request_action
 .text.alp_append_read_file_data_action
                0x00000000080024e4       0x4c /home/vagrant/RIOT/Iot_Guided_Tour/Handheld/bin/octa/oss7_modem.a(alp.o)
                0x00000000080024e4                alp_append_read_file_data_action
 .text.fifo_init
                0x0000000008002530        0xe /home/vagrant/RIOT/Iot_Guided_Tour/Handheld/bin/octa/oss7_modem.a(fifo.o)
                0x0000000008002530                fifo_init
 .text.fifo_put
                0x000000000800253e       0x66 /home/vagrant/RIOT/Iot_Guided_Tour/Handheld/bin/octa/oss7_modem.a(fifo.o)
                0x000000000800253e                fifo_put
 .text.fifo_put_byte
                0x00000000080025a4       0x16 /home/vagrant/RIOT/Iot_Guided_Tour/Handheld/bin/octa/oss7_modem.a(fifo.o)
                0x00000000080025a4                fifo_put_byte
 .text.fifo_get_size
                0x00000000080025ba       0x14 /home/vagrant/RIOT/Iot_Guided_Tour/Handheld/bin/octa/oss7_modem.a(fifo.o)
                0x00000000080025ba                fifo_get_size
 *fill*         0x00000000080025ce        0x2 
 .text.fifo_init_subview
                0x00000000080025d0       0x4c /home/vagrant/RIOT/Iot_Guided_Tour/Handheld/bin/octa/oss7_modem.a(fifo.o)
                0x00000000080025d0                fifo_init_subview
 .text.fifo_peek
                0x000000000800261c       0x5e /home/vagrant/RIOT/Iot_Guided_Tour/Handheld/bin/octa/oss7_modem.a(fifo.o)
                0x000000000800261c                fifo_peek
 .text.fifo_pop
                0x000000000800267a       0x2a /home/vagrant/RIOT/Iot_Guided_Tour/Handheld/bin/octa/oss7_modem.a(fifo.o)
                0x000000000800267a                fifo_pop
 .text.fifo_skip
                0x00000000080026a4       0x30 /home/vagrant/RIOT/Iot_Guided_Tour/Handheld/bin/octa/oss7_modem.a(fifo.o)
                0x00000000080026a4                fifo_skip
 .text.write    0x00000000080026d4       0x1c /home/vagrant/RIOT/Iot_Guided_Tour/Handheld/bin/octa/saul.a(gpio_saul.o)
 .text.read     0x00000000080026f0       0x2a /home/vagrant/RIOT/Iot_Guided_Tour/Handheld/bin/octa/saul.a(gpio_saul.o)
 .text.saul_notsup
                0x000000000800271a        0x6 /home/vagrant/RIOT/Iot_Guided_Tour/Handheld/bin/octa/saul.a(saul.o)
                0x000000000800271a                saul_notsup
 .text.saul_reg_add
                0x0000000008002720       0x2c /home/vagrant/RIOT/Iot_Guided_Tour/Handheld/bin/octa/saul_reg.a(saul_reg.o)
                0x0000000008002720                saul_reg_add
 .text.stmclk_enable_hsi
                0x000000000800274c       0x18 /home/vagrant/RIOT/Iot_Guided_Tour/Handheld/bin/octa/stm32_common.a(stmclk_common.o)
                0x000000000800274c                stmclk_enable_hsi
 .text.stmclk_disable_hsi
                0x0000000008002764        0x2 /home/vagrant/RIOT/Iot_Guided_Tour/Handheld/bin/octa/stm32_common.a(stmclk_common.o)
                0x0000000008002764                stmclk_disable_hsi
 *fill*         0x0000000008002766        0x2 
 .text._check_bus
                0x0000000008002768       0x3c /home/vagrant/RIOT/Iot_Guided_Tour/Handheld/bin/octa/stm32_common_periph.a(i2c_1.o)
 .text._start   0x00000000080027a4       0xa4 /home/vagrant/RIOT/Iot_Guided_Tour/Handheld/bin/octa/stm32_common_periph.a(i2c_1.o)
 .text._stop    0x0000000008002848       0x68 /home/vagrant/RIOT/Iot_Guided_Tour/Handheld/bin/octa/stm32_common_periph.a(i2c_1.o)
 .text._write   0x00000000080028b0       0x84 /home/vagrant/RIOT/Iot_Guided_Tour/Handheld/bin/octa/stm32_common_periph.a(i2c_1.o)
 .text.i2c_init
                0x0000000008002934       0x9c /home/vagrant/RIOT/Iot_Guided_Tour/Handheld/bin/octa/stm32_common_periph.a(i2c_1.o)
                0x0000000008002934                i2c_init
 .text.i2c_acquire
                0x00000000080029d0       0x2c /home/vagrant/RIOT/Iot_Guided_Tour/Handheld/bin/octa/stm32_common_periph.a(i2c_1.o)
                0x00000000080029d0                i2c_acquire
 .text.i2c_release
                0x00000000080029fc       0x3c /home/vagrant/RIOT/Iot_Guided_Tour/Handheld/bin/octa/stm32_common_periph.a(i2c_1.o)
                0x00000000080029fc                i2c_release
 .text.i2c_write_regs
                0x0000000008002a38       0xa0 /home/vagrant/RIOT/Iot_Guided_Tour/Handheld/bin/octa/stm32_common_periph.a(i2c_1.o)
                0x0000000008002a38                i2c_write_regs
 .text._callback_unlock_mutex
                0x0000000008002ad8        0x4 /home/vagrant/RIOT/Iot_Guided_Tour/Handheld/bin/octa/xtimer.a(xtimer.o)
 .text._mutex_timeout
                0x0000000008002adc       0x3c /home/vagrant/RIOT/Iot_Guided_Tour/Handheld/bin/octa/xtimer.a(xtimer.o)
 .text._xtimer_spin
                0x0000000008002b18       0x1a /home/vagrant/RIOT/Iot_Guided_Tour/Handheld/bin/octa/xtimer.a(xtimer.o)
 *fill*         0x0000000008002b32        0x2 
 .text._xtimer_tsleep
                0x0000000008002b34       0x54 /home/vagrant/RIOT/Iot_Guided_Tour/Handheld/bin/octa/xtimer.a(xtimer.o)
                0x0000000008002b34                _xtimer_tsleep
 .text.xtimer_mutex_lock_timeout
                0x0000000008002b88       0x4c /home/vagrant/RIOT/Iot_Guided_Tour/Handheld/bin/octa/xtimer.a(xtimer.o)
                0x0000000008002b88                xtimer_mutex_lock_timeout
 .text.i2c_write_reg
                0x0000000008002bd4       0x1c /home/vagrant/RIOT/Iot_Guided_Tour/Handheld/bin/octa/periph_common.a(i2c.o)
                0x0000000008002bd4                i2c_write_reg
 .text.__libc_init_array
                0x0000000008002bf0       0x48 /home/vagrant/gcc-arm-none-eabi-7-2018-q2-update/bin/../lib/gcc/arm-none-eabi/7.3.1/../../../../arm-none-eabi/lib/thumb/v7e-m/libc_nano.a(lib_a-init.o)
                0x0000000008002bf0                __libc_init_array
 .text.memcpy   0x0000000008002c38       0x16 /home/vagrant/gcc-arm-none-eabi-7-2018-q2-update/bin/../lib/gcc/arm-none-eabi/7.3.1/../../../../arm-none-eabi/lib/thumb/v7e-m/libc_nano.a(lib_a-memcpy-stub.o)
                0x0000000008002c38                memcpy
 .text.memset   0x0000000008002c4e       0x10 /home/vagrant/gcc-arm-none-eabi-7-2018-q2-update/bin/../lib/gcc/arm-none-eabi/7.3.1/../../../../arm-none-eabi/lib/thumb/v7e-m/libc_nano.a(lib_a-memset.o)
                0x0000000008002c4e                memset
 *fill*         0x0000000008002c5e        0x2 
 .text.printf   0x0000000008002c60       0x30 /home/vagrant/gcc-arm-none-eabi-7-2018-q2-update/bin/../lib/gcc/arm-none-eabi/7.3.1/../../../../arm-none-eabi/lib/thumb/v7e-m/libc_nano.a(lib_a-printf.o)
                0x0000000008002c60                printf
                0x0000000008002c60                iprintf
 .text._puts_r  0x0000000008002c90       0xb8 /home/vagrant/gcc-arm-none-eabi-7-2018-q2-update/bin/../lib/gcc/arm-none-eabi/7.3.1/../../../../arm-none-eabi/lib/thumb/v7e-m/libc_nano.a(lib_a-puts.o)
                0x0000000008002c90                _puts_r
 .text.puts     0x0000000008002d48       0x10 /home/vagrant/gcc-arm-none-eabi-7-2018-q2-update/bin/../lib/gcc/arm-none-eabi/7.3.1/../../../../arm-none-eabi/lib/thumb/v7e-m/libc_nano.a(lib_a-puts.o)
                0x0000000008002d48                puts
 .text.__swbuf_r
                0x0000000008002d58       0xa4 /home/vagrant/gcc-arm-none-eabi-7-2018-q2-update/bin/../lib/gcc/arm-none-eabi/7.3.1/../../../../arm-none-eabi/lib/thumb/v7e-m/libc_nano.a(lib_a-wbuf.o)
                0x0000000008002d58                __swbuf_r
 .text.__swsetup_r
                0x0000000008002dfc       0xdc /home/vagrant/gcc-arm-none-eabi-7-2018-q2-update/bin/../lib/gcc/arm-none-eabi/7.3.1/../../../../arm-none-eabi/lib/thumb/v7e-m/libc_nano.a(lib_a-wsetup.o)
                0x0000000008002dfc                __swsetup_r
 .text.__sflush_r
                0x0000000008002ed8      0x10c /home/vagrant/gcc-arm-none-eabi-7-2018-q2-update/bin/../lib/gcc/arm-none-eabi/7.3.1/../../../../arm-none-eabi/lib/thumb/v7e-m/libc_nano.a(lib_a-fflush.o)
                0x0000000008002ed8                __sflush_r
 .text._fflush_r
                0x0000000008002fe4       0x54 /home/vagrant/gcc-arm-none-eabi-7-2018-q2-update/bin/../lib/gcc/arm-none-eabi/7.3.1/../../../../arm-none-eabi/lib/thumb/v7e-m/libc_nano.a(lib_a-fflush.o)
                0x0000000008002fe4                _fflush_r
 .text.std      0x0000000008003038       0x48 /home/vagrant/gcc-arm-none-eabi-7-2018-q2-update/bin/../lib/gcc/arm-none-eabi/7.3.1/../../../../arm-none-eabi/lib/thumb/v7e-m/libc_nano.a(lib_a-findfp.o)
 .text._cleanup_r
                0x0000000008003080        0xc /home/vagrant/gcc-arm-none-eabi-7-2018-q2-update/bin/../lib/gcc/arm-none-eabi/7.3.1/../../../../arm-none-eabi/lib/thumb/v7e-m/libc_nano.a(lib_a-findfp.o)
                0x0000000008003080                _cleanup_r
 .text.__sfmoreglue
                0x000000000800308c       0x2c /home/vagrant/gcc-arm-none-eabi-7-2018-q2-update/bin/../lib/gcc/arm-none-eabi/7.3.1/../../../../arm-none-eabi/lib/thumb/v7e-m/libc_nano.a(lib_a-findfp.o)
                0x000000000800308c                __sfmoreglue
 .text.__sinit  0x00000000080030b8       0x60 /home/vagrant/gcc-arm-none-eabi-7-2018-q2-update/bin/../lib/gcc/arm-none-eabi/7.3.1/../../../../arm-none-eabi/lib/thumb/v7e-m/libc_nano.a(lib_a-findfp.o)
                0x00000000080030b8                __sinit
 .text.__sfp    0x0000000008003118       0x78 /home/vagrant/gcc-arm-none-eabi-7-2018-q2-update/bin/../lib/gcc/arm-none-eabi/7.3.1/../../../../arm-none-eabi/lib/thumb/v7e-m/libc_nano.a(lib_a-findfp.o)
                0x0000000008003118                __sfp
 .text._fwalk_reent
                0x0000000008003190       0x3c /home/vagrant/gcc-arm-none-eabi-7-2018-q2-update/bin/../lib/gcc/arm-none-eabi/7.3.1/../../../../arm-none-eabi/lib/thumb/v7e-m/libc_nano.a(lib_a-fwalk.o)
                0x0000000008003190                _fwalk_reent
 .text.__swhatbuf_r
                0x00000000080031cc       0x48 /home/vagrant/gcc-arm-none-eabi-7-2018-q2-update/bin/../lib/gcc/arm-none-eabi/7.3.1/../../../../arm-none-eabi/lib/thumb/v7e-m/libc_nano.a(lib_a-makebuf.o)
                0x00000000080031cc                __swhatbuf_r
 .text.__smakebuf_r
                0x0000000008003214       0x80 /home/vagrant/gcc-arm-none-eabi-7-2018-q2-update/bin/../lib/gcc/arm-none-eabi/7.3.1/../../../../arm-none-eabi/lib/thumb/v7e-m/libc_nano.a(lib_a-makebuf.o)
                0x0000000008003214                __smakebuf_r
 .text._free_r  0x0000000008003294       0x9c /home/vagrant/gcc-arm-none-eabi-7-2018-q2-update/bin/../lib/gcc/arm-none-eabi/7.3.1/../../../../arm-none-eabi/lib/thumb/v7e-m/libc_nano.a(lib_a-nano-freer.o)
                0x0000000008003294                _free_r
 .text._malloc_r
                0x0000000008003330       0xb4 /home/vagrant/gcc-arm-none-eabi-7-2018-q2-update/bin/../lib/gcc/arm-none-eabi/7.3.1/../../../../arm-none-eabi/lib/thumb/v7e-m/libc_nano.a(lib_a-nano-mallocr.o)
                0x0000000008003330                _malloc_r
 .text.__sfputc_r
                0x00000000080033e4       0x2a /home/vagrant/gcc-arm-none-eabi-7-2018-q2-update/bin/../lib/gcc/arm-none-eabi/7.3.1/../../../../arm-none-eabi/lib/thumb/v7e-m/libc_nano.a(lib_a-nano-vfprintf.o)
 .text.__sfputs_r
                0x000000000800340e       0x24 /home/vagrant/gcc-arm-none-eabi-7-2018-q2-update/bin/../lib/gcc/arm-none-eabi/7.3.1/../../../../arm-none-eabi/lib/thumb/v7e-m/libc_nano.a(lib_a-nano-vfprintf.o)
                0x000000000800340e                __sfputs_r
 *fill*         0x0000000008003432        0x2 
 .text._vfprintf_r
                0x0000000008003434      0x22c /home/vagrant/gcc-arm-none-eabi-7-2018-q2-update/bin/../lib/gcc/arm-none-eabi/7.3.1/../../../../arm-none-eabi/lib/thumb/v7e-m/libc_nano.a(lib_a-nano-vfprintf.o)
                0x0000000008003434                _vfiprintf_r
                0x0000000008003434                _vfprintf_r
 .text._printf_common
                0x0000000008003660       0xea /home/vagrant/gcc-arm-none-eabi-7-2018-q2-update/bin/../lib/gcc/arm-none-eabi/7.3.1/../../../../arm-none-eabi/lib/thumb/v7e-m/libc_nano.a(lib_a-nano-vfprintf_i.o)
                0x0000000008003660                _printf_common
 *fill*         0x000000000800374a        0x2 
 .text._printf_i
                0x000000000800374c      0x224 /home/vagrant/gcc-arm-none-eabi-7-2018-q2-update/bin/../lib/gcc/arm-none-eabi/7.3.1/../../../../arm-none-eabi/lib/thumb/v7e-m/libc_nano.a(lib_a-nano-vfprintf_i.o)
                0x000000000800374c                _printf_i
 .text.__sread  0x0000000008003970       0x22 /home/vagrant/gcc-arm-none-eabi-7-2018-q2-update/bin/../lib/gcc/arm-none-eabi/7.3.1/../../../../arm-none-eabi/lib/thumb/v7e-m/libc_nano.a(lib_a-stdio.o)
                0x0000000008003970                __sread
 .text.__swrite
                0x0000000008003992       0x38 /home/vagrant/gcc-arm-none-eabi-7-2018-q2-update/bin/../lib/gcc/arm-none-eabi/7.3.1/../../../../arm-none-eabi/lib/thumb/v7e-m/libc_nano.a(lib_a-stdio.o)
                0x0000000008003992                __swrite
 .text.__sseek  0x00000000080039ca       0x24 /home/vagrant/gcc-arm-none-eabi-7-2018-q2-update/bin/../lib/gcc/arm-none-eabi/7.3.1/../../../../arm-none-eabi/lib/thumb/v7e-m/libc_nano.a(lib_a-stdio.o)
                0x00000000080039ca                __sseek
 .text.__sclose
                0x00000000080039ee        0x8 /home/vagrant/gcc-arm-none-eabi-7-2018-q2-update/bin/../lib/gcc/arm-none-eabi/7.3.1/../../../../arm-none-eabi/lib/thumb/v7e-m/libc_nano.a(lib_a-stdio.o)
                0x00000000080039ee                __sclose
 *fill*         0x00000000080039f6        0xa 
 .text          0x0000000008003a00       0xa0 /home/vagrant/gcc-arm-none-eabi-7-2018-q2-update/bin/../lib/gcc/arm-none-eabi/7.3.1/../../../../arm-none-eabi/lib/thumb/v7e-m/libc_nano.a(lib_a-memchr.o)
                0x0000000008003a00                memchr
 .text.__malloc_lock
                0x0000000008003aa0        0x2 /home/vagrant/gcc-arm-none-eabi-7-2018-q2-update/bin/../lib/gcc/arm-none-eabi/7.3.1/../../../../arm-none-eabi/lib/thumb/v7e-m/libc_nano.a(lib_a-mlock.o)
                0x0000000008003aa0                __malloc_lock
 .text.__malloc_unlock
                0x0000000008003aa2        0x2 /home/vagrant/gcc-arm-none-eabi-7-2018-q2-update/bin/../lib/gcc/arm-none-eabi/7.3.1/../../../../arm-none-eabi/lib/thumb/v7e-m/libc_nano.a(lib_a-mlock.o)
                0x0000000008003aa2                __malloc_unlock
 *(.glue_7t)
 .glue_7t       0x0000000008003aa4        0x0 linker stubs
 *(.glue_7)
 .glue_7        0x0000000008003aa4        0x0 linker stubs
 *(.rodata .rodata* .gnu.linkonce.r.*)
 .rodata.bus_fault_default.str1.1
                0x0000000008003aa4       0x12 /home/vagrant/RIOT/Iot_Guided_Tour/Handheld/bin/octa/cortexm_common.a(vectors_cortexm.o)
 .rodata.debug_mon_default.str1.1
                0x0000000008003ab6       0x12 /home/vagrant/RIOT/Iot_Guided_Tour/Handheld/bin/octa/cortexm_common.a(vectors_cortexm.o)
 .rodata.dummy_handler_default.str1.1
                0x0000000008003ac8        0xe /home/vagrant/RIOT/Iot_Guided_Tour/Handheld/bin/octa/cortexm_common.a(vectors_cortexm.o)
 .rodata.hard_fault_handler.str1.1
                0x0000000008003ad6      0x1f4 /home/vagrant/RIOT/Iot_Guided_Tour/Handheld/bin/octa/cortexm_common.a(vectors_cortexm.o)
 .rodata.mem_manage_default.str1.1
                0x0000000008003cca       0x13 /home/vagrant/RIOT/Iot_Guided_Tour/Handheld/bin/octa/cortexm_common.a(vectors_cortexm.o)
 .rodata.nmi_default.str1.1
                0x0000000008003cdd        0xc /home/vagrant/RIOT/Iot_Guided_Tour/Handheld/bin/octa/cortexm_common.a(vectors_cortexm.o)
 .rodata.usage_fault_default.str1.1
                0x0000000008003ce9       0x14 /home/vagrant/RIOT/Iot_Guided_Tour/Handheld/bin/octa/cortexm_common.a(vectors_cortexm.o)
 *fill*         0x0000000008003cfd        0x3 
 .rodata.uart_config
                0x0000000008003d00       0x28 /home/vagrant/RIOT/Iot_Guided_Tour/Handheld/bin/octa/stm32_common_periph.a(uart.o)
 .rodata.uart_write.str1.1
                0x0000000008003d28       0x1f /home/vagrant/RIOT/Iot_Guided_Tour/Handheld/bin/octa/stm32_common_periph.a(uart.o)
 .rodata.assert_crash_message
                0x0000000008003d47       0x12 /home/vagrant/RIOT/Iot_Guided_Tour/Handheld/bin/octa/core.a(panic.o)
                0x0000000008003d47                assert_crash_message
 .rodata.core_panic.str1.1
                0x0000000008003d59       0x2a /home/vagrant/RIOT/Iot_Guided_Tour/Handheld/bin/octa/core.a(panic.o)
                                         0x30 (size before relaxing)
 .rodata.main_trampoline.str1.1
                0x0000000008003d83       0x49 /home/vagrant/RIOT/Iot_Guided_Tour/Handheld/bin/octa/core.a(kernel_init.o)
 .rodata.str1.1
                0x0000000008003dcc        0xa /home/vagrant/RIOT/Iot_Guided_Tour/Handheld/bin/octa/core.a(kernel_init.o)
 .rodata.thread_add_to_list.str1.1
                0x0000000008003dd6        0xe /home/vagrant/RIOT/Iot_Guided_Tour/Handheld/bin/octa/core.a(thread.o)
 .rodata._assert_failure.str1.1
                0x0000000008003de4        0xa /home/vagrant/RIOT/Iot_Guided_Tour/Handheld/bin/octa/core.a(assert.o)
 .rodata        0x0000000008003dee        0x2 /home/vagrant/RIOT/Iot_Guided_Tour/Handheld/bin/octa/ps.a(ps.o)
 .rodata.ps.str1.1
                0x0000000008003df0       0xfd /home/vagrant/RIOT/Iot_Guided_Tour/Handheld/bin/octa/ps.a(ps.o)
 *fill*         0x0000000008003eed        0x3 
 .rodata.state_names
                0x0000000008003ef0       0x2c /home/vagrant/RIOT/Iot_Guided_Tour/Handheld/bin/octa/ps.a(ps.o)
 .rodata.str1.1
                0x0000000008003f1c       0x5b /home/vagrant/RIOT/Iot_Guided_Tour/Handheld/bin/octa/ps.a(ps.o)
 .rodata.apbmul
                0x0000000008003f77        0x2 /home/vagrant/RIOT/Iot_Guided_Tour/Handheld/bin/octa/stm32_common.a(cpu_common.o)
 *fill*         0x0000000008003f79        0x3 
 .rodata.timer_config
                0x0000000008003f7c       0x20 /home/vagrant/RIOT/Iot_Guided_Tour/Handheld/bin/octa/stm32_common_periph.a(timer.o)
 .rodata.BTN_callback.str1.1
                0x0000000008003f9c       0x1e /home/vagrant/RIOT/Iot_Guided_Tour/Handheld/bin/octa/application_shell.a(main.o)
 .rodata.acc_callback.str1.1
                0x0000000008003fba       0x26 /home/vagrant/RIOT/Iot_Guided_Tour/Handheld/bin/octa/application_shell.a(main.o)
 .rodata.configuration_button_interrupt.str1.1
                0x0000000008003fe0       0x14 /home/vagrant/RIOT/Iot_Guided_Tour/Handheld/bin/octa/application_shell.a(main.o)
 .rodata.configuration_lsm303agr.str1.1
                0x0000000008003ff4       0x29 /home/vagrant/RIOT/Iot_Guided_Tour/Handheld/bin/octa/application_shell.a(main.o)
 .rodata.configuration_lsm303agr_interrupt.str1.1
                0x000000000800401d       0x19 /home/vagrant/RIOT/Iot_Guided_Tour/Handheld/bin/octa/application_shell.a(main.o)
 *fill*         0x0000000008004036        0x2 
 .rodata.lsm303agr_params
                0x0000000008004038       0x18 /home/vagrant/RIOT/Iot_Guided_Tour/Handheld/bin/octa/application_shell.a(main.o)
 .rodata.main.str1.1
                0x0000000008004050       0x15 /home/vagrant/RIOT/Iot_Guided_Tour/Handheld/bin/octa/application_shell.a(main.o)
 .rodata.thread_handler.str1.1
                0x0000000008004065       0x10 /home/vagrant/RIOT/Iot_Guided_Tour/Handheld/bin/octa/application_shell.a(main.o)
 *fill*         0x0000000008004075        0x3 
 .rodata        0x0000000008004078        0xc /home/vagrant/RIOT/Iot_Guided_Tour/Handheld/bin/octa/application_shell.a(lora_d7.o)
 .rodata.D7_send.str1.1
                0x0000000008004084       0x51 /home/vagrant/RIOT/Iot_Guided_Tour/Handheld/bin/octa/application_shell.a(lora_d7.o)
 .rodata.on_modem_command_completed_callback.str1.1
                0x00000000080040d5       0x28 /home/vagrant/RIOT/Iot_Guided_Tour/Handheld/bin/octa/application_shell.a(lora_d7.o)
 .rodata.on_modem_return_file_data_callback.str1.1
                0x00000000080040fd       0x3e /home/vagrant/RIOT/Iot_Guided_Tour/Handheld/bin/octa/application_shell.a(lora_d7.o)
 .rodata.on_modem_write_file_data_callback.str1.1
                0x000000000800413b       0x3d /home/vagrant/RIOT/Iot_Guided_Tour/Handheld/bin/octa/application_shell.a(lora_d7.o)
 .rodata.saul_gpio_params
                0x0000000008004178       0x48 /home/vagrant/RIOT/Iot_Guided_Tour/Handheld/bin/octa/auto_init_saul.a(auto_init_gpio.o)
 .rodata.str1.1
                0x00000000080041c0       0x4e /home/vagrant/RIOT/Iot_Guided_Tour/Handheld/bin/octa/auto_init_saul.a(auto_init_gpio.o)
 .rodata.alloc_command.str1.1
                0x000000000800420e       0x1b /home/vagrant/RIOT/Iot_Guided_Tour/Handheld/bin/octa/oss7_modem.a(modem.o)
 .rodata.block_until_cmd_completed.constprop.3.str1.1
                0x0000000008004229       0x18 /home/vagrant/RIOT/Iot_Guided_Tour/Handheld/bin/octa/oss7_modem.a(modem.o)
 .rodata.modem_init.str1.1
                0x0000000008004241        0xe /home/vagrant/RIOT/Iot_Guided_Tour/Handheld/bin/octa/oss7_modem.a(modem.o)
 .rodata.on_app_wakeup_requested.str1.1
                0x000000000800424f       0x1f /home/vagrant/RIOT/Iot_Guided_Tour/Handheld/bin/octa/oss7_modem.a(modem.o)
 .rodata.process_serial_frame.str1.1
                0x000000000800426e       0x9f /home/vagrant/RIOT/Iot_Guided_Tour/Handheld/bin/octa/oss7_modem.a(modem.o)
 .rodata.rx_thread.str1.1
                0x000000000800430d       0x26 /home/vagrant/RIOT/Iot_Guided_Tour/Handheld/bin/octa/oss7_modem.a(modem.o)
 .rodata.send.str1.1
                0x0000000008004333       0x31 /home/vagrant/RIOT/Iot_Guided_Tour/Handheld/bin/octa/oss7_modem.a(modem.o)
 .rodata.alp_append_length_operand.str1.1
                0x0000000008004364       0x37 /home/vagrant/RIOT/Iot_Guided_Tour/Handheld/bin/octa/oss7_modem.a(alp.o)
 .rodata.fifo_init_subview.str1.1
                0x000000000800439b       0x38 /home/vagrant/RIOT/Iot_Guided_Tour/Handheld/bin/octa/oss7_modem.a(fifo.o)
 *fill*         0x00000000080043d3        0x1 
 .rodata.gpio_in_saul_driver
                0x00000000080043d4        0xc /home/vagrant/RIOT/Iot_Guided_Tour/Handheld/bin/octa/saul.a(gpio_saul.o)
                0x00000000080043d4                gpio_in_saul_driver
 .rodata.gpio_out_saul_driver
                0x00000000080043e0        0xc /home/vagrant/RIOT/Iot_Guided_Tour/Handheld/bin/octa/saul.a(gpio_saul.o)
                0x00000000080043e0                gpio_out_saul_driver
 .rodata._check_bus.str1.1
                0x00000000080043ec       0x20 /home/vagrant/RIOT/Iot_Guided_Tour/Handheld/bin/octa/stm32_common_periph.a(i2c_1.o)
 .rodata._xtimer_tsleep.str1.1
                0x000000000800440c       0x14 /home/vagrant/RIOT/Iot_Guided_Tour/Handheld/bin/octa/xtimer.a(xtimer.o)
 .rodata._global_impure_ptr
                0x0000000008004420        0x4 /home/vagrant/gcc-arm-none-eabi-7-2018-q2-update/bin/../lib/gcc/arm-none-eabi/7.3.1/../../../../arm-none-eabi/lib/thumb/v7e-m/libc_nano.a(lib_a-impure.o)
                0x0000000008004420                _global_impure_ptr
 .rodata.__sf_fake_stderr
                0x0000000008004424       0x20 /home/vagrant/gcc-arm-none-eabi-7-2018-q2-update/bin/../lib/gcc/arm-none-eabi/7.3.1/../../../../arm-none-eabi/lib/thumb/v7e-m/libc_nano.a(lib_a-findfp.o)
                0x0000000008004424                __sf_fake_stderr
 .rodata.__sf_fake_stdin
                0x0000000008004444       0x20 /home/vagrant/gcc-arm-none-eabi-7-2018-q2-update/bin/../lib/gcc/arm-none-eabi/7.3.1/../../../../arm-none-eabi/lib/thumb/v7e-m/libc_nano.a(lib_a-findfp.o)
                0x0000000008004444                __sf_fake_stdin
 .rodata.__sf_fake_stdout
                0x0000000008004464       0x20 /home/vagrant/gcc-arm-none-eabi-7-2018-q2-update/bin/../lib/gcc/arm-none-eabi/7.3.1/../../../../arm-none-eabi/lib/thumb/v7e-m/libc_nano.a(lib_a-findfp.o)
                0x0000000008004464                __sf_fake_stdout
 .rodata._vfprintf_r.str1.1
                0x0000000008004484       0x11 /home/vagrant/gcc-arm-none-eabi-7-2018-q2-update/bin/../lib/gcc/arm-none-eabi/7.3.1/../../../../arm-none-eabi/lib/thumb/v7e-m/libc_nano.a(lib_a-nano-vfprintf.o)
 .rodata._printf_i.str1.1
                0x0000000008004495       0x22 /home/vagrant/gcc-arm-none-eabi-7-2018-q2-update/bin/../lib/gcc/arm-none-eabi/7.3.1/../../../../arm-none-eabi/lib/thumb/v7e-m/libc_nano.a(lib_a-nano-vfprintf_i.o)
 *(.ARM.extab* .gnu.linkonce.armextab.*)
                0x00000000080044b8                . = ALIGN (0x4)
 *fill*         0x00000000080044b7        0x1 
 *(.init)
                0x00000000080044b8                . = ALIGN (0x4)
                0x00000000080044b8                __preinit_array_start = .
 *(.preinit_array)
                0x00000000080044b8                __preinit_array_end = .
                0x00000000080044b8                . = ALIGN (0x4)
                0x00000000080044b8                __init_array_start = .
 *(SORT_BY_NAME(.init_array.*))
 *(.init_array)
                0x00000000080044b8                __init_array_end = .
                0x00000000080044b8                . = ALIGN (0x4)
 *crtbegin.o(.ctors)
 *(EXCLUDE_FILE(*crtend.o) .ctors)
 *(SORT_BY_NAME(.ctors.*))
 *crtend.o(.ctors)
                0x00000000080044b8                . = ALIGN (0x4)
 *(.fini)
                0x00000000080044b8                . = ALIGN (0x4)
                0x00000000080044b8                __fini_array_start = .
 *(.fini_array)
 *(SORT_BY_NAME(.fini_array.*))
                0x00000000080044b8                __fini_array_end = .
 *crtbegin.o(.dtors)
 *(EXCLUDE_FILE(*crtend.o) .dtors)
 *(SORT_BY_NAME(.dtors.*))
 *crtend.o(.dtors)
                0x00000000080044b8                . = ALIGN (0x4)
                0x00000000080044b8                _efixed = .
                [!provide]                        PROVIDE (__exidx_start = .)

.vfp11_veneer   0x00000000080044b8        0x0
 .vfp11_veneer  0x00000000080044b8        0x0 linker stubs

.v4_bx          0x00000000080044b8        0x0
 .v4_bx         0x00000000080044b8        0x0 linker stubs

.iplt           0x00000000080044b8        0x0
 .iplt          0x00000000080044b8        0x0 /home/vagrant/RIOT/Iot_Guided_Tour/Handheld/bin/octa/cpu/vectors.o

.igot.plt       0x00000000080044b8        0x0
 .igot.plt      0x00000000080044b8        0x0 /home/vagrant/RIOT/Iot_Guided_Tour/Handheld/bin/octa/cpu/vectors.o

.rel.dyn        0x00000000080044b8        0x0
 .rel.iplt      0x00000000080044b8        0x0 /home/vagrant/RIOT/Iot_Guided_Tour/Handheld/bin/octa/cpu/vectors.o

.ARM.exidx
 *(.ARM.exidx* .gnu.linkonce.armexidx.*)
                [!provide]                        PROVIDE (__exidx_end = .)
                0x00000000080044b8                . = ALIGN (0x4)

.eh_frame
 *(.eh_frame)
                0x00000000080044b8                . = ALIGN (0x4)
                0x00000000080044b8                _etext = .

.stack          0x0000000020000000      0x200
 *(.puf)
                0x0000000020000000                . = ALIGN (0x8)
                0x0000000020000000                _sstack = .
 *(.isr_stack)
 .isr_stack     0x0000000020000000      0x200 /home/vagrant/RIOT/Iot_Guided_Tour/Handheld/bin/octa/cortexm_common.a(vectors_cortexm.o)
                0x0000000020000000                isr_stack
                0x0000000020000200                . = ALIGN (0x8)
                0x0000000020000200                _estack = .

.relocate       0x0000000020000200       0xc4 load address 0x00000000080044b8
                0x0000000020000200                . = ALIGN (0x4)
                0x0000000020000200                _srelocate = .
 *(.ramfunc .ramfunc.*)
 *(.data .data.*)
 .data.heap_top
                0x0000000020000200        0x4 /home/vagrant/RIOT/Iot_Guided_Tour/Handheld/bin/octa/newlib_syscalls_default/syscalls.o
                0x0000000020000200                heap_top
 .data.stdio_uart_isrpipe
                0x0000000020000204       0x14 /home/vagrant/RIOT/Iot_Guided_Tour/Handheld/bin/octa/stdio_uart.a(stdio_uart.o)
                0x0000000020000204                stdio_uart_isrpipe
 .data.idle_name
                0x0000000020000218        0x4 /home/vagrant/RIOT/Iot_Guided_Tour/Handheld/bin/octa/core.a(kernel_init.o)
                0x0000000020000218                idle_name
 .data.main_name
                0x000000002000021c        0x4 /home/vagrant/RIOT/Iot_Guided_Tour/Handheld/bin/octa/core.a(kernel_init.o)
                0x000000002000021c                main_name
 .data.d7_session_config
                0x0000000020000220        0xc /home/vagrant/RIOT/Iot_Guided_Tour/Handheld/bin/octa/application_shell.a(lora_d7.o)
 .data.lorawan_session_config
                0x000000002000022c       0x2c /home/vagrant/RIOT/Iot_Guided_Tour/Handheld/bin/octa/application_shell.a(lora_d7.o)
 .data.rx_mutex
                0x0000000020000258        0x4 /home/vagrant/RIOT/Iot_Guided_Tour/Handheld/bin/octa/oss7_modem.a(modem.o)
 .data._impure_ptr
                0x000000002000025c        0x4 /home/vagrant/gcc-arm-none-eabi-7-2018-q2-update/bin/../lib/gcc/arm-none-eabi/7.3.1/../../../../arm-none-eabi/lib/thumb/v7e-m/libc_nano.a(lib_a-impure.o)
                0x000000002000025c                _impure_ptr
 .data.impure_data
                0x0000000020000260       0x60 /home/vagrant/gcc-arm-none-eabi-7-2018-q2-update/bin/../lib/gcc/arm-none-eabi/7.3.1/../../../../arm-none-eabi/lib/thumb/v7e-m/libc_nano.a(lib_a-impure.o)
 *(.openocd .openocd.*)
 .openocd       0x00000000200002c0        0x2 /home/vagrant/RIOT/Iot_Guided_Tour/Handheld/bin/octa/core.a(sched.o)
                0x00000000200002c0                _tcb_name_offset
                0x00000000200002c1                max_threads
                0x00000000200002c4                . = ALIGN (0x4)
 *fill*         0x00000000200002c2        0x2 
                0x00000000200002c4                _erelocate = .

.bss            0x00000000200002c4     0x17ac load address 0x000000000800457c
                0x00000000200002c4                . = ALIGN (0x4)
                0x00000000200002c4                _sbss = .
                0x00000000200002c4                _szero = .
 *(.bss .bss.*)
 .bss.runqueue_bitcache
                0x00000000200002c4        0x4 /home/vagrant/RIOT/Iot_Guided_Tour/Handheld/bin/octa/core.a(sched.o)
 .bss.sched_active_pid
                0x00000000200002c8        0x2 /home/vagrant/RIOT/Iot_Guided_Tour/Handheld/bin/octa/core.a(sched.o)
                0x00000000200002c8                sched_active_pid
 *fill*         0x00000000200002ca        0x2 
 .bss.sched_active_thread
                0x00000000200002cc        0x4 /home/vagrant/RIOT/Iot_Guided_Tour/Handheld/bin/octa/core.a(sched.o)
                0x00000000200002cc                sched_active_thread
 .bss.sched_context_switch_request
                0x00000000200002d0        0x4 /home/vagrant/RIOT/Iot_Guided_Tour/Handheld/bin/octa/core.a(sched.o)
                0x00000000200002d0                sched_context_switch_request
 .bss.sched_num_threads
                0x00000000200002d4        0x4 /home/vagrant/RIOT/Iot_Guided_Tour/Handheld/bin/octa/core.a(sched.o)
                0x00000000200002d4                sched_num_threads
 .bss.sched_runqueues
                0x00000000200002d8       0x40 /home/vagrant/RIOT/Iot_Guided_Tour/Handheld/bin/octa/core.a(sched.o)
                0x00000000200002d8                sched_runqueues
 .bss.sched_threads
                0x0000000020000318       0x84 /home/vagrant/RIOT/Iot_Guided_Tour/Handheld/bin/octa/core.a(sched.o)
                0x0000000020000318                sched_threads
 .bss._rx_buf_mem
                0x000000002000039c       0x40 /home/vagrant/RIOT/Iot_Guided_Tour/Handheld/bin/octa/stdio_uart.a(stdio_uart.o)
 .bss.isr_ctx   0x00000000200003dc       0x10 /home/vagrant/RIOT/Iot_Guided_Tour/Handheld/bin/octa/stm32_common_periph.a(uart.o)
 .bss.isr_ctx   0x00000000200003ec       0x80 /home/vagrant/RIOT/Iot_Guided_Tour/Handheld/bin/octa/stm32_common_periph.a(gpio.o)
 .bss._in_handler
                0x000000002000046c        0x4 /home/vagrant/RIOT/Iot_Guided_Tour/Handheld/bin/octa/xtimer.a(xtimer_core.o)
 .bss._long_cnt
                0x0000000020000470        0x4 /home/vagrant/RIOT/Iot_Guided_Tour/Handheld/bin/octa/xtimer.a(xtimer_core.o)
 .bss.long_list_head
                0x0000000020000474        0x4 /home/vagrant/RIOT/Iot_Guided_Tour/Handheld/bin/octa/xtimer.a(xtimer_core.o)
 .bss.overflow_list_head
                0x0000000020000478        0x4 /home/vagrant/RIOT/Iot_Guided_Tour/Handheld/bin/octa/xtimer.a(xtimer_core.o)
 .bss.timer_list_head
                0x000000002000047c        0x4 /home/vagrant/RIOT/Iot_Guided_Tour/Handheld/bin/octa/xtimer.a(xtimer_core.o)
 .bss.crashed   0x0000000020000480        0x4 /home/vagrant/RIOT/Iot_Guided_Tour/Handheld/bin/octa/core.a(panic.o)
 .bss.idle_stack
                0x0000000020000484      0x100 /home/vagrant/RIOT/Iot_Guided_Tour/Handheld/bin/octa/core.a(kernel_init.o)
 .bss.main_stack
                0x0000000020000584      0x600 /home/vagrant/RIOT/Iot_Guided_Tour/Handheld/bin/octa/core.a(kernel_init.o)
 .bss.isr_ctx   0x0000000020000b84       0x10 /home/vagrant/RIOT/Iot_Guided_Tour/Handheld/bin/octa/stm32_common_periph.a(timer.o)
 .bss.dev       0x0000000020000b94       0x18 /home/vagrant/RIOT/Iot_Guided_Tour/Handheld/bin/octa/application_shell.a(main.o)
 .bss.last_measured_interrupt_time
                0x0000000020000bac        0x4 /home/vagrant/RIOT/Iot_Guided_Tour/Handheld/bin/octa/application_shell.a(main.o)
 .bss.last_measured_send_time
                0x0000000020000bb0        0x4 /home/vagrant/RIOT/Iot_Guided_Tour/Handheld/bin/octa/application_shell.a(main.o)
 .bss.last_measured_sleep_time
                0x0000000020000bb4        0x4 /home/vagrant/RIOT/Iot_Guided_Tour/Handheld/bin/octa/application_shell.a(main.o)
 .bss.mode      0x0000000020000bb8        0x4 /home/vagrant/RIOT/Iot_Guided_Tour/Handheld/bin/octa/application_shell.a(main.o)
 .bss.send_mode
                0x0000000020000bbc        0x4 /home/vagrant/RIOT/Iot_Guided_Tour/Handheld/bin/octa/application_shell.a(main.o)
 .bss.thread_stack
                0x0000000020000bc0      0x600 /home/vagrant/RIOT/Iot_Guided_Tour/Handheld/bin/octa/application_shell.a(main.o)
 .bss.time_now  0x00000000200011c0        0x4 /home/vagrant/RIOT/Iot_Guided_Tour/Handheld/bin/octa/application_shell.a(main.o)
 .bss.saul_reg_entries
                0x00000000200011c4       0x60 /home/vagrant/RIOT/Iot_Guided_Tour/Handheld/bin/octa/auto_init_saul.a(auto_init_gpio.o)
 .bss.callbacks
                0x0000000020001224        0x4 /home/vagrant/RIOT/Iot_Guided_Tour/Handheld/bin/octa/oss7_modem.a(modem.o)
 .bss.cmd_mutex
                0x0000000020001228        0x4 /home/vagrant/RIOT/Iot_Guided_Tour/Handheld/bin/octa/oss7_modem.a(modem.o)
 .bss.command   0x000000002000122c      0x11c /home/vagrant/RIOT/Iot_Guided_Tour/Handheld/bin/octa/oss7_modem.a(modem.o)
 .bss.next_tag_id
                0x0000000020001348        0x1 /home/vagrant/RIOT/Iot_Guided_Tour/Handheld/bin/octa/oss7_modem.a(modem.o)
 .bss.parsed_header
                0x0000000020001349        0x1 /home/vagrant/RIOT/Iot_Guided_Tour/Handheld/bin/octa/oss7_modem.a(modem.o)
 .bss.payload_len
                0x000000002000134a        0x1 /home/vagrant/RIOT/Iot_Guided_Tour/Handheld/bin/octa/oss7_modem.a(modem.o)
 .bss.rx_buffer
                0x000000002000134b      0x100 /home/vagrant/RIOT/Iot_Guided_Tour/Handheld/bin/octa/oss7_modem.a(modem.o)
 *fill*         0x000000002000144b        0x1 
 .bss.rx_fifo   0x000000002000144c       0x10 /home/vagrant/RIOT/Iot_Guided_Tour/Handheld/bin/octa/oss7_modem.a(modem.o)
 .bss.rx_thread_stack
                0x000000002000145c      0x600 /home/vagrant/RIOT/Iot_Guided_Tour/Handheld/bin/octa/oss7_modem.a(modem.o)
 .bss.uart_handle
                0x0000000020001a5c        0x4 /home/vagrant/RIOT/Iot_Guided_Tour/Handheld/bin/octa/oss7_modem.a(modem.o)
 .bss.saul_reg  0x0000000020001a60        0x4 /home/vagrant/RIOT/Iot_Guided_Tour/Handheld/bin/octa/saul_reg.a(saul_reg.o)
                0x0000000020001a60                saul_reg
 .bss.locks     0x0000000020001a64        0x4 /home/vagrant/RIOT/Iot_Guided_Tour/Handheld/bin/octa/stm32_common_periph.a(i2c_1.o)
 .bss.__malloc_free_list
                0x0000000020001a68        0x4 /home/vagrant/gcc-arm-none-eabi-7-2018-q2-update/bin/../lib/gcc/arm-none-eabi/7.3.1/../../../../arm-none-eabi/lib/thumb/v7e-m/libc_nano.a(lib_a-nano-mallocr.o)
                0x0000000020001a68                __malloc_free_list
 .bss.__malloc_sbrk_start
                0x0000000020001a6c        0x4 /home/vagrant/gcc-arm-none-eabi-7-2018-q2-update/bin/../lib/gcc/arm-none-eabi/7.3.1/../../../../arm-none-eabi/lib/thumb/v7e-m/libc_nano.a(lib_a-nano-mallocr.o)
                0x0000000020001a6c                __malloc_sbrk_start
 *(COMMON)
                0x0000000020001a70                . = ALIGN (0x4)
                0x0000000020001a70                _ebss = .
                0x0000000020001a70                _ezero = .
                0x0000000020001a70                . = ALIGN (0x4)
                0x0000000020001a70                _sheap = .
                0x0000000020050000                _eheap = (ORIGIN (ram) + LENGTH (ram))
                0x0000000020000000                _sram = ORIGIN (ram)
                0x0000000020050000                _eram = (ORIGIN (ram) + LENGTH (ram))
OUTPUT(/home/vagrant/RIOT/Iot_Guided_Tour/Handheld/bin/octa/shell.elf elf32-littlearm)

.debug_info     0x0000000000000000    0x37d6f
 .debug_info    0x0000000000000000      0x35e /home/vagrant/RIOT/Iot_Guided_Tour/Handheld/bin/octa/cpu/vectors.o
 .debug_info    0x000000000000035e     0x1dd6 /home/vagrant/RIOT/Iot_Guided_Tour/Handheld/bin/octa/newlib_syscalls_default/syscalls.o
 .debug_info    0x0000000000002134      0xde1 /home/vagrant/RIOT/Iot_Guided_Tour/Handheld/bin/octa/core.a(sched.o)
 .debug_info    0x0000000000002f15      0xf7b /home/vagrant/RIOT/Iot_Guided_Tour/Handheld/bin/octa/cortexm_common.a(thread_arch.o)
 .debug_info    0x0000000000003e90     0x1c4c /home/vagrant/RIOT/Iot_Guided_Tour/Handheld/bin/octa/cortexm_common.a(vectors_cortexm.o)
 .debug_info    0x0000000000005adc      0xc88 /home/vagrant/RIOT/Iot_Guided_Tour/Handheld/bin/octa/cortexm_common.a(irq_arch.o)
 .debug_info    0x0000000000006764     0x15e1 /home/vagrant/RIOT/Iot_Guided_Tour/Handheld/bin/octa/stdio_uart.a(stdio_uart.o)
 .debug_info    0x0000000000007d45     0x1d00 /home/vagrant/RIOT/Iot_Guided_Tour/Handheld/bin/octa/stm32_common_periph.a(uart.o)
 .debug_info    0x0000000000009a45     0x2027 /home/vagrant/RIOT/Iot_Guided_Tour/Handheld/bin/octa/stm32_common_periph.a(gpio.o)
 .debug_info    0x000000000000ba6c     0x2039 /home/vagrant/RIOT/Iot_Guided_Tour/Handheld/bin/octa/xtimer.a(xtimer_core.o)
 .debug_info    0x000000000000daa5      0xb3e /home/vagrant/RIOT/Iot_Guided_Tour/Handheld/bin/octa/periph_common.a(pm.o)
 .debug_info    0x000000000000e5e3     0x155d /home/vagrant/RIOT/Iot_Guided_Tour/Handheld/bin/octa/board.a(board.o)
 .debug_info    0x000000000000fb40      0xd01 /home/vagrant/RIOT/Iot_Guided_Tour/Handheld/bin/octa/core.a(panic.o)
 .debug_info    0x0000000000010841      0xd42 /home/vagrant/RIOT/Iot_Guided_Tour/Handheld/bin/octa/core.a(kernel_init.o)
 .debug_info    0x0000000000011583     0x114d /home/vagrant/RIOT/Iot_Guided_Tour/Handheld/bin/octa/core.a(thread.o)
 .debug_info    0x00000000000126d0      0x977 /home/vagrant/RIOT/Iot_Guided_Tour/Handheld/bin/octa/core.a(assert.o)
 .debug_info    0x0000000000013047      0xddb /home/vagrant/RIOT/Iot_Guided_Tour/Handheld/bin/octa/cortexm_common_periph.a(pm.o)
 .debug_info    0x0000000000013e22     0x19a2 /home/vagrant/RIOT/Iot_Guided_Tour/Handheld/bin/octa/isrpipe.a(isrpipe.o)
 .debug_info    0x00000000000157c4      0xd48 /home/vagrant/RIOT/Iot_Guided_Tour/Handheld/bin/octa/ps.a(ps.o)
 .debug_info    0x000000000001650c      0xbb8 /home/vagrant/RIOT/Iot_Guided_Tour/Handheld/bin/octa/stm32_common.a(cpu_init.o)
 .debug_info    0x00000000000170c4     0x16f3 /home/vagrant/RIOT/Iot_Guided_Tour/Handheld/bin/octa/stm32_common.a(cpu_common.o)
 .debug_info    0x00000000000187b7     0x1b14 /home/vagrant/RIOT/Iot_Guided_Tour/Handheld/bin/octa/stm32_common_periph.a(timer.o)
 .debug_info    0x000000000001a2cb      0x39e /home/vagrant/RIOT/Iot_Guided_Tour/Handheld/bin/octa/tsrb.a(tsrb.o)
 .debug_info    0x000000000001a669     0x13ca /home/vagrant/RIOT/Iot_Guided_Tour/Handheld/bin/octa/periph_common.a(init.o)
 .debug_info    0x000000000001ba33     0x1f4f /home/vagrant/RIOT/Iot_Guided_Tour/Handheld/bin/octa/application_shell.a(main.o)
 .debug_info    0x000000000001d982     0x1a6c /home/vagrant/RIOT/Iot_Guided_Tour/Handheld/bin/octa/application_shell.a(lora_d7.o)
 .debug_info    0x000000000001f3ee     0x13cd /home/vagrant/RIOT/Iot_Guided_Tour/Handheld/bin/octa/auto_init.a(auto_init.o)
 .debug_info    0x00000000000207bb     0x1709 /home/vagrant/RIOT/Iot_Guided_Tour/Handheld/bin/octa/auto_init_saul.a(auto_init_gpio.o)
 .debug_info    0x0000000000021ec4      0xe50 /home/vagrant/RIOT/Iot_Guided_Tour/Handheld/bin/octa/core.a(mutex.o)
 .debug_info    0x0000000000022d14     0x1170 /home/vagrant/RIOT/Iot_Guided_Tour/Handheld/bin/octa/cortexm_common.a(cortexm_init.o)
 .debug_info    0x0000000000023e84     0x1725 /home/vagrant/RIOT/Iot_Guided_Tour/Handheld/bin/octa/cpu.a(stmclk.o)
 .debug_info    0x00000000000255a9     0x20de /home/vagrant/RIOT/Iot_Guided_Tour/Handheld/bin/octa/lsm303agr.a(lsm303agr.o)
 .debug_info    0x0000000000027687     0x2c1c /home/vagrant/RIOT/Iot_Guided_Tour/Handheld/bin/octa/oss7_modem.a(modem.o)
 .debug_info    0x000000000002a2a3     0x255a /home/vagrant/RIOT/Iot_Guided_Tour/Handheld/bin/octa/oss7_modem.a(alp.o)
 .debug_info    0x000000000002c7fd     0x1200 /home/vagrant/RIOT/Iot_Guided_Tour/Handheld/bin/octa/oss7_modem.a(fifo.o)
 .debug_info    0x000000000002d9fd     0x17b4 /home/vagrant/RIOT/Iot_Guided_Tour/Handheld/bin/octa/saul.a(gpio_saul.o)
 .debug_info    0x000000000002f1b1      0x976 /home/vagrant/RIOT/Iot_Guided_Tour/Handheld/bin/octa/saul.a(saul.o)
 .debug_info    0x000000000002fb27      0xbeb /home/vagrant/RIOT/Iot_Guided_Tour/Handheld/bin/octa/saul_reg.a(saul_reg.o)
 .debug_info    0x0000000000030712     0x179f /home/vagrant/RIOT/Iot_Guided_Tour/Handheld/bin/octa/stm32_common.a(stmclk_common.o)
 .debug_info    0x0000000000031eb1     0x285f /home/vagrant/RIOT/Iot_Guided_Tour/Handheld/bin/octa/stm32_common_periph.a(i2c_1.o)
 .debug_info    0x0000000000034710     0x20a3 /home/vagrant/RIOT/Iot_Guided_Tour/Handheld/bin/octa/xtimer.a(xtimer.o)
 .debug_info    0x00000000000367b3     0x15bc /home/vagrant/RIOT/Iot_Guided_Tour/Handheld/bin/octa/periph_common.a(i2c.o)

.debug_abbrev   0x0000000000000000     0x7781
 .debug_abbrev  0x0000000000000000       0xe8 /home/vagrant/RIOT/Iot_Guided_Tour/Handheld/bin/octa/cpu/vectors.o
 .debug_abbrev  0x00000000000000e8      0x431 /home/vagrant/RIOT/Iot_Guided_Tour/Handheld/bin/octa/newlib_syscalls_default/syscalls.o
 .debug_abbrev  0x0000000000000519      0x322 /home/vagrant/RIOT/Iot_Guided_Tour/Handheld/bin/octa/core.a(sched.o)
 .debug_abbrev  0x000000000000083b      0x33c /home/vagrant/RIOT/Iot_Guided_Tour/Handheld/bin/octa/cortexm_common.a(thread_arch.o)
 .debug_abbrev  0x0000000000000b77      0x3c7 /home/vagrant/RIOT/Iot_Guided_Tour/Handheld/bin/octa/cortexm_common.a(vectors_cortexm.o)
 .debug_abbrev  0x0000000000000f3e      0x24f /home/vagrant/RIOT/Iot_Guided_Tour/Handheld/bin/octa/cortexm_common.a(irq_arch.o)
 .debug_abbrev  0x000000000000118d      0x26b /home/vagrant/RIOT/Iot_Guided_Tour/Handheld/bin/octa/stdio_uart.a(stdio_uart.o)
 .debug_abbrev  0x00000000000013f8      0x3e6 /home/vagrant/RIOT/Iot_Guided_Tour/Handheld/bin/octa/stm32_common_periph.a(uart.o)
 .debug_abbrev  0x00000000000017de      0x3cf /home/vagrant/RIOT/Iot_Guided_Tour/Handheld/bin/octa/stm32_common_periph.a(gpio.o)
 .debug_abbrev  0x0000000000001bad      0x543 /home/vagrant/RIOT/Iot_Guided_Tour/Handheld/bin/octa/xtimer.a(xtimer_core.o)
 .debug_abbrev  0x00000000000020f0      0x1ab /home/vagrant/RIOT/Iot_Guided_Tour/Handheld/bin/octa/periph_common.a(pm.o)
 .debug_abbrev  0x000000000000229b      0x219 /home/vagrant/RIOT/Iot_Guided_Tour/Handheld/bin/octa/board.a(board.o)
 .debug_abbrev  0x00000000000024b4      0x281 /home/vagrant/RIOT/Iot_Guided_Tour/Handheld/bin/octa/core.a(panic.o)
 .debug_abbrev  0x0000000000002735      0x241 /home/vagrant/RIOT/Iot_Guided_Tour/Handheld/bin/octa/core.a(kernel_init.o)
 .debug_abbrev  0x0000000000002976      0x31a /home/vagrant/RIOT/Iot_Guided_Tour/Handheld/bin/octa/core.a(thread.o)
 .debug_abbrev  0x0000000000002c90      0x1dc /home/vagrant/RIOT/Iot_Guided_Tour/Handheld/bin/octa/core.a(assert.o)
 .debug_abbrev  0x0000000000002e6c      0x255 /home/vagrant/RIOT/Iot_Guided_Tour/Handheld/bin/octa/cortexm_common_periph.a(pm.o)
 .debug_abbrev  0x00000000000030c1      0x340 /home/vagrant/RIOT/Iot_Guided_Tour/Handheld/bin/octa/isrpipe.a(isrpipe.o)
 .debug_abbrev  0x0000000000003401      0x21d /home/vagrant/RIOT/Iot_Guided_Tour/Handheld/bin/octa/ps.a(ps.o)
 .debug_abbrev  0x000000000000361e      0x1fd /home/vagrant/RIOT/Iot_Guided_Tour/Handheld/bin/octa/stm32_common.a(cpu_init.o)
 .debug_abbrev  0x000000000000381b      0x296 /home/vagrant/RIOT/Iot_Guided_Tour/Handheld/bin/octa/stm32_common.a(cpu_common.o)
 .debug_abbrev  0x0000000000003ab1      0x392 /home/vagrant/RIOT/Iot_Guided_Tour/Handheld/bin/octa/stm32_common_periph.a(timer.o)
 .debug_abbrev  0x0000000000003e43      0x1a2 /home/vagrant/RIOT/Iot_Guided_Tour/Handheld/bin/octa/tsrb.a(tsrb.o)
 .debug_abbrev  0x0000000000003fe5      0x219 /home/vagrant/RIOT/Iot_Guided_Tour/Handheld/bin/octa/periph_common.a(init.o)
 .debug_abbrev  0x00000000000041fe      0x3d5 /home/vagrant/RIOT/Iot_Guided_Tour/Handheld/bin/octa/application_shell.a(main.o)
 .debug_abbrev  0x00000000000045d3      0x2bd /home/vagrant/RIOT/Iot_Guided_Tour/Handheld/bin/octa/application_shell.a(lora_d7.o)
 .debug_abbrev  0x0000000000004890      0x222 /home/vagrant/RIOT/Iot_Guided_Tour/Handheld/bin/octa/auto_init.a(auto_init.o)
 .debug_abbrev  0x0000000000004ab2      0x256 /home/vagrant/RIOT/Iot_Guided_Tour/Handheld/bin/octa/auto_init_saul.a(auto_init_gpio.o)
 .debug_abbrev  0x0000000000004d08      0x2b8 /home/vagrant/RIOT/Iot_Guided_Tour/Handheld/bin/octa/core.a(mutex.o)
 .debug_abbrev  0x0000000000004fc0      0x2b0 /home/vagrant/RIOT/Iot_Guided_Tour/Handheld/bin/octa/cortexm_common.a(cortexm_init.o)
 .debug_abbrev  0x0000000000005270      0x20f /home/vagrant/RIOT/Iot_Guided_Tour/Handheld/bin/octa/cpu.a(stmclk.o)
 .debug_abbrev  0x000000000000547f      0x2db /home/vagrant/RIOT/Iot_Guided_Tour/Handheld/bin/octa/lsm303agr.a(lsm303agr.o)
 .debug_abbrev  0x000000000000575a      0x557 /home/vagrant/RIOT/Iot_Guided_Tour/Handheld/bin/octa/oss7_modem.a(modem.o)
 .debug_abbrev  0x0000000000005cb1      0x462 /home/vagrant/RIOT/Iot_Guided_Tour/Handheld/bin/octa/oss7_modem.a(alp.o)
 .debug_abbrev  0x0000000000006113      0x31c /home/vagrant/RIOT/Iot_Guided_Tour/Handheld/bin/octa/oss7_modem.a(fifo.o)
 .debug_abbrev  0x000000000000642f      0x25b /home/vagrant/RIOT/Iot_Guided_Tour/Handheld/bin/octa/saul.a(gpio_saul.o)
 .debug_abbrev  0x000000000000668a      0x19e /home/vagrant/RIOT/Iot_Guided_Tour/Handheld/bin/octa/saul.a(saul.o)
 .debug_abbrev  0x0000000000006828      0x206 /home/vagrant/RIOT/Iot_Guided_Tour/Handheld/bin/octa/saul_reg.a(saul_reg.o)
 .debug_abbrev  0x0000000000006a2e      0x207 /home/vagrant/RIOT/Iot_Guided_Tour/Handheld/bin/octa/stm32_common.a(stmclk_common.o)
 .debug_abbrev  0x0000000000006c35      0x51b /home/vagrant/RIOT/Iot_Guided_Tour/Handheld/bin/octa/stm32_common_periph.a(i2c_1.o)
 .debug_abbrev  0x0000000000007150      0x404 /home/vagrant/RIOT/Iot_Guided_Tour/Handheld/bin/octa/xtimer.a(xtimer.o)
 .debug_abbrev  0x0000000000007554      0x22d /home/vagrant/RIOT/Iot_Guided_Tour/Handheld/bin/octa/periph_common.a(i2c.o)

.debug_aranges  0x0000000000000000      0xbe8
 .debug_aranges
                0x0000000000000000       0x20 /home/vagrant/RIOT/Iot_Guided_Tour/Handheld/bin/octa/cpu/vectors.o
 .debug_aranges
                0x0000000000000020       0xb8 /home/vagrant/RIOT/Iot_Guided_Tour/Handheld/bin/octa/newlib_syscalls_default/syscalls.o
 .debug_aranges
                0x00000000000000d8       0x38 /home/vagrant/RIOT/Iot_Guided_Tour/Handheld/bin/octa/core.a(sched.o)
 .debug_aranges
                0x0000000000000110       0x60 /home/vagrant/RIOT/Iot_Guided_Tour/Handheld/bin/octa/cortexm_common.a(thread_arch.o)
 .debug_aranges
                0x0000000000000170       0x68 /home/vagrant/RIOT/Iot_Guided_Tour/Handheld/bin/octa/cortexm_common.a(vectors_cortexm.o)
 .debug_aranges
                0x00000000000001d8       0x38 /home/vagrant/RIOT/Iot_Guided_Tour/Handheld/bin/octa/cortexm_common.a(irq_arch.o)
 .debug_aranges
                0x0000000000000210       0x30 /home/vagrant/RIOT/Iot_Guided_Tour/Handheld/bin/octa/stdio_uart.a(stdio_uart.o)
 .debug_aranges
                0x0000000000000240       0x50 /home/vagrant/RIOT/Iot_Guided_Tour/Handheld/bin/octa/stm32_common_periph.a(uart.o)
 .debug_aranges
                0x0000000000000290       0x78 /home/vagrant/RIOT/Iot_Guided_Tour/Handheld/bin/octa/stm32_common_periph.a(gpio.o)
 .debug_aranges
                0x0000000000000308       0x78 /home/vagrant/RIOT/Iot_Guided_Tour/Handheld/bin/octa/xtimer.a(xtimer_core.o)
 .debug_aranges
                0x0000000000000380       0x20 /home/vagrant/RIOT/Iot_Guided_Tour/Handheld/bin/octa/periph_common.a(pm.o)
 .debug_aranges
                0x00000000000003a0       0x20 /home/vagrant/RIOT/Iot_Guided_Tour/Handheld/bin/octa/board.a(board.o)
 .debug_aranges
                0x00000000000003c0       0x28 /home/vagrant/RIOT/Iot_Guided_Tour/Handheld/bin/octa/core.a(panic.o)
 .debug_aranges
                0x00000000000003e8       0x30 /home/vagrant/RIOT/Iot_Guided_Tour/Handheld/bin/octa/core.a(kernel_init.o)
 .debug_aranges
                0x0000000000000418       0x60 /home/vagrant/RIOT/Iot_Guided_Tour/Handheld/bin/octa/core.a(thread.o)
 .debug_aranges
                0x0000000000000478       0x20 /home/vagrant/RIOT/Iot_Guided_Tour/Handheld/bin/octa/core.a(assert.o)
 .debug_aranges
                0x0000000000000498       0x28 /home/vagrant/RIOT/Iot_Guided_Tour/Handheld/bin/octa/cortexm_common_periph.a(pm.o)
 .debug_aranges
                0x00000000000004c0       0x48 /home/vagrant/RIOT/Iot_Guided_Tour/Handheld/bin/octa/isrpipe.a(isrpipe.o)
 .debug_aranges
                0x0000000000000508       0x20 /home/vagrant/RIOT/Iot_Guided_Tour/Handheld/bin/octa/ps.a(ps.o)
 .debug_aranges
                0x0000000000000528       0x20 /home/vagrant/RIOT/Iot_Guided_Tour/Handheld/bin/octa/stm32_common.a(cpu_init.o)
 .debug_aranges
                0x0000000000000548       0x38 /home/vagrant/RIOT/Iot_Guided_Tour/Handheld/bin/octa/stm32_common.a(cpu_common.o)
 .debug_aranges
                0x0000000000000580       0x60 /home/vagrant/RIOT/Iot_Guided_Tour/Handheld/bin/octa/stm32_common_periph.a(timer.o)
 .debug_aranges
                0x00000000000005e0       0x48 /home/vagrant/RIOT/Iot_Guided_Tour/Handheld/bin/octa/tsrb.a(tsrb.o)
 .debug_aranges
                0x0000000000000628       0x20 /home/vagrant/RIOT/Iot_Guided_Tour/Handheld/bin/octa/periph_common.a(init.o)
 .debug_aranges
                0x0000000000000648       0x60 /home/vagrant/RIOT/Iot_Guided_Tour/Handheld/bin/octa/application_shell.a(main.o)
 .debug_aranges
                0x00000000000006a8       0x48 /home/vagrant/RIOT/Iot_Guided_Tour/Handheld/bin/octa/application_shell.a(lora_d7.o)
 .debug_aranges
                0x00000000000006f0       0x20 /home/vagrant/RIOT/Iot_Guided_Tour/Handheld/bin/octa/auto_init.a(auto_init.o)
 .debug_aranges
                0x0000000000000710       0x20 /home/vagrant/RIOT/Iot_Guided_Tour/Handheld/bin/octa/auto_init_saul.a(auto_init_gpio.o)
 .debug_aranges
                0x0000000000000730       0x30 /home/vagrant/RIOT/Iot_Guided_Tour/Handheld/bin/octa/core.a(mutex.o)
 .debug_aranges
                0x0000000000000760       0x20 /home/vagrant/RIOT/Iot_Guided_Tour/Handheld/bin/octa/cortexm_common.a(cortexm_init.o)
 .debug_aranges
                0x0000000000000780       0x20 /home/vagrant/RIOT/Iot_Guided_Tour/Handheld/bin/octa/cpu.a(stmclk.o)
 .debug_aranges
                0x00000000000007a0       0x80 /home/vagrant/RIOT/Iot_Guided_Tour/Handheld/bin/octa/lsm303agr.a(lsm303agr.o)
 .debug_aranges
                0x0000000000000820       0xa8 /home/vagrant/RIOT/Iot_Guided_Tour/Handheld/bin/octa/oss7_modem.a(modem.o)
 .debug_aranges
                0x00000000000008c8       0x90 /home/vagrant/RIOT/Iot_Guided_Tour/Handheld/bin/octa/oss7_modem.a(alp.o)
 .debug_aranges
                0x0000000000000958       0x70 /home/vagrant/RIOT/Iot_Guided_Tour/Handheld/bin/octa/oss7_modem.a(fifo.o)
 .debug_aranges
                0x00000000000009c8       0x28 /home/vagrant/RIOT/Iot_Guided_Tour/Handheld/bin/octa/saul.a(gpio_saul.o)
 .debug_aranges
                0x00000000000009f0       0x20 /home/vagrant/RIOT/Iot_Guided_Tour/Handheld/bin/octa/saul.a(saul.o)
 .debug_aranges
                0x0000000000000a10       0x50 /home/vagrant/RIOT/Iot_Guided_Tour/Handheld/bin/octa/saul_reg.a(saul_reg.o)
 .debug_aranges
                0x0000000000000a60       0x48 /home/vagrant/RIOT/Iot_Guided_Tour/Handheld/bin/octa/stm32_common.a(stmclk_common.o)
 .debug_aranges
                0x0000000000000aa8       0x78 /home/vagrant/RIOT/Iot_Guided_Tour/Handheld/bin/octa/stm32_common_periph.a(i2c_1.o)
 .debug_aranges
                0x0000000000000b20       0x90 /home/vagrant/RIOT/Iot_Guided_Tour/Handheld/bin/octa/xtimer.a(xtimer.o)
 .debug_aranges
                0x0000000000000bb0       0x38 /home/vagrant/RIOT/Iot_Guided_Tour/Handheld/bin/octa/periph_common.a(i2c.o)

.debug_ranges   0x0000000000000000     0x1330
 .debug_ranges  0x0000000000000000       0x10 /home/vagrant/RIOT/Iot_Guided_Tour/Handheld/bin/octa/cpu/vectors.o
 .debug_ranges  0x0000000000000010      0x108 /home/vagrant/RIOT/Iot_Guided_Tour/Handheld/bin/octa/newlib_syscalls_default/syscalls.o
 .debug_ranges  0x0000000000000118       0x88 /home/vagrant/RIOT/Iot_Guided_Tour/Handheld/bin/octa/core.a(sched.o)
 .debug_ranges  0x00000000000001a0       0x80 /home/vagrant/RIOT/Iot_Guided_Tour/Handheld/bin/octa/cortexm_common.a(thread_arch.o)
 .debug_ranges  0x0000000000000220       0x58 /home/vagrant/RIOT/Iot_Guided_Tour/Handheld/bin/octa/cortexm_common.a(vectors_cortexm.o)
 .debug_ranges  0x0000000000000278       0x28 /home/vagrant/RIOT/Iot_Guided_Tour/Handheld/bin/octa/cortexm_common.a(irq_arch.o)
 .debug_ranges  0x00000000000002a0       0x20 /home/vagrant/RIOT/Iot_Guided_Tour/Handheld/bin/octa/stdio_uart.a(stdio_uart.o)
 .debug_ranges  0x00000000000002c0       0x70 /home/vagrant/RIOT/Iot_Guided_Tour/Handheld/bin/octa/stm32_common_periph.a(uart.o)
 .debug_ranges  0x0000000000000330       0xb8 /home/vagrant/RIOT/Iot_Guided_Tour/Handheld/bin/octa/stm32_common_periph.a(gpio.o)
 .debug_ranges  0x00000000000003e8      0x250 /home/vagrant/RIOT/Iot_Guided_Tour/Handheld/bin/octa/xtimer.a(xtimer_core.o)
 .debug_ranges  0x0000000000000638       0x10 /home/vagrant/RIOT/Iot_Guided_Tour/Handheld/bin/octa/periph_common.a(pm.o)
 .debug_ranges  0x0000000000000648       0x10 /home/vagrant/RIOT/Iot_Guided_Tour/Handheld/bin/octa/board.a(board.o)
 .debug_ranges  0x0000000000000658       0x18 /home/vagrant/RIOT/Iot_Guided_Tour/Handheld/bin/octa/core.a(panic.o)
 .debug_ranges  0x0000000000000670       0x20 /home/vagrant/RIOT/Iot_Guided_Tour/Handheld/bin/octa/core.a(kernel_init.o)